<html>
<body>
<pre>
<h1>µVision Build Log</h1>
<h2>Tool Versions:</h2>
IDE-Version: ¦ÌVision V5.26.2.0
Copyright (C) 2018 ARM Ltd and ARM Germany GmbH. All rights reserved.
License Information: admin,  , LIC=R4HPC-7RCNQ-NSMYQ-NKIF6-DTA5T-Z9338
 
Tool Versions:
Toolchain:       MDK-ARM Professional  Version: 5.26.2.0
Toolchain Path:  D:\Keil_v5\ARM\ARMCC\Bin
C Compiler:      Armcc.exe V5.06 update 6 (build 750)
Assembler:       Armasm.exe V5.06 update 6 (build 750)
Linker/Locator:  ArmLink.exe V5.06 update 6 (build 750)
Library Manager: ArmAr.exe V5.06 update 6 (build 750)
Hex Converter:   FromElf.exe V5.06 update 6 (build 750)
CPU DLL:         SARMCM3.DLL V5.26.2.0
Dialog DLL:      DCM.DLL V1.17.2.0
Target DLL:      STLink\ST-LINKIII-KEIL_SWO.dll V3.0.5.0
Dialog DLL:      TCM.DLL V1.36.1.0
 
<h2>Project:</h2>
D:\code\STM32\F103\smart-agriculture\stm32\USER\app.uvprojx
Project File Date:  10/06/2023

<h2>Output:</h2>
*** Using Compiler 'V5.06 update 6 (build 750)', folder: 'D:\Keil_v5\ARM\ARMCC\Bin'
Rebuild target 'Target 1'
compiling iwdg.c...
compiling aht21.c...
compiling led.c...
compiling iic.c...
compiling ens160.c...
compiling esp8266.c...
..\HARDWARE\ESP8266\esp8266.c(106): warning:  #177-D: variable "p"  was declared but never referenced
  	char* p;
..\HARDWARE\ESP8266\esp8266.c: 1 warning, 0 errors
compiling bh1750.c...
assembling startup_stm32f10x_md.s...
compiling adc1.c...
compiling stm32f10x_it.c...
compiling system_stm32f10x.c...
compiling oled.c...
compiling delay.c...
compiling usart1.c...
compiling usart3.c...
compiling sys.c...
compiling main.c...
compiling misc.c...
compiling core_cm3.c...
compiling stm32f10x_usart.c...
compiling stm32f10x_gpio.c...
compiling cpu_core.c...
assembling cpu_a.asm...
compiling stm32f10x_rcc.c...
compiling stm32f10x_flash.c...
compiling stm32f10x_iwdg.c...
compiling bsp.c...
compiling stm32f10x_adc.c...
compiling stm32f10x_tim.c...
assembling lib_mem_a.asm...
compiling lib_ascii.c...
compiling cpu_c.c...
compiling lib_math.c...
compiling os_cfg_app.c...
compiling lib_mem.c...
compiling lib_str.c...
compiling os_core.c...
compiling os_dbg.c...
compiling os_int.c...
compiling os_mem.c...
compiling os_msg.c...
compiling os_flag.c...
compiling os_pend_multi.c...
compiling os_prio.c...
compiling os_mutex.c...
compiling os_stat.c...
compiling os_q.c...
compiling os_sem.c...
assembling os_cpu_a.s...
compiling os_tick.c...
compiling os_var.c...
compiling os_time.c...
compiling os_task.c...
compiling os_tmr.c...
compiling os_app_hooks.c...
compiling os_cpu_c.c...
linking...
Program Size: Code=48878 RO-data=3466 RW-data=1016 ZI-data=19312  
FromELF: creating hex file...
"..\OBJ\MALLOC.axf" - 0 Error(s), 1 Warning(s).

<h2>Software Packages used:</h2>

Package Vendor: Keil
                https://www.keil.com/pack/Keil.STM32F1xx_DFP.2.4.1.pack
                Keil.STM32F1xx_DFP.2.4.1
                STMicroelectronics STM32F1 Series Device Support, Drivers and Examples

<h2>Collection of Component include folders:</h2>
  .\RTE\_Target_1
  D:\Keil_v5\ARM\PACK\Keil\STM32F1xx_DFP\2.4.1\Device\Include

<h2>Collection of Component Files used:</h2>
Build Time Elapsed:  00:00:04
</pre>
</body>
</html>
