Component: ARM Compiler 5.05 update 1 (build 106) Tool: armlink [4d0efa]

==============================================================================

Section Cross References

    main.o(.text) refers to _printf_percent.o(.ARM.Collect$$_printf_percent$$00000000) for _printf_percent
    main.o(.text) refers to _printf_d.o(.ARM.Collect$$_printf_percent$$00000009) for _printf_d
    main.o(.text) refers to _printf_dec.o(.text) for _printf_int_dec
    main.o(.text) refers to cpu_a.o(.text) for CPU_SR_Save
    main.o(.text) refers to os_core.o(.text) for OS_Sched0
    main.o(.text) refers to noretval__2printf.o(.text) for __2printf
    main.o(.text) refers to os_time.o(.text) for OSTimeDlyHMSM
    main.o(.text) refers to cpu_core.o(.text) for CPU_Init
    main.o(.text) refers to os_stat.o(.text) for OSStatTaskCPUUsageInit
    main.o(.text) refers to os_task.o(.text) for OSTaskCreate
    main.o(.text) refers to system_stm32f10x.o(.text) for SystemInit
    main.o(.text) refers to delay.o(.text) for delay_init
    main.o(.text) refers to misc.o(.text) for NVIC_PriorityGroupConfig
    main.o(.text) refers to usart.o(.text) for uart_init
    main.o(.text) refers to led.o(.text) for LED_Init
    main.o(.text) refers to os_var.o(.data) for OSSchedLockNestingCtr
    main.o(.text) refers to os_var.o(.data) for OSIntQNbrEntries
    main.o(.text) refers to main.o(.bss) for .bss
    system_stm32f10x.o(.text) refers to system_stm32f10x.o(.data) for .data
    led.o(.text) refers to stm32f10x_rcc.o(.text) for RCC_APB2PeriphClockCmd
    led.o(.text) refers to stm32f10x_gpio.o(.text) for GPIO_Init
    delay.o(.text) refers to os_core.o(.text) for OSSchedLock
    delay.o(.text) refers to os_time.o(.text) for OSTimeDly
    delay.o(.text) refers to misc.o(.text) for SysTick_CLKSourceConfig
    delay.o(.text) refers to os_var.o(.data) for OSRunning
    delay.o(.text) refers to system_stm32f10x.o(.data) for SystemCoreClock
    delay.o(.text) refers to delay.o(.data) for .data
    delay.o(.text) refers to os_cfg_app.o(.constdata) for OSCfg_TickRate_Hz
    delay.o(.text) refers to os_var.o(.data) for OSIntNestingCtr
    usart.o(.text) refers (Special) to use_no_semi_2.o(.text) for __use_no_semihosting
    usart.o(.text) refers to stm32f10x_rcc.o(.text) for RCC_APB2PeriphClockCmd
    usart.o(.text) refers to stm32f10x_usart.o(.text) for USART_DeInit
    usart.o(.text) refers to stm32f10x_gpio.o(.text) for GPIO_Init
    usart.o(.text) refers to misc.o(.text) for NVIC_Init
    usart.o(.text) refers to os_core.o(.text) for OSIntEnter
    usart.o(.text) refers to usart.o(.data) for .data
    usart.o(.text) refers to usart.o(.bss) for .bss
    usart.o(.bss) refers (Special) to use_no_semi_2.o(.text) for __use_no_semihosting
    usart.o(.data) refers (Special) to use_no_semi_2.o(.text) for __use_no_semihosting
    usart.o(.data) refers (Special) to use_no_semi_2.o(.text) for __use_no_semihosting
    startup_stm32f10x_md.o(STACK) refers (Special) to heapauxi.o(.text) for __use_two_region_memory
    startup_stm32f10x_md.o(HEAP) refers (Special) to heapauxi.o(.text) for __use_two_region_memory
    startup_stm32f10x_md.o(RESET) refers (Special) to heapauxi.o(.text) for __use_two_region_memory
    startup_stm32f10x_md.o(RESET) refers to startup_stm32f10x_md.o(STACK) for __initial_sp
    startup_stm32f10x_md.o(RESET) refers to startup_stm32f10x_md.o(.text) for Reset_Handler
    startup_stm32f10x_md.o(RESET) refers to stm32f10x_it.o(.text) for NMI_Handler
    startup_stm32f10x_md.o(RESET) refers to os_cpu_a.o(CODE) for PendSV_Handler
    startup_stm32f10x_md.o(RESET) refers to delay.o(.text) for SysTick_Handler
    startup_stm32f10x_md.o(RESET) refers to usart.o(.text) for USART1_IRQHandler
    startup_stm32f10x_md.o(.text) refers (Special) to heapauxi.o(.text) for __use_two_region_memory
    startup_stm32f10x_md.o(.text) refers to system_stm32f10x.o(.text) for SystemInit
    startup_stm32f10x_md.o(.text) refers to __main.o(!!!main) for __main
    startup_stm32f10x_md.o(.text) refers to startup_stm32f10x_md.o(HEAP) for Heap_Mem
    startup_stm32f10x_md.o(.text) refers to startup_stm32f10x_md.o(STACK) for Stack_Mem
    stm32f10x_gpio.o(.text) refers to stm32f10x_rcc.o(.text) for RCC_APB2PeriphResetCmd
    stm32f10x_usart.o(.text) refers to stm32f10x_rcc.o(.text) for RCC_APB2PeriphResetCmd
    stm32f10x_rcc.o(.text) refers to stm32f10x_rcc.o(.data) for .data
    bsp.o(.text) refers to stm32f10x_rcc.o(.text) for RCC_GetClocksFreq
    bsp.o(.text) refers to cpu_core.o(.text) for CPU_TS_TmrFreqSet
    bsp.o(.text) refers to lludivv7m.o(.text) for __aeabi_uldivmod
    cpu_core.o(.text) refers to cpu_a.o(.text) for CPU_SR_Save
    cpu_core.o(.text) refers to lib_mem.o(.text) for Mem_Clr
    cpu_core.o(.text) refers to bsp.o(.text) for CPU_TS_TmrInit
    cpu_core.o(.text) refers to lib_str.o(.text) for Str_Copy_N
    cpu_core.o(.text) refers to cpu_core.o(.bss) for .bss
    cpu_core.o(.text) refers to cpu_core.o(.data) for .data
[...]
    .data                                    0x200000c4   Section        4  os_var.o(.data)
    .data                                    0x200000c8   Section        4  os_var.o(.data)
    .data                                    0x200000cc   Section        4  os_var.o(.data)
    .data                                    0x200000d0   Section        1  os_var.o(.data)
    .data                                    0x200000d4   Section        4  os_var.o(.data)
    .data                                    0x200000d8   Section        4  os_var.o(.data)
    .data                                    0x200000dc   Section        4  os_var.o(.data)
    .data                                    0x200000e0   Section        2  os_var.o(.data)
    .data                                    0x200000e2   Section        1  os_var.o(.data)
    .data                                    0x200000e4   Section        4  os_var.o(.data)
    .data                                    0x200000e8   Section        4  os_var.o(.data)
    .data                                    0x200000ec   Section        4  os_var.o(.data)
    .data                                    0x200000f0   Section        2  os_var.o(.data)
    .data                                    0x200000f4   Section        4  os_var.o(.data)
    .data                                    0x200000f8   Section        4  os_var.o(.data)
    .data                                    0x200000fc   Section        4  os_var.o(.data)
    .data                                    0x20000100   Section        4  os_var.o(.data)
    .data                                    0x20000104   Section        4  os_var.o(.data)
    .data                                    0x20000108   Section        4  os_var.o(.data)
    .data                                    0x2000010c   Section        4  os_cpu_c.o(.data)
    .bss                                     0x20000110   Section     2124  main.o(.bss)
    .bss                                     0x2000095c   Section      200  usart.o(.bss)
    .bss                                     0x20000a24   Section       16  cpu_core.o(.bss)
    .bss                                     0x20000a34   Section     1096  lib_mem.o(.bss)
    .bss                                     0x20000e7c   Section      512  os_cfg_app.o(.bss)
    .bss                                     0x2000107c   Section      320  os_cfg_app.o(.bss)
    .bss                                     0x200011bc   Section      512  os_cfg_app.o(.bss)
    .bss                                     0x200013bc   Section      512  os_cfg_app.o(.bss)
    .bss                                     0x200015bc   Section     1600  os_cfg_app.o(.bss)
    .bss                                     0x20001bfc   Section      512  os_cfg_app.o(.bss)
    .bss                                     0x20001dfc   Section      512  os_cfg_app.o(.bss)
    .bss                                     0x20001ffc   Section      136  os_cfg_app.o(.bss)
    .bss                                     0x20002084   Section      512  os_cfg_app.o(.bss)
    .bss                                     0x20002284   Section      136  os_cfg_app.o(.bss)
    .bss                                     0x2000230c   Section      196  os_var.o(.bss)
    .bss                                     0x200023d0   Section      196  os_var.o(.bss)
    .bss                                     0x20002494   Section       12  os_var.o(.bss)
    .bss                                     0x200024a0   Section      768  os_var.o(.bss)
    .bss                                     0x200027a0   Section      196  os_var.o(.bss)
    .bss                                     0x20002864   Section      196  os_var.o(.bss)
    .bss                                     0x20002928   Section      196  os_var.o(.bss)
    .bss                                     0x200029ec   Section       96  libspace.o(.bss)
    HEAP                                     0x20002a50   Section      512  startup_stm32f10x_md.o(HEAP)
    Heap_Mem                                 0x20002a50   Data         512  startup_stm32f10x_md.o(HEAP)
    STACK                                    0x20002c50   Section     1024  startup_stm32f10x_md.o(STACK)
    Stack_Mem                                0x20002c50   Data        1024  startup_stm32f10x_md.o(STACK)
    __initial_sp                             0x20003050   Data           0  startup_stm32f10x_md.o(STACK)

    Global Symbols

    Symbol Name                              Value     Ov Type        Size  Object(Section)

    BuildAttributes$$THM_ISAv4$P$D$K$B$S$PE$A:L22UL41UL21$X:L11$S22US41US21$IEEE1$IW$USESV6$~STKCKD$USESV7$~SHL$OSPACE$ROPI$EBA8$UX$STANDARDLIB$REQ8$PRES8$EABIv2 0x00000000   Number         0  anon$$obj.o ABSOLUTE
    __ARM_use_no_argv                        0x00000000   Number         0  main.o ABSOLUTE
    __ARM_exceptions_init                     - Undefined Weak Reference
    __alloca_initialize                       - Undefined Weak Reference
    __arm_preinit_                            - Undefined Weak Reference
    __cpp_initialize__aeabi_                  - Undefined Weak Reference
    __cxa_finalize                            - Undefined Weak Reference
    __rt_locale                               - Undefined Weak Reference
    __sigvec_lookup                           - Undefined Weak Reference
    _atexit_init                              - Undefined Weak Reference
    _call_atexit_fns                          - Undefined Weak Reference
    _clock_init                               - Undefined Weak Reference
    _fp_trap_init                             - Undefined Weak Reference
    _fp_trap_shutdown                         - Undefined Weak Reference
    _get_lc_collate                           - Undefined Weak Reference
    _get_lc_ctype                             - Undefined Weak Reference
    _get_lc_monetary                          - Undefined Weak Reference
    _get_lc_numeric                           - Undefined Weak Reference
    _get_lc_time                              - Undefined Weak Reference
    _getenv_init                              - Undefined Weak Reference
    _handle_redirection                       - Undefined Weak Reference
    _init_alloc                               - Undefined Weak Reference
    _init_user_alloc                          - Undefined Weak Reference
    _initio                                   - Undefined Weak Reference
    _mutex_acquire                            - Undefined Weak Reference
    _mutex_release                            - Undefined Weak Reference
    _printf_post_padding                      - Undefined Weak Reference
    _printf_pre_padding                       - Undefined Weak Reference
    _printf_truncate_signed                   - Undefined Weak Reference
    _printf_truncate_unsigned                 - Undefined Weak Reference
    _rand_init                                - Undefined Weak Reference
    _signal_finish                            - Undefined Weak Reference
    _signal_init                              - Undefined Weak Reference
    _terminate_alloc                          - Undefined Weak Reference
    _terminate_user_alloc                     - Undefined Weak Reference
    _terminateio                              - Undefined Weak Reference
    __Vectors_Size                           0x000000ec   Number         0  startup_stm32f10x_md.o ABSOLUTE
    __Vectors                                0x08000000   Data           4  startup_stm32f10x_md.o(RESET)
    __Vectors_End                            0x080000ec   Data           0  startup_stm32f10x_md.o(RESET)
    __main                                   0x080000ed   Thumb Code     8  __main.o(!!!main)
    __scatterload                            0x080000f5   Thumb Code     0  __scatter.o(!!!scatter)
    __scatterload_rt2                        0x080000f5   Thumb Code    44  __scatter.o(!!!scatter)
    __scatterload_rt2_thumb_only             0x080000f5   Thumb Code     0  __scatter.o(!!!scatter)
    __scatterload_null                       0x08000103   Thumb Code     0  __scatter.o(!!!scatter)
    __scatterload_copy                       0x08000129   Thumb Code    26  __scatter_copy.o(!!handler_copy)
    __scatterload_zeroinit                   0x08000145   Thumb Code    28  __scatter_zi.o(!!handler_zi)
    _printf_d                                0x08000161   Thumb Code     0  _printf_d.o(.ARM.Collect$$_printf_percent$$00000009)
    _printf_percent                          0x08000161   Thumb Code     0  _printf_percent.o(.ARM.Collect$$_printf_percent$$00000000)
    _printf_percent_end                      0x08000167   Thumb Code     0  _printf_percent_end.o(.ARM.Collect$$_printf_percent$$00000017)
    __rt_lib_init                            0x0800016b   Thumb Code     0  libinit.o(.ARM.Collect$$libinit$$00000000)
    __rt_lib_init_alloca_1                   0x0800016d   Thumb Code     0  libinit2.o(.ARM.Collect$$libinit$$0000002E)
    __rt_lib_init_argv_1                     0x0800016d   Thumb Code     0  libinit2.o(.ARM.Collect$$libinit$$0000002C)
    __rt_lib_init_atexit_1                   0x0800016d   Thumb Code     0  libinit2.o(.ARM.Collect$$libinit$$0000001B)
    __rt_lib_init_clock_1                    0x0800016d   Thumb Code     0  libinit2.o(.ARM.Collect$$libinit$$00000021)
    __rt_lib_init_cpp_1                      0x0800016d   Thumb Code     0  libinit2.o(.ARM.Collect$$libinit$$00000032)
    __rt_lib_init_exceptions_1               0x0800016d   Thumb Code     0  libinit2.o(.ARM.Collect$$libinit$$00000030)
    __rt_lib_init_fp_1                       0x0800016d   Thumb Code     0  libinit2.o(.ARM.Collect$$libinit$$00000002)
    __rt_lib_init_fp_trap_1                  0x0800016d   Thumb Code     0  libinit2.o(.ARM.Collect$$libinit$$0000001F)
    __rt_lib_init_getenv_1                   0x0800016d   Thumb Code     0  libinit2.o(.ARM.Collect$$libinit$$00000023)
    __rt_lib_init_heap_1                     0x0800016d   Thumb Code     0  libinit2.o(.ARM.Collect$$libinit$$0000000A)
    __rt_lib_init_lc_collate_1               0x0800016d   Thumb Code     0  libinit2.o(.ARM.Collect$$libinit$$00000011)
    __rt_lib_init_lc_ctype_1                 0x0800016d   Thumb Code     0  libinit2.o(.ARM.Collect$$libinit$$00000013)
    __rt_lib_init_lc_monetary_1              0x0800016d   Thumb Code     0  libinit2.o(.ARM.Collect$$libinit$$00000015)
    __rt_lib_init_lc_numeric_1               0x0800016d   Thumb Code     0  libinit2.o(.ARM.Collect$$libinit$$00000017)
    __rt_lib_init_lc_time_1                  0x0800016d   Thumb Code     0  libinit2.o(.ARM.Collect$$libinit$$00000019)
    __rt_lib_init_preinit_1                  0x0800016d   Thumb Code     0  libinit2.o(.ARM.Collect$$libinit$$00000004)
    __rt_lib_init_rand_1                     0x0800016d   Thumb Code     0  libinit2.o(.ARM.Collect$$libinit$$0000000E)
    __rt_lib_init_return                     0x0800016d   Thumb Code     0  libinit2.o(.ARM.Collect$$libinit$$00000033)
    __rt_lib_init_signal_1                   0x0800016d   Thumb Code     0  libinit2.o(.ARM.Collect$$libinit$$0000001D)
    __rt_lib_init_stdio_1                    0x0800016d   Thumb Code     0  libinit2.o(.ARM.Collect$$libinit$$00000025)
    __rt_lib_init_user_alloc_1               0x0800016d   Thumb Code     0  libinit2.o(.ARM.Collect$$libinit$$0000000C)
    __rt_lib_shutdown                        0x0800016f   Thumb Code     0  libshutdown.o(.ARM.Collect$$libshutdown$$00000000)
    __rt_lib_shutdown_fp_trap_1              0x08000171   Thumb Code     0  libshutdown2.o(.ARM.Collect$$libshutdown$$00000006)
    __rt_lib_shutdown_heap_1                 0x08000171   Thumb Code     0  libshutdown2.o(.ARM.Collect$$libshutdown$$0000000E)
    __rt_lib_shutdown_return                 0x08000171   Thumb Code     0  libshutdown2.o(.ARM.Collect$$libshutdown$$0000000F)
    __rt_lib_shutdown_signal_1               0x08000171   Thumb Code     0  libshutdown2.o(.ARM.Collect$$libshutdown$$00000009)
    __rt_lib_shutdown_stdio_1                0x08000171   Thumb Code     0  libshutdown2.o(.ARM.Collect$$libshutdown$$00000003)
    __rt_lib_shutdown_user_alloc_1           0x08000171   Thumb Code     0  libshutdown2.o(.ARM.Collect$$libshutdown$$0000000B)
    __rt_entry                               0x08000173   Thumb Code     0  __rtentry.o(.ARM.Collect$$rtentry$$00000000)
    __rt_entry_presh_1                       0x08000173   Thumb Code     0  __rtentry2.o(.ARM.Collect$$rtentry$$00000002)
    __rt_entry_sh                            0x08000173   Thumb Code     0  __rtentry4.o(.ARM.Collect$$rtentry$$00000004)
    __rt_entry_li                            0x08000179   Thumb Code     0  __rtentry2.o(.ARM.Collect$$rtentry$$0000000A)
    __rt_entry_postsh_1                      0x08000179   Thumb Code     0  __rtentry2.o(.ARM.Collect$$rtentry$$00000009)
    __rt_entry_main                          0x0800017d   Thumb Code     0  __rtentry2.o(.ARM.Collect$$rtentry$$0000000D)
    __rt_entry_postli_1                      0x0800017d   Thumb Code     0  __rtentry2.o(.ARM.Collect$$rtentry$$0000000C)
    __rt_exit                                0x08000185   Thumb Code     0  rtexit.o(.ARM.Collect$$rtexit$$00000000)
    __rt_exit_ls                             0x08000187   Thumb Code     0  rtexit2.o(.ARM.Collect$$rtexit$$00000003)
    __rt_exit_prels_1                        0x08000187   Thumb Code     0  rtexit2.o(.ARM.Collect$$rtexit$$00000002)
    __rt_exit_exit                           0x0800018b   Thumb Code     0  rtexit2.o(.ARM.Collect$$rtexit$$00000004)
    task2_task                               0x08000191   Thumb Code    90  main.o(.text)
    task1_task                               0x080001eb   Thumb Code   102  main.o(.text)
    start_task                               0x08000251   Thumb Code   178  main.o(.text)
    main                                     0x08000303   Thumb Code   148  main.o(.text)
    NMI_Handler                              0x08000405   Thumb Code     2  stm32f10x_it.o(.text)
    HardFault_Handler                        0x08000407   Thumb Code     2  stm32f10x_it.o(.text)
    MemManage_Handler                        0x08000409   Thumb Code     2  stm32f10x_it.o(.text)
    BusFault_Handler                         0x0800040b   Thumb Code     2  stm32f10x_it.o(.text)
    UsageFault_Handler                       0x0800040d   Thumb Code     2  stm32f10x_it.o(.text)
    SVC_Handler                              0x0800040f   Thumb Code     2  stm32f10x_it.o(.text)
    DebugMon_Handler                         0x08000411   Thumb Code     2  stm32f10x_it.o(.text)
    SystemInit                               0x080004b5   Thumb Code    64  system_stm32f10x.o(.text)
    SystemCoreClockUpdate                    0x080004f5   Thumb Code    86  system_stm32f10x.o(.text)
    LED_Init                                 0x0800056d   Thumb Code    50  led.o(.text)
    delay_osschedlock                        0x080005a5   Thumb Code    10  delay.o(.text)
    delay_osschedunlock                      0x080005af   Thumb Code    10  delay.o(.text)
    delay_ostimedly                          0x080005b9   Thumb Code    12  delay.o(.text)
    SysTick_Handler                          0x080005c5   Thumb Code    28  delay.o(.text)
    delay_init                               0x080005e1   Thumb Code    76  delay.o(.text)
    delay_us                                 0x0800062d   Thumb Code    62  delay.o(.text)
    delay_ms                                 0x0800066b   Thumb Code    54  delay.o(.text)
    _sys_exit                                0x080006bd   Thumb Code     2  usart.o(.text)
    fputc                                    0x080006bf   Thumb Code    18  usart.o(.text)
    uart_init                                0x080006d1   Thumb Code   156  usart.o(.text)
    USART1_IRQHandler                        0x0800076d   Thumb Code    94  usart.o(.text)
    Reset_Handler                            0x080007dd   Thumb Code     8  startup_stm32f10x_md.o(.text)
    ADC1_2_IRQHandler                        0x080007f7   Thumb Code     0  startup_stm32f10x_md.o(.text)
    CAN1_RX1_IRQHandler                      0x080007f7   Thumb Code     0  startup_stm32f10x_md.o(.text)
    CAN1_SCE_IRQHandler                      0x080007f7   Thumb Code     0  startup_stm32f10x_md.o(.text)
    DMA1_Channel1_IRQHandler                 0x080007f7   Thumb Code     0  startup_stm32f10x_md.o(.text)
    DMA1_Channel2_IRQHandler                 0x080007f7   Thumb Code     0  startup_stm32f10x_md.o(.text)
    DMA1_Channel3_IRQHandler                 0x080007f7   Thumb Code     0  startup_stm32f10x_md.o(.text)
    DMA1_Channel4_IRQHandler                 0x080007f7   Thumb Code     0  startup_stm32f10x_md.o(.text)
    DMA1_Channel5_IRQHandler                 0x080007f7   Thumb Code     0  startup_stm32f10x_md.o(.text)
    DMA1_Channel6_IRQHandler                 0x080007f7   Thumb Code     0  startup_stm32f10x_md.o(.text)
    DMA1_Channel7_IRQHandler                 0x080007f7   Thumb Code     0  startup_stm32f10x_md.o(.text)
    EXTI0_IRQHandler                         0x080007f7   Thumb Code     0  startup_stm32f10x_md.o(.text)
    EXTI15_10_IRQHandler                     0x080007f7   Thumb Code     0  startup_stm32f10x_md.o(.text)
    EXTI1_IRQHandler                         0x080007f7   Thumb Code     0  startup_stm32f10x_md.o(.text)
    EXTI2_IRQHandler                         0x080007f7   Thumb Code     0  startup_stm32f10x_md.o(.text)
    EXTI3_IRQHandler                         0x080007f7   Thumb Code     0  startup_stm32f10x_md.o(.text)
    EXTI4_IRQHandler                         0x080007f7   Thumb Code     0  startup_stm32f10x_md.o(.text)
    EXTI9_5_IRQHandler                       0x080007f7   Thumb Code     0  startup_stm32f10x_md.o(.text)
    FLASH_IRQHandler                         0x080007f7   Thumb Code     0  startup_stm32f10x_md.o(.text)
    I2C1_ER_IRQHandler                       0x080007f7   Thumb Code     0  startup_stm32f10x_md.o(.text)
    I2C1_EV_IRQHandler                       0x080007f7   Thumb Code     0  startup_stm32f10x_md.o(.text)
    I2C2_ER_IRQHandler                       0x080007f7   Thumb Code     0  startup_stm32f10x_md.o(.text)
    I2C2_EV_IRQHandler                       0x080007f7   Thumb Code     0  startup_stm32f10x_md.o(.text)
    PVD_IRQHandler                           0x080007f7   Thumb Code     0  startup_stm32f10x_md.o(.text)
    RCC_IRQHandler                           0x080007f7   Thumb Code     0  startup_stm32f10x_md.o(.text)
    RTCAlarm_IRQHandler                      0x080007f7   Thumb Code     0  startup_stm32f10x_md.o(.text)
    RTC_IRQHandler                           0x080007f7   Thumb Code     0  startup_stm32f10x_md.o(.text)
    SPI1_IRQHandler                          0x080007f7   Thumb Code     0  startup_stm32f10x_md.o(.text)
    SPI2_IRQHandler                          0x080007f7   Thumb Code     0  startup_stm32f10x_md.o(.text)
    TAMPER_IRQHandler                        0x080007f7   Thumb Code     0  startup_stm32f10x_md.o(.text)
    TIM1_BRK_IRQHandler                      0x080007f7   Thumb Code     0  startup_stm32f10x_md.o(.text)
    TIM1_CC_IRQHandler                       0x080007f7   Thumb Code     0  startup_stm32f10x_md.o(.text)
    TIM1_TRG_COM_IRQHandler                  0x080007f7   Thumb Code     0  startup_stm32f10x_md.o(.text)
    TIM1_UP_IRQHandler                       0x080007f7   Thumb Code     0  startup_stm32f10x_md.o(.text)
    TIM2_IRQHandler                          0x080007f7   Thumb Code     0  startup_stm32f10x_md.o(.text)
    TIM3_IRQHandler                          0x080007f7   Thumb Code     0  startup_stm32f10x_md.o(.text)
    TIM4_IRQHandler                          0x080007f7   Thumb Code     0  startup_stm32f10x_md.o(.text)
    USART2_IRQHandler                        0x080007f7   Thumb Code     0  startup_stm32f10x_md.o(.text)
    USART3_IRQHandler                        0x080007f7   Thumb Code     0  startup_stm32f10x_md.o(.text)
    USBWakeUp_IRQHandler                     0x080007f7   Thumb Code     0  startup_stm32f10x_md.o(.text)
    USB_HP_CAN1_TX_IRQHandler                0x080007f7   Thumb Code     0  startup_stm32f10x_md.o(.text)
    USB_LP_CAN1_RX0_IRQHandler               0x080007f7   Thumb Code     0  startup_stm32f10x_md.o(.text)
    WWDG_IRQHandler                          0x080007f7   Thumb Code     0  startup_stm32f10x_md.o(.text)
    __user_initial_stackheap                 0x080007f9   Thumb Code     0  startup_stm32f10x_md.o(.text)
    NVIC_PriorityGroupConfig                 0x0800081d   Thumb Code    10  misc.o(.text)
    NVIC_Init                                0x08000827   Thumb Code    94  misc.o(.text)
    NVIC_SetVectorTable                      0x08000885   Thumb Code    14  misc.o(.text)
    NVIC_SystemLPConfig                      0x08000893   Thumb Code    20  misc.o(.text)
    SysTick_CLKSourceConfig                  0x080008a7   Thumb Code    24  misc.o(.text)
    GPIO_DeInit                              0x080008cd   Thumb Code   152  stm32f10x_gpio.o(.text)
    GPIO_AFIODeInit                          0x08000965   Thumb Code    22  stm32f10x_gpio.o(.text)
    GPIO_Init                                0x0800097b   Thumb Code   156  stm32f10x_gpio.o(.text)
    GPIO_StructInit                          0x08000a17   Thumb Code    16  stm32f10x_gpio.o(.text)
    GPIO_ReadInputDataBit                    0x08000a27   Thumb Code    14  stm32f10x_gpio.o(.text)
    GPIO_ReadInputData                       0x08000a35   Thumb Code     6  stm32f10x_gpio.o(.text)
    GPIO_ReadOutputDataBit                   0x08000a3b   Thumb Code    14  stm32f10x_gpio.o(.text)
    GPIO_ReadOutputData                      0x08000a49   Thumb Code     6  stm32f10x_gpio.o(.text)
    GPIO_SetBits                             0x08000a4f   Thumb Code     4  stm32f10x_gpio.o(.text)
    GPIO_ResetBits                           0x08000a53   Thumb Code     4  stm32f10x_gpio.o(.text)
    GPIO_WriteBit                            0x08000a57   Thumb Code    10  stm32f10x_gpio.o(.text)
    GPIO_Write                               0x08000a61   Thumb Code     4  stm32f10x_gpio.o(.text)
    GPIO_PinLockConfig                       0x08000a65   Thumb Code    16  stm32f10x_gpio.o(.text)
    GPIO_EventOutputConfig                   0x08000a75   Thumb Code    22  stm32f10x_gpio.o(.text)
    GPIO_EventOutputCmd                      0x08000a8b   Thumb Code     6  stm32f10x_gpio.o(.text)
    GPIO_PinRemapConfig                      0x08000a91   Thumb Code    82  stm32f10x_gpio.o(.text)
    GPIO_EXTILineConfig                      0x08000ae3   Thumb Code    34  stm32f10x_gpio.o(.text)
    GPIO_ETH_MediaInterfaceConfig            0x08000b05   Thumb Code     8  stm32f10x_gpio.o(.text)
    USART_DeInit                             0x08000b31   Thumb Code    96  stm32f10x_usart.o(.text)
    USART_Init                               0x08000b91   Thumb Code   166  stm32f10x_usart.o(.text)
    USART_StructInit                         0x08000c37   Thumb Code    22  stm32f10x_usart.o(.text)
    USART_ClockInit                          0x08000c4d   Thumb Code    30  stm32f10x_usart.o(.text)
    USART_ClockStructInit                    0x08000c6b   Thumb Code    12  stm32f10x_usart.o(.text)
    USART_Cmd                                0x08000c77   Thumb Code    20  stm32f10x_usart.o(.text)
    USART_ITConfig                           0x08000c8b   Thumb Code    48  stm32f10x_usart.o(.text)
    USART_DMACmd                             0x08000cbb   Thumb Code    16  stm32f10x_usart.o(.text)
    USART_SetAddress                         0x08000ccb   Thumb Code    16  stm32f10x_usart.o(.text)
    USART_WakeUpConfig                       0x08000cdb   Thumb Code    16  stm32f10x_usart.o(.text)
    USART_ReceiverWakeUpCmd                  0x08000ceb   Thumb Code    20  stm32f10x_usart.o(.text)
    USART_LINBreakDetectLengthConfig         0x08000cff   Thumb Code    16  stm32f10x_usart.o(.text)
    USART_LINCmd                             0x08000d0f   Thumb Code    20  stm32f10x_usart.o(.text)
    USART_SendData                           0x08000d23   Thumb Code     8  stm32f10x_usart.o(.text)
    USART_ReceiveData                        0x08000d2b   Thumb Code     8  stm32f10x_usart.o(.text)
    USART_SendBreak                          0x08000d33   Thumb Code    10  stm32f10x_usart.o(.text)
    USART_SetGuardTime                       0x08000d3d   Thumb Code    16  stm32f10x_usart.o(.text)
    USART_SetPrescaler                       0x08000d4d   Thumb Code    16  stm32f10x_usart.o(.text)
    USART_SmartCardCmd                       0x08000d5d   Thumb Code    20  stm32f10x_usart.o(.text)
    USART_SmartCardNACKCmd                   0x08000d71   Thumb Code    20  stm32f10x_usart.o(.text)
    USART_HalfDuplexCmd                      0x08000d85   Thumb Code    20  stm32f10x_usart.o(.text)
    USART_OverSampling8Cmd                   0x08000d99   Thumb Code    20  stm32f10x_usart.o(.text)
    USART_OneBitMethodCmd                    0x08000dad   Thumb Code    20  stm32f10x_usart.o(.text)
    USART_IrDAConfig                         0x08000dc1   Thumb Code    16  stm32f10x_usart.o(.text)
    USART_IrDACmd                            0x08000dd1   Thumb Code    20  stm32f10x_usart.o(.text)
    USART_GetFlagStatus                      0x08000de5   Thumb Code    14  stm32f10x_usart.o(.text)
    USART_ClearFlag                          0x08000df3   Thumb Code     6  stm32f10x_usart.o(.text)
    USART_GetITStatus                        0x08000df9   Thumb Code    62  stm32f10x_usart.o(.text)
    USART_ClearITPendingBit                  0x08000e37   Thumb Code    12  stm32f10x_usart.o(.text)
    RCC_DeInit                               0x08000e59   Thumb Code    50  stm32f10x_rcc.o(.text)
    RCC_HSEConfig                            0x08000e8b   Thumb Code    48  stm32f10x_rcc.o(.text)
    RCC_GetFlagStatus                        0x08000ebb   Thumb Code    42  stm32f10x_rcc.o(.text)
    RCC_WaitForHSEStartUp                    0x08000ee5   Thumb Code    44  stm32f10x_rcc.o(.text)
    RCC_AdjustHSICalibrationValue            0x08000f11   Thumb Code    16  stm32f10x_rcc.o(.text)
    RCC_HSICmd                               0x08000f21   Thumb Code     6  stm32f10x_rcc.o(.text)
    RCC_PLLConfig                            0x08000f27   Thumb Code    16  stm32f10x_rcc.o(.text)
    RCC_PLLCmd                               0x08000f37   Thumb Code     6  stm32f10x_rcc.o(.text)
    RCC_SYSCLKConfig                         0x08000f3d   Thumb Code    14  stm32f10x_rcc.o(.text)
    RCC_GetSYSCLKSource                      0x08000f4b   Thumb Code    10  stm32f10x_rcc.o(.text)
    RCC_HCLKConfig                           0x08000f55   Thumb Code    14  stm32f10x_rcc.o(.text)
    RCC_PCLK1Config                          0x08000f63   Thumb Code    14  stm32f10x_rcc.o(.text)
    RCC_PCLK2Config                          0x08000f71   Thumb Code    16  stm32f10x_rcc.o(.text)
    RCC_ITConfig                             0x08000f81   Thumb Code    18  stm32f10x_rcc.o(.text)
    RCC_USBCLKConfig                         0x08000f93   Thumb Code     8  stm32f10x_rcc.o(.text)
    RCC_ADCCLKConfig                         0x08000f9b   Thumb Code    14  stm32f10x_rcc.o(.text)
    RCC_LSEConfig                            0x08000fa9   Thumb Code    28  stm32f10x_rcc.o(.text)
    RCC_LSICmd                               0x08000fc5   Thumb Code     6  stm32f10x_rcc.o(.text)
    RCC_RTCCLKConfig                         0x08000fcb   Thumb Code    10  stm32f10x_rcc.o(.text)
    RCC_RTCCLKCmd                            0x08000fd5   Thumb Code     8  stm32f10x_rcc.o(.text)
    RCC_GetClocksFreq                        0x08000fdd   Thumb Code   132  stm32f10x_rcc.o(.text)
    RCC_AHBPeriphClockCmd                    0x08001061   Thumb Code    18  stm32f10x_rcc.o(.text)
    RCC_APB2PeriphClockCmd                   0x08001073   Thumb Code    18  stm32f10x_rcc.o(.text)
    RCC_APB1PeriphClockCmd                   0x08001085   Thumb Code    18  stm32f10x_rcc.o(.text)
    RCC_APB2PeriphResetCmd                   0x08001097   Thumb Code    18  stm32f10x_rcc.o(.text)
    RCC_APB1PeriphResetCmd                   0x080010a9   Thumb Code    18  stm32f10x_rcc.o(.text)
    RCC_BackupResetCmd                       0x080010bb   Thumb Code     8  stm32f10x_rcc.o(.text)
    RCC_ClockSecuritySystemCmd               0x080010c3   Thumb Code     6  stm32f10x_rcc.o(.text)
    RCC_MCOConfig                            0x080010c9   Thumb Code     6  stm32f10x_rcc.o(.text)
    RCC_ClearFlag                            0x080010cf   Thumb Code    12  stm32f10x_rcc.o(.text)
    RCC_GetITStatus                          0x080010db   Thumb Code    16  stm32f10x_rcc.o(.text)
    RCC_ClearITPendingBit                    0x080010eb   Thumb Code     6  stm32f10x_rcc.o(.text)
    BSP_CPU_ClkFreq                          0x08001111   Thumb Code    16  bsp.o(.text)
    CPU_TS_TmrInit                           0x08001121   Thumb Code    38  bsp.o(.text)
    CPU_TS_TmrRd                             0x08001147   Thumb Code     6  bsp.o(.text)
    CPU_TS32_to_uSec                         0x0800114d   Thumb Code    32  bsp.o(.text)
    CPU_NameClr                              0x08001179   Thumb Code    26  cpu_core.o(.text)
    CPU_Init                                 0x08001193   Thumb Code    18  cpu_core.o(.text)
    CPU_SW_Exception                         0x080011a5   Thumb Code     2  cpu_core.o(.text)
    CPU_NameGet                              0x080011a7   Thumb Code    46  cpu_core.o(.text)
    CPU_NameSet                              0x080011d5   Thumb Code    62  cpu_core.o(.text)
    CPU_TS_Get32                             0x08001213   Thumb Code     4  cpu_core.o(.text)
    CPU_TS_Update                            0x08001217   Thumb Code     2  cpu_core.o(.text)
    CPU_TS_TmrFreqGet                        0x08001219   Thumb Code    24  cpu_core.o(.text)
    CPU_TS_TmrFreqSet                        0x08001231   Thumb Code     6  cpu_core.o(.text)
    CPU_CntLeadZeros08                       0x08001237   Thumb Code    10  cpu_core.o(.text)
    CPU_CntLeadZeros16                       0x08001241   Thumb Code    10  cpu_core.o(.text)
    CPU_CntLeadZeros32                       0x0800124b   Thumb Code     4  cpu_core.o(.text)
    CPU_CntLeadZeros64                       0x0800124f   Thumb Code   152  cpu_core.o(.text)
    CPU_CntTrailZeros08                      0x080012e7   Thumb Code    10  cpu_core.o(.text)
    CPU_CntTrailZeros16                      0x080012f1   Thumb Code    10  cpu_core.o(.text)
    CPU_CntTrailZeros32                      0x080012fb   Thumb Code    10  cpu_core.o(.text)
    CPU_CntTrailZeros64                      0x08001305   Thumb Code    36  cpu_core.o(.text)
    CPU_IntDis                               0x08001335   Thumb Code     0  cpu_a.o(.text)
    CPU_IntEn                                0x08001339   Thumb Code     0  cpu_a.o(.text)
    CPU_SR_Save                              0x0800133d   Thumb Code     0  cpu_a.o(.text)
    CPU_SR_Restore                           0x08001345   Thumb Code     0  cpu_a.o(.text)
    CPU_WaitForInt                           0x0800134b   Thumb Code     0  cpu_a.o(.text)
    CPU_WaitForExcept                        0x0800134f   Thumb Code     0  cpu_a.o(.text)
    CPU_CntLeadZeros                         0x08001353   Thumb Code     0  cpu_a.o(.text)
    CPU_CntTrailZeros                        0x08001359   Thumb Code     0  cpu_a.o(.text)
    CPU_RevBits                              0x08001363   Thumb Code     0  cpu_a.o(.text)
    ASCII_IsAlpha                            0x08001369   Thumb Code    22  lib_ascii.o(.text)
    ASCII_IsAlphaNum                         0x0800137f   Thumb Code    28  lib_ascii.o(.text)
    ASCII_IsLower                            0x0800139b   Thumb Code    14  lib_ascii.o(.text)
    ASCII_IsUpper                            0x080013a9   Thumb Code    14  lib_ascii.o(.text)
    ASCII_IsDig                              0x080013b7   Thumb Code    14  lib_ascii.o(.text)
    ASCII_IsDigOct                           0x080013c5   Thumb Code    14  lib_ascii.o(.text)
    ASCII_IsDigHex                           0x080013d3   Thumb Code    28  lib_ascii.o(.text)
    ASCII_IsBlank                            0x080013ef   Thumb Code    16  lib_ascii.o(.text)
    ASCII_IsSpace                            0x080013ff   Thumb Code    32  lib_ascii.o(.text)
    ASCII_IsPrint                            0x0800141f   Thumb Code    14  lib_ascii.o(.text)
    ASCII_IsGraph                            0x0800142d   Thumb Code    14  lib_ascii.o(.text)
    ASCII_IsPunct                            0x0800143b   Thumb Code    58  lib_ascii.o(.text)
    ASCII_IsCtrl                             0x08001475   Thumb Code    22  lib_ascii.o(.text)
    ASCII_ToLower                            0x0800148b   Thumb Code    14  lib_ascii.o(.text)
    ASCII_ToUpper                            0x08001499   Thumb Code    14  lib_ascii.o(.text)
    ASCII_Cmp                                0x080014a7   Thumb Code    28  lib_ascii.o(.text)
    Mem_Init                                 0x080014c5   Thumb Code    54  lib_mem.o(.text)
    Mem_Set                                  0x080014fb   Thumb Code    62  lib_mem.o(.text)
    Mem_Clr                                  0x08001539   Thumb Code     6  lib_mem.o(.text)
    Mem_Move                                 0x0800153f   Thumb Code   116  lib_mem.o(.text)
    Mem_Cmp                                  0x080015b3   Thumb Code   126  lib_mem.o(.text)
    Mem_HeapAlloc                            0x08001689   Thumb Code   114  lib_mem.o(.text)
    Mem_SegGetSizeRem                        0x080016fb   Thumb Code    60  lib_mem.o(.text)
    Mem_HeapGetSizeRem                       0x08001737   Thumb Code     8  lib_mem.o(.text)
    Mem_PoolClr                              0x0800173f   Thumb Code    56  lib_mem.o(.text)
    Mem_PoolCreate                           0x08001777   Thumb Code   582  lib_mem.o(.text)
    Mem_PoolBlkGetNbrAvail                   0x080019bd   Thumb Code    26  lib_mem.o(.text)
    Mem_PoolBlkGet                           0x080019d7   Thumb Code    68  lib_mem.o(.text)
    Mem_PoolBlkGetUsedAtIx                   0x08001a1b   Thumb Code    62  lib_mem.o(.text)
    Mem_PoolBlkFree                          0x08001a59   Thumb Code   100  lib_mem.o(.text)
    Mem_PoolBlkIxGet                         0x08001abd   Thumb Code   104  lib_mem.o(.text)
    Str_Len_N                                0x08001b2d   Thumb Code    22  lib_str.o(.text)
    Str_Len                                  0x08001b43   Thumb Code     6  lib_str.o(.text)
    Str_Copy_N                               0x08001b49   Thumb Code    48  lib_str.o(.text)
    Str_Copy                                 0x08001b79   Thumb Code     6  lib_str.o(.text)
    Str_Cat_N                                0x08001b7f   Thumb Code    58  lib_str.o(.text)
    Str_Cat                                  0x08001bb9   Thumb Code     6  lib_str.o(.text)
    Str_Cmp_N                                0x08001bbf   Thumb Code    86  lib_str.o(.text)
    Str_Cmp                                  0x08001c15   Thumb Code     6  lib_str.o(.text)
    Str_CmpIgnoreCase_N                      0x08001c1b   Thumb Code   146  lib_str.o(.text)
    Str_CmpIgnoreCase                        0x08001cad   Thumb Code     6  lib_str.o(.text)
    Str_Char_N                               0x08001cb3   Thumb Code    46  lib_str.o(.text)
    Str_Char                                 0x08001ce1   Thumb Code     8  lib_str.o(.text)
    Str_Char_Last_N                          0x08001ce9   Thumb Code    44  lib_str.o(.text)
    Str_Char_Last                            0x08001d15   Thumb Code     8  lib_str.o(.text)
    Str_Char_Replace_N                       0x08001d1d   Thumb Code    40  lib_str.o(.text)
    Str_Char_Replace                         0x08001d45   Thumb Code     6  lib_str.o(.text)
    Str_Str_N                                0x08001d4b   Thumb Code   120  lib_str.o(.text)
    Str_Str                                  0x08001dc3   Thumb Code     6  lib_str.o(.text)
    Str_FmtNbr_Int32U                        0x08001f21   Thumb Code    24  lib_str.o(.text)
    Str_FmtNbr_Int32S                        0x08001f39   Thumb Code    40  lib_str.o(.text)
    Str_ParseNbr_Int32U                      0x0800209b   Thumb Code    12  lib_str.o(.text)
    Str_ParseNbr_Int32S                      0x080020a7   Thumb Code    42  lib_str.o(.text)
    Mem_Copy                                 0x080020d5   Thumb Code     0  lib_mem_a.o(.text)
    OSCfg_Init                               0x080022f5   Thumb Code     2  os_cfg_app.o(.text)
    OS_IdleTask                              0x080022f9   Thumb Code    30  os_core.o(.text)
    OS_IdleTaskInit                          0x08002317   Thumb Code    62  os_core.o(.text)
    OS_RdyListInit                           0x08002355   Thumb Code    30  os_core.o(.text)
    OSInit                                   0x08002373   Thumb Code   290  os_core.o(.text)
    OSIntEnter                               0x08002495   Thumb Code    22  os_core.o(.text)
    OSIntExit                                0x080024ab   Thumb Code   100  os_core.o(.text)
    OSSched                                  0x0800250f   Thumb Code    86  os_core.o(.text)
    OS_SchedLockTimeMeasStart                0x08002565   Thumb Code    20  os_core.o(.text)
    OSSchedLock                              0x08002579   Thumb Code    72  os_core.o(.text)
    OS_SchedLockTimeMeasStop                 0x080025c1   Thumb Code    42  os_core.o(.text)
    OSSchedUnlock                            0x080025eb   Thumb Code    92  os_core.o(.text)
    OSSchedRoundRobinCfg                     0x08002647   Thumb Code    60  os_core.o(.text)
    OS_RdyListMoveHeadToTail                 0x08002683   Thumb Code    52  os_core.o(.text)
    OSSchedRoundRobinYield                   0x080026b7   Thumb Code   264  os_core.o(.text)
    OSStart                                  0x080027bf   Thumb Code    62  os_core.o(.text)
    OSVersion                                0x080027fd   Thumb Code    10  os_core.o(.text)
    OS_PendDbgNameAdd                        0x08002807   Thumb Code    46  os_core.o(.text)
    OS_PendListInsertPrio                    0x08002835   Thumb Code    90  os_core.o(.text)
    OS_PendDataInit                          0x0800288f   Thumb Code    48  os_core.o(.text)
    OS_RdyListRemove                         0x080028bf   Thumb Code    78  os_core.o(.text)
    OS_TaskBlock                             0x0800290d   Thumb Code    42  os_core.o(.text)
    OS_Pend                                  0x08002937   Thumb Code    72  os_core.o(.text)
    OS_PendListRemove1                       0x0800297f   Thumb Code    54  os_core.o(.text)
    OS_PendListRemove                        0x080029b5   Thumb Code    38  os_core.o(.text)
    OS_PendAbort1                            0x080029db   Thumb Code    32  os_core.o(.text)
    OS_RdyListInsertHead                     0x080029fb   Thumb Code    52  os_core.o(.text)
    OS_RdyListInsertTail                     0x08002a2f   Thumb Code    48  os_core.o(.text)
    OS_RdyListInsert                         0x08002a5f   Thumb Code    38  os_core.o(.text)
    OS_TaskRdy                               0x08002a85   Thumb Code    26  os_core.o(.text)
    OS_PendAbort                             0x08002a9f   Thumb Code   134  os_core.o(.text)
    OS_PendDbgNameRemove                     0x08002b25   Thumb Code    22  os_core.o(.text)
    OS_PendListChangePrio                    0x08002b3b   Thumb Code   112  os_core.o(.text)
    OS_PendListInit                          0x08002bab   Thumb Code    10  os_core.o(.text)
    OS_PendListInsertHead                    0x08002bb5   Thumb Code    32  os_core.o(.text)
    OS_PendObjDel1                           0x08002bd5   Thumb Code    32  os_core.o(.text)
    OS_PendObjDel                            0x08002bf5   Thumb Code   126  os_core.o(.text)
    OS_Post1                                 0x08002c73   Thumb Code    38  os_core.o(.text)
    OS_Post                                  0x08002c99   Thumb Code   152  os_core.o(.text)
    OS_Sched0                                0x08002d31   Thumb Code    50  os_core.o(.text)
    OS_SchedRoundRobin                       0x08002d63   Thumb Code    80  os_core.o(.text)
    OS_Dbg_Init                              0x08002dd5   Thumb Code     2  os_dbg.o(.text)
    OS_FlagDbgListAdd                        0x08002dd9   Thumb Code    26  os_flag.o(.text)
    OSFlagCreate                             0x08002df3   Thumb Code   104  os_flag.o(.text)
    OS_FlagClr                               0x08002e5b   Thumb Code    16  os_flag.o(.text)
    OS_FlagDbgListRemove                     0x08002e6b   Thumb Code    36  os_flag.o(.text)
    OSFlagDel                                0x08002e8f   Thumb Code   344  os_flag.o(.text)
    OS_FlagBlock                             0x08002fe7   Thumb Code    28  os_flag.o(.text)
    OSFlagPend                               0x08003003   Thumb Code   584  os_flag.o(.text)
    OSFlagPendAbort                          0x0800324b   Thumb Code   196  os_flag.o(.text)
    OSFlagPendGetFlagsRdy                    0x0800330f   Thumb Code    44  os_flag.o(.text)
    OS_FlagTaskRdy                           0x0800333b   Thumb Code    68  os_flag.o(.text)
    OS_FlagPost                              0x0800337f   Thumb Code   294  os_flag.o(.text)
    OSFlagPost                               0x080034a5   Thumb Code   114  os_flag.o(.text)
    OS_FlagInit                              0x08003517   Thumb Code    14  os_flag.o(.text)
    OS_IntQPost                              0x08003541   Thumb Code   138  os_int.o(.text)
    OS_IntQRePost                            0x080035cb   Thumb Code   224  os_int.o(.text)
    OS_IntQTask                              0x080036ab   Thumb Code   106  os_int.o(.text)
    OS_IntQTaskInit                          0x08003715   Thumb Code   194  os_int.o(.text)
    OS_MemDbgListAdd                         0x08003869   Thumb Code    22  os_mem.o(.text)
    OSMemCreate                              0x0800387f   Thumb Code   186  os_mem.o(.text)
    OSMemGet                                 0x08003939   Thumb Code    60  os_mem.o(.text)
    OSMemPut                                 0x08003975   Thumb Code    70  os_mem.o(.text)
    OS_MemInit                               0x080039bb   Thumb Code    14  os_mem.o(.text)
    OS_MsgPoolCreate                         0x080039dd   Thumb Code    48  os_msg.o(.text)
    OS_MsgPoolInit                           0x08003a0d   Thumb Code    58  os_msg.o(.text)
    OS_MsgQFreeAll                           0x08003a47   Thumb Code    48  os_msg.o(.text)
    OS_MsgQInit                              0x08003a77   Thumb Code    14  os_msg.o(.text)
    OS_MsgQGet                               0x08003a85   Thumb Code    82  os_msg.o(.text)
    OS_MsgQPut                               0x08003ad7   Thumb Code   128  os_msg.o(.text)
    OS_MutexDbgListAdd                       0x08003b65   Thumb Code    26  os_mutex.o(.text)
    OSMutexCreate                            0x08003b7f   Thumb Code   112  os_mutex.o(.text)
    OS_MutexClr                              0x08003bef   Thumb Code    24  os_mutex.o(.text)
    OS_MutexDbgListRemove                    0x08003c07   Thumb Code    36  os_mutex.o(.text)
    OSMutexDel                               0x08003c2b   Thumb Code   470  os_mutex.o(.text)
    OSMutexPend                              0x08003e01   Thumb Code   490  os_mutex.o(.text)
    OSMutexPendAbort                         0x08003feb   Thumb Code   196  os_mutex.o(.text)
    OSMutexPost                              0x080040af   Thumb Code   364  os_mutex.o(.text)
    OS_MutexInit                             0x0800421b   Thumb Code    14  os_mutex.o(.text)
    OS_PrioInit                              0x08004249   Thumb Code    18  os_prio.o(.text)
    OS_PrioGetHighest                        0x0800425b   Thumb Code    32  os_prio.o(.text)
    OS_PrioInsert                            0x0800427b   Thumb Code    28  os_prio.o(.text)
    OS_PrioRemove                            0x08004297   Thumb Code    28  os_prio.o(.text)
    OS_QDbgListAdd                           0x080042b9   Thumb Code    26  os_q.o(.text)
    OSQCreate                                0x080042d3   Thumb Code   118  os_q.o(.text)
    OS_QClr                                  0x08004349   Thumb Code    40  os_q.o(.text)
    OS_QDbgListRemove                        0x08004371   Thumb Code    36  os_q.o(.text)
    OSQDel                                   0x08004395   Thumb Code   256  os_q.o(.text)
    OSQFlush                                 0x08004495   Thumb Code   116  os_q.o(.text)
    OSQPend                                  0x08004509   Thumb Code   344  os_q.o(.text)
    OSQPendAbort                             0x08004661   Thumb Code   236  os_q.o(.text)
    OS_QPost                                 0x0800474d   Thumb Code   194  os_q.o(.text)
    OSQPost                                  0x0800480f   Thumb Code   146  os_q.o(.text)
    OS_QInit                                 0x080048a1   Thumb Code    14  os_q.o(.text)
    OS_SemDbgListAdd                         0x080048c9   Thumb Code    26  os_sem.o(.text)
    OSSemCreate                              0x080048e3   Thumb Code   104  os_sem.o(.text)
    OS_SemClr                                0x0800494b   Thumb Code    22  os_sem.o(.text)
    OS_SemDbgListRemove                      0x08004961   Thumb Code    36  os_sem.o(.text)
    OSSemDel                                 0x08004985   Thumb Code   256  os_sem.o(.text)
    OSSemPend                                0x08004a85   Thumb Code   298  os_sem.o(.text)
    OSSemPendAbort                           0x08004baf   Thumb Code   196  os_sem.o(.text)
    OS_SemPost                               0x08004c73   Thumb Code   202  os_sem.o(.text)
    OSSemPost                                0x08004d3d   Thumb Code   114  os_sem.o(.text)
    OSSemSet                                 0x08004daf   Thumb Code    78  os_sem.o(.text)
    OS_SemInit                               0x08004dfd   Thumb Code    14  os_sem.o(.text)
    OSStatReset                              0x08004e1d   Thumb Code   150  os_stat.o(.text)
    OSStatTaskCPUUsageInit                   0x08004eb3   Thumb Code   126  os_stat.o(.text)
    OS_StatTask                              0x08004f31   Thumb Code   482  os_stat.o(.text)
    OS_StatTaskInit                          0x08005113   Thumb Code   120  os_stat.o(.text)
    OSTaskChangePrio                         0x0800521d   Thumb Code   240  os_task.o(.text)
    OS_TaskDbgListAdd                        0x0800530d   Thumb Code    30  os_task.o(.text)
    OS_TaskInitTCB                           0x0800532b   Thumb Code   180  os_task.o(.text)
    OSTaskCreate                             0x080053df   Thumb Code   400  os_task.o(.text)
    OS_TaskDbgListRemove                     0x0800556f   Thumb Code    50  os_task.o(.text)
    OSTaskDel                                0x080055a1   Thumb Code   310  os_task.o(.text)
    OSTaskQFlush                             0x080056d7   Thumb Code   106  os_task.o(.text)
    OSTaskQPend                              0x08005741   Thumb Code   328  os_task.o(.text)
    OSTaskQPendAbort                         0x08005889   Thumb Code   140  os_task.o(.text)
    OS_TaskQPost                             0x08005915   Thumb Code   222  os_task.o(.text)
    OSTaskQPost                              0x080059f3   Thumb Code    96  os_task.o(.text)
    OSTaskRegGet                             0x08005a53   Thumb Code    66  os_task.o(.text)
    OSTaskRegGetID                           0x08005a95   Thumb Code    42  os_task.o(.text)
    OSTaskRegSet                             0x08005abf   Thumb Code    40  os_task.o(.text)
    OS_TaskResume                            0x08005ae7   Thumb Code   184  os_task.o(.text)
    OSTaskResume                             0x08005b9f   Thumb Code    78  os_task.o(.text)
    OSTaskSemPend                            0x08005bed   Thumb Code   300  os_task.o(.text)
    OSTaskSemPendAbort                       0x08005d19   Thumb Code   148  os_task.o(.text)
    OS_TaskSemPost                           0x08005dad   Thumb Code   284  os_task.o(.text)
    OSTaskSemPost                            0x08005ec9   Thumb Code    78  os_task.o(.text)
    OSTaskSemSet                             0x08005f17   Thumb Code    52  os_task.o(.text)
    OSTaskStkChk                             0x08005f4b   Thumb Code   136  os_task.o(.text)
    OS_TaskSuspend                           0x08005fd3   Thumb Code   158  os_task.o(.text)
    OSTaskSuspend                            0x08006071   Thumb Code    64  os_task.o(.text)
    OSTaskTimeQuantaSet                      0x080060b1   Thumb Code    68  os_task.o(.text)
    OS_TaskInit                              0x080060f5   Thumb Code    18  os_task.o(.text)
    OS_TaskReturn                            0x08006107   Thumb Code    20  os_task.o(.text)
    OS_TickListRemove                        0x08006149   Thumb Code    54  os_tick.o(.text)
    OS_TickListUpdate                        0x0800617f   Thumb Code   304  os_tick.o(.text)
    OS_TickTask                              0x080062af   Thumb Code    36  os_tick.o(.text)
    OS_TickListInit                          0x080062d3   Thumb Code    34  os_tick.o(.text)
    OS_TickTaskInit                          0x080062f5   Thumb Code   114  os_tick.o(.text)
    OS_TickListInsert                        0x08006367   Thumb Code   202  os_tick.o(.text)
    OS_TickListResetPeak                     0x08006431   Thumb Code    30  os_tick.o(.text)
    OSTimeDly                                0x08006499   Thumb Code   158  os_time.o(.text)
    OSTimeDlyHMSM                            0x08006537   Thumb Code   308  os_time.o(.text)
    OSTimeDlyResume                          0x0800666b   Thumb Code   184  os_time.o(.text)
    OSTimeGet                                0x08006723   Thumb Code    24  os_time.o(.text)
    OSTimeSet                                0x0800673b   Thumb Code    24  os_time.o(.text)
    OSTimeTick                               0x08006753   Thumb Code    52  os_time.o(.text)
    OS_TmrDbgListAdd                         0x080067a9   Thumb Code    22  os_tmr.o(.text)
    OSTmrCreate                              0x080067bf   Thumb Code   168  os_tmr.o(.text)
    OS_TmrClr                                0x08006867   Thumb Code    34  os_tmr.o(.text)
    OS_TmrUnlink                             0x08006889   Thumb Code    68  os_tmr.o(.text)
    OS_TmrDbgListRemove                      0x080068cd   Thumb Code    36  os_tmr.o(.text)
    OSTmrDel                                 0x080068f1   Thumb Code   134  os_tmr.o(.text)
    OSTmrRemainGet                           0x08006977   Thumb Code   140  os_tmr.o(.text)
    OS_TmrLink                               0x08006a03   Thumb Code   140  os_tmr.o(.text)
    OSTmrStart                               0x08006a8f   Thumb Code   122  os_tmr.o(.text)
    OSTmrStateGet                            0x08006b09   Thumb Code    86  os_tmr.o(.text)
    OSTmrStop                                0x08006b5f   Thumb Code   226  os_tmr.o(.text)
    OS_TmrTask                               0x08006c41   Thumb Code   164  os_tmr.o(.text)
    OS_TmrInit                               0x08006ce5   Thumb Code   174  os_tmr.o(.text)
    OS_TmrResetPeak                          0x08006d93   Thumb Code    30  os_tmr.o(.text)
    OSIdleTaskHook                           0x08006e05   Thumb Code    12  os_cpu_c.o(.text)
    OSInitHook                               0x08006e11   Thumb Code    22  os_cpu_c.o(.text)
    OSStatTaskHook                           0x08006e27   Thumb Code    12  os_cpu_c.o(.text)
    OSTaskCreateHook                         0x08006e33   Thumb Code    12  os_cpu_c.o(.text)
    OSTaskDelHook                            0x08006e3f   Thumb Code    12  os_cpu_c.o(.text)
    OSTaskReturnHook                         0x08006e4b   Thumb Code    12  os_cpu_c.o(.text)
    OSTaskStkInit                            0x08006e57   Thumb Code    96  os_cpu_c.o(.text)
    OSTaskSwHook                             0x08006eb7   Thumb Code    72  os_cpu_c.o(.text)
    OSTimeTickHook                           0x08006eff   Thumb Code    12  os_cpu_c.o(.text)
    OS_CPU_SysTickHandler                    0x08006f0b   Thumb Code    30  os_cpu_c.o(.text)
    OS_CPU_SysTickInit                       0x08006f29   Thumb Code    36  os_cpu_c.o(.text)
    __use_no_semihosting                     0x08006f8d   Thumb Code     2  use_no_semi_2.o(.text)
    __aeabi_uldivmod                         0x08006f8f   Thumb Code     0  lludivv7m.o(.text)
    _ll_udiv                                 0x08006f8f   Thumb Code   238  lludivv7m.o(.text)
    __2printf                                0x0800707d   Thumb Code    20  noretval__2printf.o(.text)
    __printf                                 0x08007095   Thumb Code   104  __printf.o(.text)
    _printf_int_dec                          0x080070fd   Thumb Code   104  _printf_dec.o(.text)
    __use_two_region_memory                  0x08007175   Thumb Code     2  heapauxi.o(.text)
    __rt_heap_escrow$2region                 0x08007177   Thumb Code     2  heapauxi.o(.text)
    __rt_heap_expand$2region                 0x08007179   Thumb Code     2  heapauxi.o(.text)
    __I$use$semihosting                      0x0800717b   Thumb Code     0  use_no_semi.o(.text)
    __use_no_semihosting_swi                 0x0800717b   Thumb Code     2  use_no_semi.o(.text)
    _printf_int_common                       0x0800717d   Thumb Code   178  _printf_intcommon.o(.text)
    _printf_char_file                        0x08007231   Thumb Code    32  _printf_char_file.o(.text)
    _printf_char_common                      0x0800725f   Thumb Code    32  _printf_char_common.o(.text)
    ferror                                   0x08007285   Thumb Code     8  ferror.o(.text)
    __user_setup_stackheap                   0x0800728d   Thumb Code    74  sys_stackheap_outer.o(.text)
    exit                                     0x080072d7   Thumb Code    12  exit.o(.text)
    __user_libspace                          0x080072e5   Thumb Code     8  libspace.o(.text)
    __user_perproc_libspace                  0x080072e5   Thumb Code     0  libspace.o(.text)
    __user_perthread_libspace                0x080072e5   Thumb Code     0  libspace.o(.text)
    OSStartHighRdy                           0x080072ed   Thumb Code     0  os_cpu_a.o(CODE)
    OSCtxSw                                  0x0800730f   Thumb Code     0  os_cpu_a.o(CODE)
    OSIntCtxSw                               0x08007319   Thumb Code     0  os_cpu_a.o(CODE)
    PendSV_Handler                           0x08007323   Thumb Code     0  os_cpu_a.o(CODE)
    OSCfg_StatTaskPrio                       0x08007518   Data           1  os_cfg_app.o(.constdata)
    OSCfg_TickTaskPrio                       0x08007519   Data           1  os_cfg_app.o(.constdata)
    OSCfg_TmrTaskPrio                        0x0800751a   Data           1  os_cfg_app.o(.constdata)
    OSCfg_IntQSize                           0x0800751c   Data           2  os_cfg_app.o(.constdata)
    OSCfg_MsgPoolSize                        0x0800751e   Data           2  os_cfg_app.o(.constdata)
    OSCfg_TickWheelSize                      0x08007520   Data           2  os_cfg_app.o(.constdata)
    OSCfg_TmrWheelSize                       0x08007522   Data           2  os_cfg_app.o(.constdata)
    OSCfg_IdleTaskStkBasePtr                 0x08007524   Data           4  os_cfg_app.o(.constdata)
    OSCfg_IdleTaskStkLimit                   0x08007528   Data           4  os_cfg_app.o(.constdata)
    OSCfg_IdleTaskStkSize                    0x0800752c   Data           4  os_cfg_app.o(.constdata)
    OSCfg_IdleTaskStkSizeRAM                 0x08007530   Data           4  os_cfg_app.o(.constdata)
    OSCfg_IntQBasePtr                        0x08007534   Data           4  os_cfg_app.o(.constdata)
    OSCfg_IntQSizeRAM                        0x08007538   Data           4  os_cfg_app.o(.constdata)
    OSCfg_IntQTaskStkBasePtr                 0x0800753c   Data           4  os_cfg_app.o(.constdata)
    OSCfg_IntQTaskStkLimit                   0x08007540   Data           4  os_cfg_app.o(.constdata)
    OSCfg_IntQTaskStkSize                    0x08007544   Data           4  os_cfg_app.o(.constdata)
    OSCfg_IntQTaskStkSizeRAM                 0x08007548   Data           4  os_cfg_app.o(.constdata)
    OSCfg_ISRStkBasePtr                      0x0800754c   Data           4  os_cfg_app.o(.constdata)
    OSCfg_ISRStkSize                         0x08007550   Data           4  os_cfg_app.o(.constdata)
    OSCfg_ISRStkSizeRAM                      0x08007554   Data           4  os_cfg_app.o(.constdata)
    OSCfg_MsgPoolSizeRAM                     0x08007558   Data           4  os_cfg_app.o(.constdata)
    OSCfg_MsgPoolBasePtr                     0x0800755c   Data           4  os_cfg_app.o(.constdata)
    OSCfg_StatTaskRate_Hz                    0x08007560   Data           4  os_cfg_app.o(.constdata)
    OSCfg_StatTaskStkBasePtr                 0x08007564   Data           4  os_cfg_app.o(.constdata)
    OSCfg_StatTaskStkLimit                   0x08007568   Data           4  os_cfg_app.o(.constdata)
    OSCfg_StatTaskStkSize                    0x0800756c   Data           4  os_cfg_app.o(.constdata)
    OSCfg_StatTaskStkSizeRAM                 0x08007570   Data           4  os_cfg_app.o(.constdata)
    OSCfg_StkSizeMin                         0x08007574   Data           4  os_cfg_app.o(.constdata)
    OSCfg_TickRate_Hz                        0x08007578   Data           4  os_cfg_app.o(.constdata)
    OSCfg_TickTaskStkBasePtr                 0x0800757c   Data           4  os_cfg_app.o(.constdata)
    OSCfg_TickTaskStkLimit                   0x08007580   Data           4  os_cfg_app.o(.constdata)
    OSCfg_TickTaskStkSize                    0x08007584   Data           4  os_cfg_app.o(.constdata)
    OSCfg_TickTaskStkSizeRAM                 0x08007588   Data           4  os_cfg_app.o(.constdata)
    OSCfg_TickWheelSizeRAM                   0x0800758c   Data           4  os_cfg_app.o(.constdata)
    OSCfg_TmrTaskRate_Hz                     0x08007590   Data           4  os_cfg_app.o(.constdata)
    OSCfg_TmrTaskStkBasePtr                  0x08007594   Data           4  os_cfg_app.o(.constdata)
    OSCfg_TmrTaskStkLimit                    0x08007598   Data           4  os_cfg_app.o(.constdata)
    OSCfg_TmrTaskStkSize                     0x0800759c   Data           4  os_cfg_app.o(.constdata)
    OSCfg_TmrTaskStkSizeRAM                  0x080075a0   Data           4  os_cfg_app.o(.constdata)
    OSCfg_TmrWheelSizeRAM                    0x080075a4   Data           4  os_cfg_app.o(.constdata)
    OSCfg_DataSizeRAM                        0x080075a8   Data           4  os_cfg_app.o(.constdata)
    Region$$Table$$Base                      0x080075ac   Number         0  anon$$obj.o(Region$$Table)
    Region$$Table$$Limit                     0x080075cc   Number         0  anon$$obj.o(Region$$Table)
    SystemCoreClock                          0x20000000   Data           4  system_stm32f10x.o(.data)
    AHBPrescTable                            0x20000004   Data          16  system_stm32f10x.o(.data)
    USART_RX_STA                             0x20000018   Data           2  usart.o(.data)
    __stdout                                 0x2000001c   Data           4  usart.o(.data)
    CPU_TS_TmrFreq_Hz                        0x20000034   Data           4  cpu_core.o(.data)
    Mem_PoolTbl                              0x20000038   Data           4  lib_mem.o(.data)
    OSPrioTbl                                0x2000003c   Data           8  os_prio.o(.data)
    OS_AppTaskCreateHookPtr                  0x20000044   Data           4  os_var.o(.data)
    OS_AppTaskDelHookPtr                     0x20000048   Data           4  os_var.o(.data)
    OS_AppTaskReturnHookPtr                  0x2000004c   Data           4  os_var.o(.data)
    OS_AppIdleTaskHookPtr                    0x20000050   Data           4  os_var.o(.data)
    OS_AppStatTaskHookPtr                    0x20000054   Data           4  os_var.o(.data)
    OS_AppTaskSwHookPtr                      0x20000058   Data           4  os_var.o(.data)
    OS_AppTimeTickHookPtr                    0x2000005c   Data           4  os_var.o(.data)
    OSIdleTaskCtr                            0x20000060   Data           4  os_var.o(.data)
    OSIntNestingCtr                          0x20000064   Data           1  os_var.o(.data)
    OSRunning                                0x20000065   Data           1  os_var.o(.data)
    OSIntQInPtr                              0x20000068   Data           4  os_var.o(.data)
    OSIntQOutPtr                             0x2000006c   Data           4  os_var.o(.data)
    OSIntQNbrEntries                         0x20000070   Data           2  os_var.o(.data)
    OSIntQNbrEntriesMax                      0x20000072   Data           2  os_var.o(.data)
    OSIntQOvfCtr                             0x20000074   Data           2  os_var.o(.data)
    OSIntQTaskTimeMax                        0x20000078   Data           4  os_var.o(.data)
    OSFlagDbgListPtr                         0x2000007c   Data           4  os_var.o(.data)
    OSFlagQty                                0x20000080   Data           2  os_var.o(.data)
    OSMemDbgListPtr                          0x20000084   Data           4  os_var.o(.data)
    OSMemQty                                 0x20000088   Data           2  os_var.o(.data)
    OSMutexDbgListPtr                        0x2000008c   Data           4  os_var.o(.data)
    OSMutexQty                               0x20000090   Data           2  os_var.o(.data)
    OSPrioCur                                0x20000092   Data           1  os_var.o(.data)
    OSPrioHighRdy                            0x20000093   Data           1  os_var.o(.data)
    OSPrioSaved                              0x20000094   Data           1  os_var.o(.data)
    OSQDbgListPtr                            0x20000098   Data           4  os_var.o(.data)
    OSQQty                                   0x2000009c   Data           2  os_var.o(.data)
    OSSchedLockTimeBegin                     0x200000a0   Data           4  os_var.o(.data)
    OSSchedLockTimeMax                       0x200000a4   Data           4  os_var.o(.data)
    OSSchedLockTimeMaxCur                    0x200000a8   Data           4  os_var.o(.data)
    OSSchedLockNestingCtr                    0x200000ac   Data           1  os_var.o(.data)
    OSSchedRoundRobinDfltTimeQuanta          0x200000b0   Data           4  os_var.o(.data)
    OSSchedRoundRobinEn                      0x200000b4   Data           1  os_var.o(.data)
    OSSemDbgListPtr                          0x200000b8   Data           4  os_var.o(.data)
    OSSemQty                                 0x200000bc   Data           2  os_var.o(.data)
    OSStatResetFlag                          0x200000be   Data           1  os_var.o(.data)
    OSStatTaskCPUUsage                       0x200000c0   Data           2  os_var.o(.data)
    OSStatTaskCPUUsageMax                    0x200000c2   Data           2  os_var.o(.data)
    OSStatTaskCtr                            0x200000c4   Data           4  os_var.o(.data)
    OSStatTaskCtrMax                         0x200000c8   Data           4  os_var.o(.data)
    OSStatTaskCtrRun                         0x200000cc   Data           4  os_var.o(.data)
    OSStatTaskRdy                            0x200000d0   Data           1  os_var.o(.data)
    OSStatTaskTimeMax                        0x200000d4   Data           4  os_var.o(.data)
    OSTaskCtxSwCtr                           0x200000d8   Data           4  os_var.o(.data)
    OSTaskDbgListPtr                         0x200000dc   Data           4  os_var.o(.data)
    OSTaskQty                                0x200000e0   Data           2  os_var.o(.data)
    OSTaskRegNextAvailID                     0x200000e2   Data           1  os_var.o(.data)
    OSTickCtr                                0x200000e4   Data           4  os_var.o(.data)
    OSTickTaskTimeMax                        0x200000e8   Data           4  os_var.o(.data)
    OSTmrDbgListPtr                          0x200000ec   Data           4  os_var.o(.data)
    OSTmrQty                                 0x200000f0   Data           2  os_var.o(.data)
    OSTmrTaskTimeMax                         0x200000f4   Data           4  os_var.o(.data)
    OSTmrTickCtr                             0x200000f8   Data           4  os_var.o(.data)
    OSTmrUpdateCnt                           0x200000fc   Data           4  os_var.o(.data)
    OSTmrUpdateCtr                           0x20000100   Data           4  os_var.o(.data)
    OSTCBCurPtr                              0x20000104   Data           4  os_var.o(.data)
    OSTCBHighRdyPtr                          0x20000108   Data           4  os_var.o(.data)
    OS_CPU_ExceptStkBase                     0x2000010c   Data           4  os_cpu_c.o(.data)
    StartTaskTCB                             0x20000110   Data         196  main.o(.bss)
    START_TASK_STK                           0x200001d4   Data         512  main.o(.bss)
    Task1_TaskTCB                            0x200003d4   Data         196  main.o(.bss)
    TASK1_TASK_STK                           0x20000498   Data         512  main.o(.bss)
    Task2_TaskTCB                            0x20000698   Data         196  main.o(.bss)
    TASK2_TASK_STK                           0x2000075c   Data         512  main.o(.bss)
    USART_RX_BUF                             0x2000095c   Data         200  usart.o(.bss)
    CPU_Name                                 0x20000a24   Data          16  cpu_core.o(.bss)
    Mem_PoolHeap                             0x20000a34   Data          72  lib_mem.o(.bss)
    Mem_Heap                                 0x20000a7c   Data        1024  lib_mem.o(.bss)
    OSCfg_IdleTaskStk                        0x20000e7c   Data         512  os_cfg_app.o(.bss)
    OSCfg_IntQ                               0x2000107c   Data         320  os_cfg_app.o(.bss)
    OSCfg_IntQTaskStk                        0x200011bc   Data         512  os_cfg_app.o(.bss)
    OSCfg_ISRStk                             0x200013bc   Data         512  os_cfg_app.o(.bss)
    OSCfg_MsgPool                            0x200015bc   Data        1600  os_cfg_app.o(.bss)
    OSCfg_StatTaskStk                        0x20001bfc   Data         512  os_cfg_app.o(.bss)
    OSCfg_TickTaskStk                        0x20001dfc   Data         512  os_cfg_app.o(.bss)
    OSCfg_TickWheel                          0x20001ffc   Data         136  os_cfg_app.o(.bss)
    OSCfg_TmrTaskStk                         0x20002084   Data         512  os_cfg_app.o(.bss)
    OSCfg_TmrWheel                           0x20002284   Data         136  os_cfg_app.o(.bss)
    OSIdleTaskTCB                            0x2000230c   Data         196  os_var.o(.bss)
    OSIntQTaskTCB                            0x200023d0   Data         196  os_var.o(.bss)
    OSMsgPool                                0x20002494   Data          12  os_var.o(.bss)
    OSRdyList                                0x200024a0   Data         768  os_var.o(.bss)
    OSStatTaskTCB                            0x200027a0   Data         196  os_var.o(.bss)
    OSTickTaskTCB                            0x20002864   Data         196  os_var.o(.bss)
    OSTmrTaskTCB                             0x20002928   Data         196  os_var.o(.bss)
    __libspace_start                         0x200029ec   Data          96  libspace.o(.bss)
    __temporary_stack_top$libspace           0x20002a4c   Data           0  libspace.o(.bss)



==============================================================================

Memory Map of the image

  Image Entry point : 0x080000ed

  Load Region LR_IROM1 (Base: 0x08000000, Size: 0x000076dc, Max: 0x00010000, ABSOLUTE)

    Execution Region ER_IROM1 (Base: 0x08000000, Size: 0x000075cc, Max: 0x00010000, ABSOLUTE)

    Base Addr    Size         Type   Attr      Idx    E Section Name        Object

    0x08000000   0x000000ec   Data   RO          274    RESET               startup_stm32f10x_md.o
    0x080000ec   0x00000008   Code   RO          848  * !!!main             c_w.l(__main.o)
    0x080000f4   0x00000034   Code   RO         1025    !!!scatter          c_w.l(__scatter.o)
    0x08000128   0x0000001a   Code   RO         1027    !!handler_copy      c_w.l(__scatter_copy.o)
    0x08000142   0x00000002   PAD
    0x08000144   0x0000001c   Code   RO         1029    !!handler_zi        c_w.l(__scatter_zi.o)
    0x08000160   0x00000000   Code   RO          845    .ARM.Collect$$_printf_percent$$00000000  c_w.l(_printf_percent.o)
    0x08000160   0x00000006   Code   RO          844    .ARM.Collect$$_printf_percent$$00000009  c_w.l(_printf_d.o)
    0x08000166   0x00000004   Code   RO          861    .ARM.Collect$$_printf_percent$$00000017  c_w.l(_printf_percent_end.o)
    0x0800016a   0x00000002   Code   RO          900    .ARM.Collect$$libinit$$00000000  c_w.l(libinit.o)
    0x0800016c   0x00000000   Code   RO          913    .ARM.Collect$$libinit$$00000002  c_w.l(libinit2.o)
    0x0800016c   0x00000000   Code   RO          915    .ARM.Collect$$libinit$$00000004  c_w.l(libinit2.o)
    0x0800016c   0x00000000   Code   RO          918    .ARM.Collect$$libinit$$0000000A  c_w.l(libinit2.o)
    0x0800016c   0x00000000   Code   RO          920    .ARM.Collect$$libinit$$0000000C  c_w.l(libinit2.o)
    0x0800016c   0x00000000   Code   RO          922    .ARM.Collect$$libinit$$0000000E  c_w.l(libinit2.o)
    0x0800016c   0x00000000   Code   RO          925    .ARM.Collect$$libinit$$00000011  c_w.l(libinit2.o)
    0x0800016c   0x00000000   Code   RO          927    .ARM.Collect$$libinit$$00000013  c_w.l(libinit2.o)
    0x0800016c   0x00000000   Code   RO          929    .ARM.Collect$$libinit$$00000015  c_w.l(libinit2.o)
    0x0800016c   0x00000000   Code   RO          931    .ARM.Collect$$libinit$$00000017  c_w.l(libinit2.o)
    0x0800016c   0x00000000   Code   RO          933    .ARM.Collect$$libinit$$00000019  c_w.l(libinit2.o)
    0x0800016c   0x00000000   Code   RO          935    .ARM.Collect$$libinit$$0000001B  c_w.l(libinit2.o)
    0x0800016c   0x00000000   Code   RO          937    .ARM.Collect$$libinit$$0000001D  c_w.l(libinit2.o)
    0x0800016c   0x00000000   Code   RO          939    .ARM.Collect$$libinit$$0000001F  c_w.l(libinit2.o)
    0x0800016c   0x00000000   Code   RO          941    .ARM.Collect$$libinit$$00000021  c_w.l(libinit2.o)
    0x0800016c   0x00000000   Code   RO          943    .ARM.Collect$$libinit$$00000023  c_w.l(libinit2.o)
    0x0800016c   0x00000000   Code   RO          945    .ARM.Collect$$libinit$$00000025  c_w.l(libinit2.o)
    0x0800016c   0x00000000   Code   RO          949    .ARM.Collect$$libinit$$0000002C  c_w.l(libinit2.o)
    0x0800016c   0x00000000   Code   RO          951    .ARM.Collect$$libinit$$0000002E  c_w.l(libinit2.o)
    0x0800016c   0x00000000   Code   RO          953    .ARM.Collect$$libinit$$00000030  c_w.l(libinit2.o)
    0x0800016c   0x00000000   Code   RO          955    .ARM.Collect$$libinit$$00000032  c_w.l(libinit2.o)
    0x0800016c   0x00000002   Code   RO          956    .ARM.Collect$$libinit$$00000033  c_w.l(libinit2.o)
    0x0800016e   0x00000002   Code   RO          982    .ARM.Collect$$libshutdown$$00000000  c_w.l(libshutdown.o)
    0x08000170   0x00000000   Code   RO         1010    .ARM.Collect$$libshutdown$$00000003  c_w.l(libshutdown2.o)
    0x08000170   0x00000000   Code   RO         1013    .ARM.Collect$$libshutdown$$00000006  c_w.l(libshutdown2.o)
    0x08000170   0x00000000   Code   RO         1016    .ARM.Collect$$libshutdown$$00000009  c_w.l(libshutdown2.o)
    0x08000170   0x00000000   Code   RO         1018    .ARM.Collect$$libshutdown$$0000000B  c_w.l(libshutdown2.o)
    0x08000170   0x00000000   Code   RO         1021    .ARM.Collect$$libshutdown$$0000000E  c_w.l(libshutdown2.o)
    0x08000170   0x00000002   Code   RO         1022    .ARM.Collect$$libshutdown$$0000000F  c_w.l(libshutdown2.o)
    0x08000172   0x00000000   Code   RO          852    .ARM.Collect$$rtentry$$00000000  c_w.l(__rtentry.o)
    0x08000172   0x00000000   Code   RO          863    .ARM.Collect$$rtentry$$00000002  c_w.l(__rtentry2.o)
    0x08000172   0x00000006   Code   RO          875    .ARM.Collect$$rtentry$$00000004  c_w.l(__rtentry4.o)
    0x08000178   0x00000000   Code   RO          865    .ARM.Collect$$rtentry$$00000009  c_w.l(__rtentry2.o)
    0x08000178   0x00000004   Code   RO          866    .ARM.Collect$$rtentry$$0000000A  c_w.l(__rtentry2.o)
    0x0800017c   0x00000000   Code   RO          868    .ARM.Collect$$rtentry$$0000000C  c_w.l(__rtentry2.o)
    0x0800017c   0x00000008   Code   RO          869    .ARM.Collect$$rtentry$$0000000D  c_w.l(__rtentry2.o)
    0x08000184   0x00000002   Code   RO          904    .ARM.Collect$$rtexit$$00000000  c_w.l(rtexit.o)
    0x08000186   0x00000000   Code   RO          958    .ARM.Collect$$rtexit$$00000002  c_w.l(rtexit2.o)
    0x08000186   0x00000004   Code   RO          959    .ARM.Collect$$rtexit$$00000003  c_w.l(rtexit2.o)
    0x0800018a   0x00000006   Code   RO          960    .ARM.Collect$$rtexit$$00000004  c_w.l(rtexit2.o)
    0x08000190   0x00000274   Code   RO            1    .text               main.o
    0x08000404   0x0000000e   Code   RO          144    .text               stm32f10x_it.o
    0x08000412   0x00000002   PAD
    0x08000414   0x00000158   Code   RO          176    .text               system_stm32f10x.o
    0x0800056c   0x00000038   Code   RO          194    .text               led.o
    0x080005a4   0x00000118   Code   RO          206    .text               delay.o
    0x080006bc   0x00000120   Code   RO          238    .text               usart.o
    0x080007dc   0x00000040   Code   RO          275    .text               startup_stm32f10x_md.o
    0x0800081c   0x000000b0   Code   RO          279    .text               misc.o
    0x080008cc   0x00000264   Code   RO          291    .text               stm32f10x_gpio.o
    0x08000b30   0x00000328   Code   RO          303    .text               stm32f10x_usart.o
    0x08000e58   0x000002b8   Code   RO          315    .text               stm32f10x_rcc.o
    0x08001110   0x00000068   Code   RO          329    .text               bsp.o
    0x08001178   0x000001bc   Code   RO          345    .text               cpu_core.o
    0x08001334   0x00000034   Code   RO          385    .text               cpu_a.o
    0x08001368   0x0000015a   Code   RO          388    .text               lib_ascii.o
    0x080014c2   0x00000002   PAD
    0x080014c4   0x00000668   Code   RO          423    .text               lib_mem.o
    0x08001b2c   0x000005a8   Code   RO          442    .text               lib_str.o
    0x080020d4   0x00000220   Code   RO          460    .text               lib_mem_a.o
    0x080022f4   0x00000002   Code   RO          463    .text               os_cfg_app.o
    0x080022f6   0x00000002   PAD
    0x080022f8   0x00000adc   Code   RO          495    .text               os_core.o
    0x08002dd4   0x00000002   Code   RO          508    .text               os_dbg.o
    0x08002dd6   0x00000002   PAD
    0x08002dd8   0x00000768   Code   RO          524    .text               os_flag.o
    0x08003540   0x00000328   Code   RO          537    .text               os_int.o
    0x08003868   0x00000174   Code   RO          549    .text               os_mem.o
    0x080039dc   0x00000188   Code   RO          561    .text               os_msg.o
    0x08003b64   0x000006e4   Code   RO          573    .text               os_mutex.o
    0x08004248   0x00000070   Code   RO          592    .text               os_prio.o
    0x080042b8   0x00000610   Code   RO          611    .text               os_q.o
    0x080048c8   0x00000554   Code   RO          624    .text               os_sem.o
    0x08004e1c   0x00000400   Code   RO          637    .text               os_stat.o
    0x0800521c   0x00000f2c   Code   RO          649    .text               os_task.o
    0x08006148   0x00000350   Code   RO          661    .text               os_tick.o
    0x08006498   0x00000310   Code   RO          674    .text               os_time.o
    0x080067a8   0x0000065c   Code   RO          686    .text               os_tmr.o
    0x08006e04   0x00000188   Code   RO          777    .text               os_cpu_c.o
    0x08006f8c   0x00000002   Code   RO          812    .text               c_w.l(use_no_semi_2.o)
    0x08006f8e   0x000000ee   Code   RO          814    .text               c_w.l(lludivv7m.o)
    0x0800707c   0x00000018   Code   RO          818    .text               c_w.l(noretval__2printf.o)
    0x08007094   0x00000068   Code   RO          820    .text               c_w.l(__printf.o)
    0x080070fc   0x00000078   Code   RO          822    .text               c_w.l(_printf_dec.o)
    0x08007174   0x00000006   Code   RO          846    .text               c_w.l(heapauxi.o)
    0x0800717a   0x00000002   Code   RO          850    .text               c_w.l(use_no_semi.o)
    0x0800717c   0x000000b2   Code   RO          857    .text               c_w.l(_printf_intcommon.o)
    0x0800722e   0x00000002   PAD
    0x08007230   0x00000024   Code   RO          859    .text               c_w.l(_printf_char_file.o)
    0x08007254   0x00000030   Code   RO          879    .text               c_w.l(_printf_char_common.o)
    0x08007284   0x00000008   Code   RO          881    .text               c_w.l(ferror.o)
    0x0800728c   0x0000004a   Code   RO          885    .text               c_w.l(sys_stackheap_outer.o)
    0x080072d6   0x0000000c   Code   RO          889    .text               c_w.l(exit.o)
    0x080072e2   0x00000002   PAD
    0x080072e4   0x00000008   Code   RO          901    .text               c_w.l(libspace.o)
    0x080072ec   0x00000098   Code   RO          774    CODE                os_cpu_a.o
    0x08007384   0x00000100   Data   RO          347    .constdata          cpu_core.o
    0x08007484   0x00000094   Data   RO          443    .constdata          lib_str.o
    0x08007518   0x00000094   Data   RO          474    .constdata          os_cfg_app.o
    0x080075ac   0x00000020   Data   RO         1023    Region$$Table       anon$$obj.o


    Execution Region RW_IRAM1 (Base: 0x20000000, Size: 0x00003050, Max: 0x00005000, ABSOLUTE)

    Base Addr    Size         Type   Attr      Idx    E Section Name        Object

    0x20000000   0x00000014   Data   RW          177    .data               system_stm32f10x.o
    0x20000014   0x00000004   Data   RW          207    .data               delay.o
    0x20000018   0x00000002   Data   RW          240    .data               usart.o
    0x2000001a   0x00000002   PAD
    0x2000001c   0x00000004   Data   RW          241    .data               usart.o
    0x20000020   0x00000014   Data   RW          316    .data               stm32f10x_rcc.o
    0x20000034   0x00000004   Data   RW          349    .data               cpu_core.o
    0x20000038   0x00000004   Data   RW          425    .data               lib_mem.o
    0x2000003c   0x00000008   Data   RW          593    .data               os_prio.o
    0x20000044   0x00000004   Data   RW          705    .data               os_var.o
    0x20000048   0x00000004   Data   RW          706    .data               os_var.o
    0x2000004c   0x00000004   Data   RW          707    .data               os_var.o
    0x20000050   0x00000004   Data   RW          708    .data               os_var.o
    0x20000054   0x00000004   Data   RW          709    .data               os_var.o
    0x20000058   0x00000004   Data   RW          710    .data               os_var.o
    0x2000005c   0x00000004   Data   RW          711    .data               os_var.o
    0x20000060   0x00000004   Data   RW          712    .data               os_var.o
    0x20000064   0x00000001   Data   RW          713    .data               os_var.o
    0x20000065   0x00000001   Data   RW          714    .data               os_var.o
    0x20000066   0x00000002   PAD
    0x20000068   0x00000004   Data   RW          715    .data               os_var.o
    0x2000006c   0x00000004   Data   RW          716    .data               os_var.o
    0x20000070   0x00000002   Data   RW          717    .data               os_var.o
    0x20000072   0x00000002   Data   RW          718    .data               os_var.o
    0x20000074   0x00000002   Data   RW          719    .data               os_var.o
    0x20000076   0x00000002   PAD
    0x20000078   0x00000004   Data   RW          720    .data               os_var.o
    0x2000007c   0x00000004   Data   RW          721    .data               os_var.o
    0x20000080   0x00000002   Data   RW          722    .data               os_var.o
    0x20000082   0x00000002   PAD
    0x20000084   0x00000004   Data   RW          723    .data               os_var.o
    0x20000088   0x00000002   Data   RW          724    .data               os_var.o
    0x2000008a   0x00000002   PAD
    0x2000008c   0x00000004   Data   RW          725    .data               os_var.o
    0x20000090   0x00000002   Data   RW          726    .data               os_var.o
    0x20000092   0x00000001   Data   RW          727    .data               os_var.o
    0x20000093   0x00000001   Data   RW          728    .data               os_var.o
    0x20000094   0x00000001   Data   RW          729    .data               os_var.o
    0x20000095   0x00000003   PAD
    0x20000098   0x00000004   Data   RW          730    .data               os_var.o
    0x2000009c   0x00000002   Data   RW          731    .data               os_var.o
    0x2000009e   0x00000002   PAD
    0x200000a0   0x00000004   Data   RW          732    .data               os_var.o
    0x200000a4   0x00000004   Data   RW          733    .data               os_var.o
    0x200000a8   0x00000004   Data   RW          734    .data               os_var.o
    0x200000ac   0x00000001   Data   RW          735    .data               os_var.o
    0x200000ad   0x00000003   PAD
    0x200000b0   0x00000004   Data   RW          736    .data               os_var.o
    0x200000b4   0x00000001   Data   RW          737    .data               os_var.o
    0x200000b5   0x00000003   PAD
    0x200000b8   0x00000004   Data   RW          738    .data               os_var.o
    0x200000bc   0x00000002   Data   RW          739    .data               os_var.o
    0x200000be   0x00000001   Data   RW          740    .data               os_var.o
    0x200000bf   0x00000001   PAD
    0x200000c0   0x00000002   Data   RW          741    .data               os_var.o
    0x200000c2   0x00000002   Data   RW          742    .data               os_var.o
    0x200000c4   0x00000004   Data   RW          743    .data               os_var.o
    0x200000c8   0x00000004   Data   RW          744    .data               os_var.o
    0x200000cc   0x00000004   Data   RW          745    .data               os_var.o
    0x200000d0   0x00000001   Data   RW          746    .data               os_var.o
    0x200000d1   0x00000003   PAD
    0x200000d4   0x00000004   Data   RW          747    .data               os_var.o
    0x200000d8   0x00000004   Data   RW          748    .data               os_var.o
    0x200000dc   0x00000004   Data   RW          749    .data               os_var.o
    0x200000e0   0x00000002   Data   RW          750    .data               os_var.o
    0x200000e2   0x00000001   Data   RW          751    .data               os_var.o
    0x200000e3   0x00000001   PAD
    0x200000e4   0x00000004   Data   RW          752    .data               os_var.o
    0x200000e8   0x00000004   Data   RW          753    .data               os_var.o
    0x200000ec   0x00000004   Data   RW          754    .data               os_var.o
    0x200000f0   0x00000002   Data   RW          755    .data               os_var.o
    0x200000f2   0x00000002   PAD
    0x200000f4   0x00000004   Data   RW          756    .data               os_var.o
    0x200000f8   0x00000004   Data   RW          757    .data               os_var.o
    0x200000fc   0x00000004   Data   RW          758    .data               os_var.o
    0x20000100   0x00000004   Data   RW          759    .data               os_var.o
    0x20000104   0x00000004   Data   RW          760    .data               os_var.o
    0x20000108   0x00000004   Data   RW          761    .data               os_var.o
    0x2000010c   0x00000004   Data   RW          778    .data               os_cpu_c.o
    0x20000110   0x0000084c   Zero   RW            2    .bss                main.o
    0x2000095c   0x000000c8   Zero   RW          239    .bss                usart.o
    0x20000a24   0x00000010   Zero   RW          346    .bss                cpu_core.o
    0x20000a34   0x00000448   Zero   RW          424    .bss                lib_mem.o
    0x20000e7c   0x00000200   Zero   RW          464    .bss                os_cfg_app.o
    0x2000107c   0x00000140   Zero   RW          465    .bss                os_cfg_app.o
    0x200011bc   0x00000200   Zero   RW          466    .bss                os_cfg_app.o
    0x200013bc   0x00000200   Zero   RW          467    .bss                os_cfg_app.o
    0x200015bc   0x00000640   Zero   RW          468    .bss                os_cfg_app.o
    0x20001bfc   0x00000200   Zero   RW          469    .bss                os_cfg_app.o
    0x20001dfc   0x00000200   Zero   RW          470    .bss                os_cfg_app.o
    0x20001ffc   0x00000088   Zero   RW          471    .bss                os_cfg_app.o
    0x20002084   0x00000200   Zero   RW          472    .bss                os_cfg_app.o
    0x20002284   0x00000088   Zero   RW          473    .bss                os_cfg_app.o
    0x2000230c   0x000000c4   Zero   RW          698    .bss                os_var.o
    0x200023d0   0x000000c4   Zero   RW          699    .bss                os_var.o
    0x20002494   0x0000000c   Zero   RW          700    .bss                os_var.o
    0x200024a0   0x00000300   Zero   RW          701    .bss                os_var.o
    0x200027a0   0x000000c4   Zero   RW          702    .bss                os_var.o
    0x20002864   0x000000c4   Zero   RW          703    .bss                os_var.o
    0x20002928   0x000000c4   Zero   RW          704    .bss                os_var.o
    0x200029ec   0x00000060   Zero   RW          902    .bss                c_w.l(libspace.o)
    0x20002a4c   0x00000004   PAD
    0x20002a50   0x00000200   Zero   RW          273    HEAP                startup_stm32f10x_md.o
    0x20002c50   0x00000400   Zero   RW          272    STACK               startup_stm32f10x_md.o


==============================================================================

Image component sizes


      Code (inc. data)   RO Data    RW Data    ZI Data      Debug   Object Name

       104         12          0          0          0       1777   bsp.o
        52          0          0          0          0        364   cpu_a.o
       444         12        256          4         16      13845   cpu_core.o
       280         28          0          4          0       2419   delay.o
        56          6          0          0          0        527   led.o
       346          0          0          0          0       4030   lib_ascii.o
      1640         26          0          4       1096      18652   lib_mem.o
       544          0          0          0          0        512   lib_mem_a.o
      1448          4        148          0          0       8912   lib_str.o
       628        110          0          0       2124     273568   main.o
       176         14          0          0          0       1781   misc.o
         2          0        148          0       5264      20986   os_cfg_app.o
      2780        268          0          0          0      10487   os_core.o
       152         32          0          0          0        420   os_cpu_a.o
       392         64          0          4          0       3593   os_cpu_c.o
         2          0          0          0          0        498   os_dbg.o
      1896         80          0          0          0       5697   os_flag.o
       808        146          0          0          0       2124   os_int.o
       372         20          0          0          0       2164   os_mem.o
       392         14          0          0          0       2419   os_msg.o
      1764         92          0          0          0       4392   os_mutex.o
       112          6          0          8          0       1780   os_prio.o
      1552         66          0          0          0       4890   os_q.o
      1364         58          0          0          0       4730   os_sem.o
      1024        146          0          0          0       2437   os_stat.o
      3884        216          0          0          0      10706   os_task.o
       848         82          0          0          0       3047   os_tick.o
       784         42          0          0          0       2809   os_time.o
      1628        128          0          0          0       5346   os_tmr.o
         0          0          0        174       1760      19421   os_var.o
        64         26        236          0       1536        820   startup_stm32f10x_md.o
       612         36          0          0          0       5053   stm32f10x_gpio.o
        14          0          0          0          0       1007   stm32f10x_it.o
       696         32          0         20          0       8208   stm32f10x_rcc.o
       808         22          0          0          0       7380   stm32f10x_usart.o
         0          0          0          0          0         32   sys.o
       344         34          0         20          0       1839   system_stm32f10x.o
       288         18          0          6        200       3270   usart.o

    ----------------------------------------------------------------------
     28308       1840        820        272      11996     461942   Object Totals
         0          0         32          0          0          0   (incl. Generated)
         8          0          0         28          0          0   (incl. Padding)

    ----------------------------------------------------------------------

      Code (inc. data)   RO Data    RW Data    ZI Data      Debug   Library Member Name

         8          0          0          0          0         68   __main.o
       104          0          0          0          0         84   __printf.o
         0          0          0          0          0          0   __rtentry.o
        12          0          0          0          0          0   __rtentry2.o
         6          0          0          0          0          0   __rtentry4.o
        52          8          0          0          0          0   __scatter.o
        26          0          0          0          0          0   __scatter_copy.o
        28          0          0          0          0          0   __scatter_zi.o
        48          6          0          0          0         96   _printf_char_common.o
        36          4          0          0          0         80   _printf_char_file.o
         6          0          0          0          0          0   _printf_d.o
       120         16          0          0          0         92   _printf_dec.o
       178          0          0          0          0         88   _printf_intcommon.o
         0          0          0          0          0          0   _printf_percent.o
         4          0          0          0          0          0   _printf_percent_end.o
        12          0          0          0          0         72   exit.o
         8          0          0          0          0         68   ferror.o
         6          0          0          0          0        152   heapauxi.o
         2          0          0          0          0          0   libinit.o
         2          0          0          0          0          0   libinit2.o
         2          0          0          0          0          0   libshutdown.o
         2          0          0          0          0          0   libshutdown2.o
         8          4          0          0         96         68   libspace.o
       238          0          0          0          0        100   lludivv7m.o
        24          4          0          0          0         84   noretval__2printf.o
         2          0          0          0          0          0   rtexit.o
        10          0          0          0          0          0   rtexit2.o
        74          0          0          0          0         80   sys_stackheap_outer.o
         2          0          0          0          0         68   use_no_semi.o
         2          0          0          0          0         68   use_no_semi_2.o

    ----------------------------------------------------------------------
      1028         42          0          0        100       1268   Library Totals
         6          0          0          0          4          0   (incl. Padding)

    ----------------------------------------------------------------------

      Code (inc. data)   RO Data    RW Data    ZI Data      Debug   Library Name

      1022         42          0          0         96       1268   c_w.l

    ----------------------------------------------------------------------
      1028         42          0          0        100       1268   Library Totals

    ----------------------------------------------------------------------

==============================================================================


      Code (inc. data)   RO Data    RW Data    ZI Data      Debug   

     29336       1882        820        272      12096     458578   Grand Totals
     29336       1882        820        272      12096     458578   ELF Image Totals
     29336       1882        820        272          0          0   ROM Totals

==============================================================================

    Total RO  Size (Code + RO Data)                30156 (  29.45kB)
    Total RW  Size (RW Data + ZI Data)             12368 (  12.08kB)
    Total ROM Size (Code + RO Data + RW Data)      30428 (  29.71kB)

==============================================================================

