Component: ARM Compiler 5.06 update 6 (build 750) Tool: armlink [4d35ed]

==============================================================================

Section Cross References

    main.o(.text) refers to _printf_percent.o(.ARM.Collect$$_printf_percent$$00000000) for _printf_percent
    main.o(.text) refers to _printf_d.o(.ARM.Collect$$_printf_percent$$00000009) for _printf_d
    main.o(.text) refers to _printf_dec.o(.text) for _printf_int_dec
    main.o(.text) refers to _printf_lld.o(.ARM.Collect$$_printf_percent$$0000000E) for _printf_lld
    main.o(.text) refers to _printf_longlong_dec.o(.text) for _printf_longlong_dec
    main.o(.text) refers to _scanf_int.o(.text) for _scanf_int
    main.o(.text) refers to _scanf_str.o(.text) for _scanf_string
    main.o(.text) refers to _scanf_longlong.o(.text) for _scanf_longlong
    main.o(.text) refers to __2printf.o(.text) for __2printf
    main.o(.text) refers to stm32f10x_gpio.o(.text) for GPIO_SetBits
    main.o(.text) refers to stm32f10x_rcc.o(.text) for RCC_APB2PeriphClockCmd
    main.o(.text) refers to strcpy.o(.text) for strcpy
    main.o(.text) refers to __2sprintf.o(.text) for __2sprintf
    main.o(.text) refers to strcat.o(.text) for strcat
    main.o(.text) refers to esp8266.o(.text) for esp8266_send_mqtt_message
    main.o(.text) refers to iwdg.o(.text) for iwdg_feed
    main.o(.text) refers to os_sem.o(.text) for OSSemPend
    main.o(.text) refers to cpu_a.o(.text) for CPU_SR_Save
    main.o(.text) refers to os_core.o(.text) for OS_Sched0
    main.o(.text) refers to os_time.o(.text) for OSTimeDly
    main.o(.text) refers to aht21.o(.text) for aht21_read_data
    main.o(.text) refers to adc1.o(.text) for adc_get_soil_moist
    main.o(.text) refers to bh1750.o(.text) for bh1750_read_data
    main.o(.text) refers to dmul.o(x$fpl$dmul) for __aeabi_dmul
    main.o(.text) refers to dfixll.o(x$fpl$llsfromd) for __aeabi_d2lz
    main.o(.text) refers to ens160.o(.text) for ENS160_Get_DATA_ECO2
    main.o(.text) refers to main.o(.data) for .data
    main.o(.text) refers to main.o(.constdata) for .constdata
    main.o(.text) refers to main.o(.bss) for .bss
    main.o(.text) refers to os_var.o(.data) for OSSchedLockNestingCtr
    main.o(.text) refers to os_var.o(.data) for OSIntQNbrEntries
    main.o(.text) refers to oled.o(.text) for oled_clear
    main.o(.text) refers to dfixu.o(x$fpl$dfixu) for __aeabi_d2uiz
    main.o(.text) refers to strlen.o(.text) for strlen
    main.o(.text) refers to led.o(.text) for led_set_green
    main.o(.text) refers to strtok.o(.text) for strtok
    main.o(.text) refers to strcmpv7m.o(.text) for strcmp
    main.o(.text) refers to __0sscanf.o(.text) for __0sscanf
    main.o(.text) refers to usart3.o(.bss) for mqtt_receive_message
    main.o(.text) refers to cpu_core.o(.text) for CPU_Init
    main.o(.text) refers to os_stat.o(.text) for OSStatTaskCPUUsageInit
    main.o(.text) refers to os_task.o(.text) for OSTaskCreate
    main.o(.text) refers to misc.o(.text) for NVIC_PriorityGroupConfig
    main.o(.text) refers to system_stm32f10x.o(.text) for SystemInit
    main.o(.text) refers to delay.o(.text) for delay_init
    main.o(.text) refers to usart1.o(.text) for usart1_init
    system_stm32f10x.o(.text) refers to system_stm32f10x.o(.data) for .data
    led.o(.text) refers to stm32f10x_rcc.o(.text) for RCC_APB2PeriphClockCmd
    led.o(.text) refers to stm32f10x_gpio.o(.text) for GPIO_Init
    oled.o(.text) refers to iic.o(.text) for iic_send_data
    oled.o(.text) refers to delay.o(.text) for delay_ms
    oled.o(.text) refers to oled.o(.constdata) for .constdata
    oled.o(.text) refers to oled.o(.data) for .data
    iic.o(.text) refers to stm32f10x_gpio.o(.text) for GPIO_ReadInputDataBit
    iic.o(.text) refers to delay.o(.text) for delay_us
    iic.o(.text) refers to stm32f10x_rcc.o(.text) for RCC_APB2PeriphClockCmd
    iic.o(.text) refers to os_core.o(.text) for OSIntEnter
    iic.o(.text) refers to __2printf.o(.text) for __2printf
    esp8266.o(.text) refers to _printf_percent.o(.ARM.Collect$$_printf_percent$$00000000) for _printf_percent
    esp8266.o(.text) refers to _printf_s.o(.ARM.Collect$$_printf_percent$$00000014) for _printf_s
    esp8266.o(.text) refers to _printf_str.o(.text) for _printf_str
    esp8266.o(.text) refers to _printf_d.o(.ARM.Collect$$_printf_percent$$00000009) for _printf_d
    esp8266.o(.text) refers to _printf_dec.o(.text) for _printf_int_dec
    esp8266.o(.text) refers to rt_memclr.o(.text) for __aeabi_memclr
    esp8266.o(.text) refers to usart3.o(.text) for usart3_send_string
    esp8266.o(.text) refers to strstr.o(.text) for strstr
    esp8266.o(.text) refers to delay.o(.text) for delay_us
    esp8266.o(.text) refers to __2sprintf.o(.text) for __2sprintf
    esp8266.o(.text) refers to rt_memclr_w.o(.text) for __aeabi_memclr4
    esp8266.o(.text) refers to os_time.o(.text) for OSTimeDlyHMSM
    esp8266.o(.text) refers to usart3.o(.bss) for esp8266_buf
[...]
    OSSchedUnlock                            0x0800464f   Thumb Code    92  os_core.o(.text)
    OSSchedRoundRobinCfg                     0x080046ab   Thumb Code    60  os_core.o(.text)
    OS_RdyListMoveHeadToTail                 0x080046e7   Thumb Code    52  os_core.o(.text)
    OSSchedRoundRobinYield                   0x0800471b   Thumb Code   264  os_core.o(.text)
    OSStart                                  0x08004823   Thumb Code    62  os_core.o(.text)
    OSVersion                                0x08004861   Thumb Code    10  os_core.o(.text)
    OS_PendDbgNameAdd                        0x0800486b   Thumb Code    46  os_core.o(.text)
    OS_PendListInsertPrio                    0x08004899   Thumb Code    90  os_core.o(.text)
    OS_PendDataInit                          0x080048f3   Thumb Code    48  os_core.o(.text)
    OS_RdyListRemove                         0x08004923   Thumb Code    78  os_core.o(.text)
    OS_TaskBlock                             0x08004971   Thumb Code    42  os_core.o(.text)
    OS_Pend                                  0x0800499b   Thumb Code    72  os_core.o(.text)
    OS_PendListRemove1                       0x080049e3   Thumb Code    54  os_core.o(.text)
    OS_PendListRemove                        0x08004a19   Thumb Code    38  os_core.o(.text)
    OS_PendAbort1                            0x08004a3f   Thumb Code    32  os_core.o(.text)
    OS_RdyListInsertHead                     0x08004a5f   Thumb Code    52  os_core.o(.text)
    OS_RdyListInsertTail                     0x08004a93   Thumb Code    48  os_core.o(.text)
    OS_RdyListInsert                         0x08004ac3   Thumb Code    38  os_core.o(.text)
    OS_TaskRdy                               0x08004ae9   Thumb Code    26  os_core.o(.text)
    OS_PendAbort                             0x08004b03   Thumb Code   134  os_core.o(.text)
    OS_PendDbgNameRemove                     0x08004b89   Thumb Code    22  os_core.o(.text)
    OS_PendListChangePrio                    0x08004b9f   Thumb Code   112  os_core.o(.text)
    OS_PendListInit                          0x08004c0f   Thumb Code    10  os_core.o(.text)
    OS_PendListInsertHead                    0x08004c19   Thumb Code    32  os_core.o(.text)
    OS_PendObjDel1                           0x08004c39   Thumb Code    32  os_core.o(.text)
    OS_PendObjDel                            0x08004c59   Thumb Code   126  os_core.o(.text)
    OS_Post1                                 0x08004cd7   Thumb Code    38  os_core.o(.text)
    OS_Post                                  0x08004cfd   Thumb Code   152  os_core.o(.text)
    OS_Sched0                                0x08004d95   Thumb Code    50  os_core.o(.text)
    OS_SchedRoundRobin                       0x08004dc7   Thumb Code    80  os_core.o(.text)
    OS_Dbg_Init                              0x08004e39   Thumb Code     2  os_dbg.o(.text)
    OS_FlagDbgListAdd                        0x08004e3d   Thumb Code    26  os_flag.o(.text)
    OSFlagCreate                             0x08004e57   Thumb Code   104  os_flag.o(.text)
    OS_FlagClr                               0x08004ebf   Thumb Code    16  os_flag.o(.text)
    OS_FlagDbgListRemove                     0x08004ecf   Thumb Code    36  os_flag.o(.text)
    OSFlagDel                                0x08004ef3   Thumb Code   344  os_flag.o(.text)
    OS_FlagBlock                             0x0800504b   Thumb Code    28  os_flag.o(.text)
    OSFlagPend                               0x08005067   Thumb Code   584  os_flag.o(.text)
    OSFlagPendAbort                          0x080052af   Thumb Code   196  os_flag.o(.text)
    OSFlagPendGetFlagsRdy                    0x08005373   Thumb Code    44  os_flag.o(.text)
    OS_FlagTaskRdy                           0x0800539f   Thumb Code    68  os_flag.o(.text)
    OS_FlagPost                              0x080053e3   Thumb Code   294  os_flag.o(.text)
    OSFlagPost                               0x08005509   Thumb Code   114  os_flag.o(.text)
    OS_FlagInit                              0x0800557b   Thumb Code    14  os_flag.o(.text)
    OS_IntQPost                              0x080055a5   Thumb Code   138  os_int.o(.text)
    OS_IntQRePost                            0x0800562f   Thumb Code   224  os_int.o(.text)
    OS_IntQTask                              0x0800570f   Thumb Code   106  os_int.o(.text)
    OS_IntQTaskInit                          0x08005779   Thumb Code   194  os_int.o(.text)
    OS_MemDbgListAdd                         0x080058cd   Thumb Code    22  os_mem.o(.text)
    OSMemCreate                              0x080058e3   Thumb Code   186  os_mem.o(.text)
    OSMemGet                                 0x0800599d   Thumb Code    60  os_mem.o(.text)
    OSMemPut                                 0x080059d9   Thumb Code    70  os_mem.o(.text)
    OS_MemInit                               0x08005a1f   Thumb Code    14  os_mem.o(.text)
    OS_MsgPoolCreate                         0x08005a41   Thumb Code    48  os_msg.o(.text)
    OS_MsgPoolInit                           0x08005a71   Thumb Code    58  os_msg.o(.text)
    OS_MsgQFreeAll                           0x08005aab   Thumb Code    48  os_msg.o(.text)
    OS_MsgQInit                              0x08005adb   Thumb Code    14  os_msg.o(.text)
    OS_MsgQGet                               0x08005ae9   Thumb Code    82  os_msg.o(.text)
    OS_MsgQPut                               0x08005b3b   Thumb Code   128  os_msg.o(.text)
    OS_MutexDbgListAdd                       0x08005bc9   Thumb Code    26  os_mutex.o(.text)
    OSMutexCreate                            0x08005be3   Thumb Code   112  os_mutex.o(.text)
    OS_MutexClr                              0x08005c53   Thumb Code    24  os_mutex.o(.text)
    OS_MutexDbgListRemove                    0x08005c6b   Thumb Code    36  os_mutex.o(.text)
    OSMutexDel                               0x08005c8f   Thumb Code   470  os_mutex.o(.text)
    OSMutexPend                              0x08005e65   Thumb Code   490  os_mutex.o(.text)
    OSMutexPendAbort                         0x0800604f   Thumb Code   196  os_mutex.o(.text)
    OSMutexPost                              0x08006113   Thumb Code   368  os_mutex.o(.text)
    OS_MutexInit                             0x08006283   Thumb Code    14  os_mutex.o(.text)
    OS_PrioInit                              0x080062b1   Thumb Code    18  os_prio.o(.text)
    OS_PrioGetHighest                        0x080062c3   Thumb Code    32  os_prio.o(.text)
    OS_PrioInsert                            0x080062e3   Thumb Code    28  os_prio.o(.text)
    OS_PrioRemove                            0x080062ff   Thumb Code    28  os_prio.o(.text)
    OS_QDbgListAdd                           0x08006321   Thumb Code    26  os_q.o(.text)
    OSQCreate                                0x0800633b   Thumb Code   118  os_q.o(.text)
    OS_QClr                                  0x080063b1   Thumb Code    40  os_q.o(.text)
    OS_QDbgListRemove                        0x080063d9   Thumb Code    36  os_q.o(.text)
    OSQDel                                   0x080063fd   Thumb Code   256  os_q.o(.text)
    OSQFlush                                 0x080064fd   Thumb Code   116  os_q.o(.text)
    OSQPend                                  0x08006571   Thumb Code   344  os_q.o(.text)
    OSQPendAbort                             0x080066c9   Thumb Code   236  os_q.o(.text)
    OS_QPost                                 0x080067b5   Thumb Code   194  os_q.o(.text)
    OSQPost                                  0x08006877   Thumb Code   146  os_q.o(.text)
    OS_QInit                                 0x08006909   Thumb Code    14  os_q.o(.text)
    OS_SemDbgListAdd                         0x08006931   Thumb Code    26  os_sem.o(.text)
    OSSemCreate                              0x0800694b   Thumb Code   104  os_sem.o(.text)
    OS_SemClr                                0x080069b3   Thumb Code    22  os_sem.o(.text)
    OS_SemDbgListRemove                      0x080069c9   Thumb Code    36  os_sem.o(.text)
    OSSemDel                                 0x080069ed   Thumb Code   256  os_sem.o(.text)
    OSSemPend                                0x08006aed   Thumb Code   298  os_sem.o(.text)
    OSSemPendAbort                           0x08006c17   Thumb Code   196  os_sem.o(.text)
    OS_SemPost                               0x08006cdb   Thumb Code   202  os_sem.o(.text)
    OSSemPost                                0x08006da5   Thumb Code   114  os_sem.o(.text)
    OSSemSet                                 0x08006e17   Thumb Code    78  os_sem.o(.text)
    OS_SemInit                               0x08006e65   Thumb Code    14  os_sem.o(.text)
    OSStatReset                              0x08006e85   Thumb Code   150  os_stat.o(.text)
    OSStatTaskCPUUsageInit                   0x08006f1b   Thumb Code   126  os_stat.o(.text)
    OS_StatTask                              0x08006f99   Thumb Code   482  os_stat.o(.text)
    OS_StatTaskInit                          0x0800717b   Thumb Code   120  os_stat.o(.text)
    OSTaskChangePrio                         0x08007285   Thumb Code   240  os_task.o(.text)
    OS_TaskDbgListAdd                        0x08007375   Thumb Code    30  os_task.o(.text)
    OS_TaskInitTCB                           0x08007393   Thumb Code   180  os_task.o(.text)
    OSTaskCreate                             0x08007447   Thumb Code   400  os_task.o(.text)
    OS_TaskDbgListRemove                     0x080075d7   Thumb Code    50  os_task.o(.text)
    OSTaskDel                                0x08007609   Thumb Code   310  os_task.o(.text)
    OSTaskQFlush                             0x0800773f   Thumb Code   106  os_task.o(.text)
    OSTaskQPend                              0x080077a9   Thumb Code   328  os_task.o(.text)
    OSTaskQPendAbort                         0x080078f1   Thumb Code   140  os_task.o(.text)
    OS_TaskQPost                             0x0800797d   Thumb Code   222  os_task.o(.text)
    OSTaskQPost                              0x08007a5b   Thumb Code    96  os_task.o(.text)
    OSTaskRegGet                             0x08007abb   Thumb Code    66  os_task.o(.text)
    OSTaskRegGetID                           0x08007afd   Thumb Code    42  os_task.o(.text)
    OSTaskRegSet                             0x08007b27   Thumb Code    40  os_task.o(.text)
    OS_TaskResume                            0x08007b4f   Thumb Code   184  os_task.o(.text)
    OSTaskResume                             0x08007c07   Thumb Code    78  os_task.o(.text)
    OSTaskSemPend                            0x08007c55   Thumb Code   300  os_task.o(.text)
    OSTaskSemPendAbort                       0x08007d81   Thumb Code   148  os_task.o(.text)
    OS_TaskSemPost                           0x08007e15   Thumb Code   284  os_task.o(.text)
    OSTaskSemPost                            0x08007f31   Thumb Code    78  os_task.o(.text)
    OSTaskSemSet                             0x08007f7f   Thumb Code    52  os_task.o(.text)
    OSTaskStkChk                             0x08007fb3   Thumb Code   136  os_task.o(.text)
    OS_TaskSuspend                           0x0800803b   Thumb Code   158  os_task.o(.text)
    OSTaskSuspend                            0x080080d9   Thumb Code    64  os_task.o(.text)
    OSTaskTimeQuantaSet                      0x08008119   Thumb Code    68  os_task.o(.text)
    OS_TaskInit                              0x0800815d   Thumb Code    18  os_task.o(.text)
    OS_TaskReturn                            0x0800816f   Thumb Code    20  os_task.o(.text)
    OS_TickListRemove                        0x080081b1   Thumb Code    54  os_tick.o(.text)
    OS_TickListUpdate                        0x080081e7   Thumb Code   304  os_tick.o(.text)
    OS_TickTask                              0x08008317   Thumb Code    36  os_tick.o(.text)
    OS_TickListInit                          0x0800833b   Thumb Code    34  os_tick.o(.text)
    OS_TickTaskInit                          0x0800835d   Thumb Code   114  os_tick.o(.text)
    OS_TickListInsert                        0x080083cf   Thumb Code   202  os_tick.o(.text)
    OS_TickListResetPeak                     0x08008499   Thumb Code    30  os_tick.o(.text)
    OSTimeDly                                0x08008501   Thumb Code   158  os_time.o(.text)
    OSTimeDlyHMSM                            0x0800859f   Thumb Code   308  os_time.o(.text)
    OSTimeDlyResume                          0x080086d3   Thumb Code   184  os_time.o(.text)
    OSTimeGet                                0x0800878b   Thumb Code    24  os_time.o(.text)
    OSTimeSet                                0x080087a3   Thumb Code    24  os_time.o(.text)
    OSTimeTick                               0x080087bb   Thumb Code    52  os_time.o(.text)
    OS_TmrDbgListAdd                         0x08008811   Thumb Code    22  os_tmr.o(.text)
    OSTmrCreate                              0x08008827   Thumb Code   168  os_tmr.o(.text)
    OS_TmrClr                                0x080088cf   Thumb Code    34  os_tmr.o(.text)
    OS_TmrUnlink                             0x080088f1   Thumb Code    68  os_tmr.o(.text)
    OS_TmrDbgListRemove                      0x08008935   Thumb Code    36  os_tmr.o(.text)
    OSTmrDel                                 0x08008959   Thumb Code   134  os_tmr.o(.text)
    OSTmrRemainGet                           0x080089df   Thumb Code   140  os_tmr.o(.text)
    OS_TmrLink                               0x08008a6b   Thumb Code   140  os_tmr.o(.text)
    OSTmrStart                               0x08008af7   Thumb Code   122  os_tmr.o(.text)
    OSTmrStateGet                            0x08008b71   Thumb Code    86  os_tmr.o(.text)
    OSTmrStop                                0x08008bc7   Thumb Code   226  os_tmr.o(.text)
    OS_TmrTask                               0x08008ca9   Thumb Code   164  os_tmr.o(.text)
    OS_TmrInit                               0x08008d4d   Thumb Code   174  os_tmr.o(.text)
    OS_TmrResetPeak                          0x08008dfb   Thumb Code    30  os_tmr.o(.text)
    OSIdleTaskHook                           0x08008e6d   Thumb Code    12  os_cpu_c.o(.text)
    OSInitHook                               0x08008e79   Thumb Code    22  os_cpu_c.o(.text)
    OSStatTaskHook                           0x08008e8f   Thumb Code    12  os_cpu_c.o(.text)
    OSTaskCreateHook                         0x08008e9b   Thumb Code    12  os_cpu_c.o(.text)
    OSTaskDelHook                            0x08008ea7   Thumb Code    12  os_cpu_c.o(.text)
    OSTaskReturnHook                         0x08008eb3   Thumb Code    12  os_cpu_c.o(.text)
    OSTaskStkInit                            0x08008ebf   Thumb Code    96  os_cpu_c.o(.text)
    OSTaskSwHook                             0x08008f1f   Thumb Code    72  os_cpu_c.o(.text)
    OSTimeTickHook                           0x08008f67   Thumb Code    12  os_cpu_c.o(.text)
    OS_CPU_SysTickHandler                    0x08008f73   Thumb Code    30  os_cpu_c.o(.text)
    OS_CPU_SysTickInit                       0x08008f91   Thumb Code    36  os_cpu_c.o(.text)
    __use_no_semihosting                     0x08008ff5   Thumb Code     2  use_no_semi_2.o(.text)
    __aeabi_uldivmod                         0x08008ff7   Thumb Code     0  lludivv7m.o(.text)
    _ll_udiv                                 0x08008ff7   Thumb Code   238  lludivv7m.o(.text)
    vsprintf                                 0x080090e5   Thumb Code    32  vsprintf.o(.text)
    __2printf                                0x08009109   Thumb Code    20  __2printf.o(.text)
    __2sprintf                               0x08009121   Thumb Code    38  __2sprintf.o(.text)
    _printf_str                              0x0800914d   Thumb Code    82  _printf_str.o(.text)
    _printf_int_dec                          0x080091a1   Thumb Code   104  _printf_dec.o(.text)
    _printf_longlong_dec                     0x08009219   Thumb Code   108  _printf_longlong_dec.o(.text)
    __printf                                 0x08009295   Thumb Code   388  __printf_flags_ss_wp.o(.text)
    __0sscanf                                0x0800941d   Thumb Code    52  __0sscanf.o(.text)
    _scanf_longlong                          0x08009459   Thumb Code   342  _scanf_longlong.o(.text)
    _scanf_int                               0x080095af   Thumb Code   332  _scanf_int.o(.text)
    _scanf_string                            0x080096fb   Thumb Code   224  _scanf_str.o(.text)
    strtok                                   0x080097dd   Thumb Code     6  strtok.o(.text)
    strstr                                   0x080097e9   Thumb Code    36  strstr.o(.text)
    strcpy                                   0x0800980d   Thumb Code    72  strcpy.o(.text)
    strlen                                   0x08009855   Thumb Code    62  strlen.o(.text)
    strcat                                   0x08009893   Thumb Code    24  strcat.o(.text)
    __aeabi_memcpy                           0x080098ab   Thumb Code     0  rt_memcpy_v6.o(.text)
    __rt_memcpy                              0x080098ab   Thumb Code   138  rt_memcpy_v6.o(.text)
    _memcpy_lastbytes                        0x08009911   Thumb Code     0  rt_memcpy_v6.o(.text)
    __aeabi_memclr                           0x08009935   Thumb Code     0  rt_memclr.o(.text)
    __rt_memclr                              0x08009935   Thumb Code    68  rt_memclr.o(.text)
    _memset                                  0x08009939   Thumb Code     0  rt_memclr.o(.text)
    __aeabi_memclr4                          0x08009979   Thumb Code     0  rt_memclr_w.o(.text)
    __aeabi_memclr8                          0x08009979   Thumb Code     0  rt_memclr_w.o(.text)
    __rt_memclr_w                            0x08009979   Thumb Code    78  rt_memclr_w.o(.text)
    _memset_w                                0x0800997d   Thumb Code     0  rt_memclr_w.o(.text)
    strcmp                                   0x080099c9   Thumb Code   128  strcmpv7m.o(.text)
    __use_two_region_memory                  0x08009a49   Thumb Code     2  heapauxi.o(.text)
    __rt_heap_escrow$2region                 0x08009a4b   Thumb Code     2  heapauxi.o(.text)
    __rt_heap_expand$2region                 0x08009a4d   Thumb Code     2  heapauxi.o(.text)
    __I$use$semihosting                      0x08009a4f   Thumb Code     0  use_no_semi.o(.text)
    __use_no_semihosting_swi                 0x08009a4f   Thumb Code     2  use_no_semi.o(.text)
    _ll_udiv10                               0x08009a51   Thumb Code   138  lludiv10.o(.text)
    _printf_pre_padding                      0x08009adb   Thumb Code    44  _printf_pad.o(.text)
    _printf_post_padding                     0x08009b07   Thumb Code    34  _printf_pad.o(.text)
    _printf_truncate_signed                  0x08009b29   Thumb Code    18  _printf_truncate.o(.text)
    _printf_truncate_unsigned                0x08009b3b   Thumb Code    18  _printf_truncate.o(.text)
    _printf_int_common                       0x08009b4d   Thumb Code   178  _printf_intcommon.o(.text)
    _printf_charcount                        0x08009bff   Thumb Code    40  _printf_charcount.o(.text)
    _printf_char_common                      0x08009c33   Thumb Code    32  _printf_char_common.o(.text)
    _sputc                                   0x08009c59   Thumb Code    10  _sputc.o(.text)
    _printf_cs_common                        0x08009c63   Thumb Code    20  _printf_char.o(.text)
    _printf_char                             0x08009c77   Thumb Code    16  _printf_char.o(.text)
    _printf_string                           0x08009c87   Thumb Code     8  _printf_char.o(.text)
    _printf_char_file                        0x08009c91   Thumb Code    32  _printf_char_file.o(.text)
    _printf_wctomb                           0x08009cb5   Thumb Code   182  _printf_wctomb.o(.text)
    _printf_longlong_oct                     0x08009d71   Thumb Code    66  _printf_oct_int_ll.o(.text)
    _printf_int_oct                          0x08009db3   Thumb Code    24  _printf_oct_int_ll.o(.text)
    _printf_ll_oct                           0x08009dcb   Thumb Code    12  _printf_oct_int_ll.o(.text)
    _printf_longlong_hex                     0x08009de1   Thumb Code    86  _printf_hex_int_ll_ptr.o(.text)
    _printf_int_hex                          0x08009e37   Thumb Code    28  _printf_hex_int_ll_ptr.o(.text)
    _printf_ll_hex                           0x08009e53   Thumb Code    12  _printf_hex_int_ll_ptr.o(.text)
    _printf_hex_ptr                          0x08009e5f   Thumb Code    18  _printf_hex_int_ll_ptr.o(.text)
    _chval                                   0x08009e75   Thumb Code    28  _chval.o(.text)
    __vfscanf_char                           0x08009e9d   Thumb Code    24  scanf_char.o(.text)
    _sgetc                                   0x08009ebd   Thumb Code    30  _sgetc.o(.text)
    _sbackspace                              0x08009edb   Thumb Code    34  _sgetc.o(.text)
    __strtok_internal                        0x08009efd   Thumb Code    64  strtok_int.o(.text)
    __aeabi_memcpy4                          0x08009f41   Thumb Code     0  rt_memcpy_w.o(.text)
    __aeabi_memcpy8                          0x08009f41   Thumb Code     0  rt_memcpy_w.o(.text)
    __rt_memcpy_w                            0x08009f41   Thumb Code   100  rt_memcpy_w.o(.text)
    _memcpy_lastbytes_aligned                0x08009f89   Thumb Code     0  rt_memcpy_w.o(.text)
    isspace                                  0x08009fa5   Thumb Code    18  isspace.o(.text)
    __lib_sel_fp_printf                      0x08009fb7   Thumb Code     2  _printf_fp_dec.o(.text)
    _printf_fp_dec_real                      0x0800a169   Thumb Code   620  _printf_fp_dec.o(.text)
    _printf_fp_hex_real                      0x0800a3d5   Thumb Code   756  _printf_fp_hex.o(.text)
    _printf_lcs_common                       0x0800a6d1   Thumb Code    20  _printf_wchar.o(.text)
    _printf_wchar                            0x0800a6e5   Thumb Code    16  _printf_wchar.o(.text)
    _printf_wstring                          0x0800a6f5   Thumb Code     8  _printf_wchar.o(.text)
    __vfscanf                                0x0800a6fd   Thumb Code   878  _scanf.o(.text)
    ferror                                   0x0800aa71   Thumb Code     8  ferror.o(.text)
    _wcrtomb                                 0x0800aa79   Thumb Code    64  _wcrtomb.o(.text)
    strcspn                                  0x0800aab9   Thumb Code    32  strcspn.o(.text)
    strspn                                   0x0800aad9   Thumb Code    28  strspn.o(.text)
    __user_setup_stackheap                   0x0800aaf5   Thumb Code    74  sys_stackheap_outer.o(.text)
    __rt_ctype_table                         0x0800ab41   Thumb Code    16  rt_ctype_table.o(.text)
    __rt_locale                              0x0800ab51   Thumb Code     8  rt_locale_intlibspace.o(.text)
    _printf_fp_infnan                        0x0800ab59   Thumb Code   112  _printf_fp_infnan.o(.text)
    _btod_etento                             0x0800abd9   Thumb Code   224  bigflt0.o(.text)
    exit                                     0x0800acbd   Thumb Code    18  exit.o(.text)
    __user_libspace                          0x0800acd1   Thumb Code     8  libspace.o(.text)
    __user_perproc_libspace                  0x0800acd1   Thumb Code     0  libspace.o(.text)
    __user_perthread_libspace                0x0800acd1   Thumb Code     0  libspace.o(.text)
    _btod_d2e                                0x0800acd9   Thumb Code    62  btod.o(CL$$btod_d2e)
    _d2e_denorm_low                          0x0800ad17   Thumb Code    70  btod.o(CL$$btod_d2e_denorm_low)
    _d2e_norm_op1                            0x0800ad5d   Thumb Code    96  btod.o(CL$$btod_d2e_norm_op1)
    __btod_div_common                        0x0800adbd   Thumb Code   696  btod.o(CL$$btod_div_common)
    _e2e                                     0x0800b0f5   Thumb Code   220  btod.o(CL$$btod_e2e)
    _btod_ediv                               0x0800b1d1   Thumb Code    42  btod.o(CL$$btod_ediv)
    _btod_emul                               0x0800b1fb   Thumb Code    42  btod.o(CL$$btod_emul)
    __btod_mult_common                       0x0800b225   Thumb Code   580  btod.o(CL$$btod_mult_common)
    OSStartHighRdy                           0x0800b469   Thumb Code     0  os_cpu_a.o(CODE)
    OSCtxSw                                  0x0800b48b   Thumb Code     0  os_cpu_a.o(CODE)
    OSIntCtxSw                               0x0800b495   Thumb Code     0  os_cpu_a.o(CODE)
    PendSV_Handler                           0x0800b49f   Thumb Code     0  os_cpu_a.o(CODE)
    __ARM_fpclassify                         0x0800b501   Thumb Code    40  fpclassify.o(i.__ARM_fpclassify)
    _is_digit                                0x0800b529   Thumb Code    14  __printf_wp.o(i._is_digit)
    _get_lc_numeric                          0x0800b539   Thumb Code    44  lc_numeric_c.o(locale$$code)
    _get_lc_ctype                            0x0800b565   Thumb Code    44  lc_ctype_c.o(locale$$code)
    __aeabi_dadd                             0x0800b591   Thumb Code     0  daddsub_clz.o(x$fpl$dadd)
    _dadd                                    0x0800b591   Thumb Code   332  daddsub_clz.o(x$fpl$dadd)
    __fpl_dcheck_NaN1                        0x0800b6e1   Thumb Code    10  dcheck1.o(x$fpl$dcheck1)
    __aeabi_ddiv                             0x0800b6f1   Thumb Code     0  ddiv.o(x$fpl$ddiv)
    _ddiv                                    0x0800b6f1   Thumb Code   552  ddiv.o(x$fpl$ddiv)
    __aeabi_d2uiz                            0x0800b9a1   Thumb Code     0  dfixu.o(x$fpl$dfixu)
    _dfixu                                   0x0800b9a1   Thumb Code    90  dfixu.o(x$fpl$dfixu)
    __aeabi_i2d                              0x0800b9fb   Thumb Code     0  dflt_clz.o(x$fpl$dflt)
    _dflt                                    0x0800b9fb   Thumb Code    46  dflt_clz.o(x$fpl$dflt)
    __aeabi_ui2d                             0x0800ba29   Thumb Code     0  dflt_clz.o(x$fpl$dfltu)
    _dfltu                                   0x0800ba29   Thumb Code    38  dflt_clz.o(x$fpl$dfltu)
    __aeabi_dmul                             0x0800ba51   Thumb Code     0  dmul.o(x$fpl$dmul)
    _dmul                                    0x0800ba51   Thumb Code   332  dmul.o(x$fpl$dmul)
    __fpl_dnaninf                            0x0800bba5   Thumb Code   156  dnaninf.o(x$fpl$dnaninf)
    __fpl_dretinf                            0x0800bc41   Thumb Code    12  dretinf.o(x$fpl$dretinf)
    __aeabi_dsub                             0x0800bc4d   Thumb Code     0  daddsub_clz.o(x$fpl$dsub)
    _dsub                                    0x0800bc4d   Thumb Code   464  daddsub_clz.o(x$fpl$dsub)
    __aeabi_d2lz                             0x0800be21   Thumb Code     0  dfixll.o(x$fpl$llsfromd)
    _ll_sfrom_d                              0x0800be21   Thumb Code   194  dfixll.o(x$fpl$llsfromd)
    _printf_fp_dec                           0x0800bee3   Thumb Code     4  printf1.o(x$fpl$printf1)
    _printf_fp_hex                           0x0800bee7   Thumb Code     4  printf2.o(x$fpl$printf2)
    __fpl_return_NaN                         0x0800beeb   Thumb Code   100  retnan.o(x$fpl$retnan)
    __ARM_scalbn                             0x0800bf4f   Thumb Code    92  scalbn.o(x$fpl$scalbn)
    __fpl_cmpreturn                          0x0800bfab   Thumb Code    48  trapv.o(x$fpl$trapveneer)
    __I$use$fp                               0x0800bfda   Number         0  usenofp.o(x$fpl$usenofp)
    relay_pin_list                           0x0800bfda   Data          16  main.o(.constdata)
    F6x8                                     0x0800bfea   Data         552  oled.o(.constdata)
    F8X16                                    0x0800c212   Data        1520  oled.o(.constdata)
    OSCfg_StatTaskPrio                       0x0800c998   Data           1  os_cfg_app.o(.constdata)
    OSCfg_TickTaskPrio                       0x0800c999   Data           1  os_cfg_app.o(.constdata)
    OSCfg_TmrTaskPrio                        0x0800c99a   Data           1  os_cfg_app.o(.constdata)
    OSCfg_IntQSize                           0x0800c99c   Data           2  os_cfg_app.o(.constdata)
    OSCfg_MsgPoolSize                        0x0800c99e   Data           2  os_cfg_app.o(.constdata)
    OSCfg_TickWheelSize                      0x0800c9a0   Data           2  os_cfg_app.o(.constdata)
    OSCfg_TmrWheelSize                       0x0800c9a2   Data           2  os_cfg_app.o(.constdata)
    OSCfg_IdleTaskStkBasePtr                 0x0800c9a4   Data           4  os_cfg_app.o(.constdata)
    OSCfg_IdleTaskStkLimit                   0x0800c9a8   Data           4  os_cfg_app.o(.constdata)
    OSCfg_IdleTaskStkSize                    0x0800c9ac   Data           4  os_cfg_app.o(.constdata)
    OSCfg_IdleTaskStkSizeRAM                 0x0800c9b0   Data           4  os_cfg_app.o(.constdata)
    OSCfg_IntQBasePtr                        0x0800c9b4   Data           4  os_cfg_app.o(.constdata)
    OSCfg_IntQSizeRAM                        0x0800c9b8   Data           4  os_cfg_app.o(.constdata)
    OSCfg_IntQTaskStkBasePtr                 0x0800c9bc   Data           4  os_cfg_app.o(.constdata)
    OSCfg_IntQTaskStkLimit                   0x0800c9c0   Data           4  os_cfg_app.o(.constdata)
    OSCfg_IntQTaskStkSize                    0x0800c9c4   Data           4  os_cfg_app.o(.constdata)
    OSCfg_IntQTaskStkSizeRAM                 0x0800c9c8   Data           4  os_cfg_app.o(.constdata)
    OSCfg_ISRStkBasePtr                      0x0800c9cc   Data           4  os_cfg_app.o(.constdata)
    OSCfg_ISRStkSize                         0x0800c9d0   Data           4  os_cfg_app.o(.constdata)
    OSCfg_ISRStkSizeRAM                      0x0800c9d4   Data           4  os_cfg_app.o(.constdata)
    OSCfg_MsgPoolSizeRAM                     0x0800c9d8   Data           4  os_cfg_app.o(.constdata)
    OSCfg_MsgPoolBasePtr                     0x0800c9dc   Data           4  os_cfg_app.o(.constdata)
    OSCfg_StatTaskRate_Hz                    0x0800c9e0   Data           4  os_cfg_app.o(.constdata)
    OSCfg_StatTaskStkBasePtr                 0x0800c9e4   Data           4  os_cfg_app.o(.constdata)
    OSCfg_StatTaskStkLimit                   0x0800c9e8   Data           4  os_cfg_app.o(.constdata)
    OSCfg_StatTaskStkSize                    0x0800c9ec   Data           4  os_cfg_app.o(.constdata)
    OSCfg_StatTaskStkSizeRAM                 0x0800c9f0   Data           4  os_cfg_app.o(.constdata)
    OSCfg_StkSizeMin                         0x0800c9f4   Data           4  os_cfg_app.o(.constdata)
    OSCfg_TickRate_Hz                        0x0800c9f8   Data           4  os_cfg_app.o(.constdata)
    OSCfg_TickTaskStkBasePtr                 0x0800c9fc   Data           4  os_cfg_app.o(.constdata)
    OSCfg_TickTaskStkLimit                   0x0800ca00   Data           4  os_cfg_app.o(.constdata)
    OSCfg_TickTaskStkSize                    0x0800ca04   Data           4  os_cfg_app.o(.constdata)
    OSCfg_TickTaskStkSizeRAM                 0x0800ca08   Data           4  os_cfg_app.o(.constdata)
    OSCfg_TickWheelSizeRAM                   0x0800ca0c   Data           4  os_cfg_app.o(.constdata)
    OSCfg_TmrTaskRate_Hz                     0x0800ca10   Data           4  os_cfg_app.o(.constdata)
    OSCfg_TmrTaskStkBasePtr                  0x0800ca14   Data           4  os_cfg_app.o(.constdata)
    OSCfg_TmrTaskStkLimit                    0x0800ca18   Data           4  os_cfg_app.o(.constdata)
    OSCfg_TmrTaskStkSize                     0x0800ca1c   Data           4  os_cfg_app.o(.constdata)
    OSCfg_TmrTaskStkSizeRAM                  0x0800ca20   Data           4  os_cfg_app.o(.constdata)
    OSCfg_TmrWheelSizeRAM                    0x0800ca24   Data           4  os_cfg_app.o(.constdata)
    OSCfg_DataSizeRAM                        0x0800ca28   Data           4  os_cfg_app.o(.constdata)
    Region$$Table$$Base                      0x0800cb2c   Number         0  anon$$obj.o(Region$$Table)
    Region$$Table$$Limit                     0x0800cb4c   Number         0  anon$$obj.o(Region$$Table)
    __ctype                                  0x0800cb75   Data           0  lc_ctype_c.o(locale$$data)
    co2_data                                 0x20000000   Data           2  main.o(.data)
    soil_moist                               0x20000002   Data           2  main.o(.data)
    aht21_data                               0x20000004   Data           5  main.o(.data)
    relay_list                               0x20000009   Data           8  main.o(.data)
    light_data                               0x20000018   Data           8  main.o(.data)
    SystemCoreClock                          0x20000020   Data           4  system_stm32f10x.o(.data)
    AHBPrescTable                            0x20000024   Data          16  system_stm32f10x.o(.data)
    Hzk                                      0x20000034   Data         704  oled.o(.data)
    esp8266_cntPre                           0x200002f4   Data           1  esp8266.o(.data)
    usart1_rx_count                          0x200002fa   Data           1  usart1.o(.data)
    __stdout                                 0x200002fc   Data           4  usart1.o(.data)
    mqtt_even_state                          0x20000300   Data           1  usart3.o(.data)
    usart3_rx_count                          0x20000301   Data           1  usart3.o(.data)
    mqtt_connect_state                       0x20000302   Data           1  usart3.o(.data)
    esp8266_cnt                              0x20000303   Data           1  usart3.o(.data)
    CPU_TS_TmrFreq_Hz                        0x20000318   Data           4  cpu_core.o(.data)
    Mem_PoolTbl                              0x2000031c   Data           4  lib_mem.o(.data)
    OSPrioTbl                                0x20000320   Data           8  os_prio.o(.data)
    OS_AppTaskCreateHookPtr                  0x20000328   Data           4  os_var.o(.data)
    OS_AppTaskDelHookPtr                     0x2000032c   Data           4  os_var.o(.data)
    OS_AppTaskReturnHookPtr                  0x20000330   Data           4  os_var.o(.data)
    OS_AppIdleTaskHookPtr                    0x20000334   Data           4  os_var.o(.data)
    OS_AppStatTaskHookPtr                    0x20000338   Data           4  os_var.o(.data)
    OS_AppTaskSwHookPtr                      0x2000033c   Data           4  os_var.o(.data)
    OS_AppTimeTickHookPtr                    0x20000340   Data           4  os_var.o(.data)
    OSIdleTaskCtr                            0x20000344   Data           4  os_var.o(.data)
    OSIntNestingCtr                          0x20000348   Data           1  os_var.o(.data)
    OSRunning                                0x20000349   Data           1  os_var.o(.data)
    OSIntQInPtr                              0x2000034c   Data           4  os_var.o(.data)
    OSIntQOutPtr                             0x20000350   Data           4  os_var.o(.data)
    OSIntQNbrEntries                         0x20000354   Data           2  os_var.o(.data)
    OSIntQNbrEntriesMax                      0x20000356   Data           2  os_var.o(.data)
    OSIntQOvfCtr                             0x20000358   Data           2  os_var.o(.data)
    OSIntQTaskTimeMax                        0x2000035c   Data           4  os_var.o(.data)
    OSFlagDbgListPtr                         0x20000360   Data           4  os_var.o(.data)
    OSFlagQty                                0x20000364   Data           2  os_var.o(.data)
    OSMemDbgListPtr                          0x20000368   Data           4  os_var.o(.data)
    OSMemQty                                 0x2000036c   Data           2  os_var.o(.data)
    OSMutexDbgListPtr                        0x20000370   Data           4  os_var.o(.data)
    OSMutexQty                               0x20000374   Data           2  os_var.o(.data)
    OSPrioCur                                0x20000376   Data           1  os_var.o(.data)
    OSPrioHighRdy                            0x20000377   Data           1  os_var.o(.data)
    OSPrioSaved                              0x20000378   Data           1  os_var.o(.data)
    OSQDbgListPtr                            0x2000037c   Data           4  os_var.o(.data)
    OSQQty                                   0x20000380   Data           2  os_var.o(.data)
    OSSchedLockTimeBegin                     0x20000384   Data           4  os_var.o(.data)
    OSSchedLockTimeMax                       0x20000388   Data           4  os_var.o(.data)
    OSSchedLockTimeMaxCur                    0x2000038c   Data           4  os_var.o(.data)
    OSSchedLockNestingCtr                    0x20000390   Data           1  os_var.o(.data)
    OSSchedRoundRobinDfltTimeQuanta          0x20000394   Data           4  os_var.o(.data)
    OSSchedRoundRobinEn                      0x20000398   Data           1  os_var.o(.data)
    OSSemDbgListPtr                          0x2000039c   Data           4  os_var.o(.data)
    OSSemQty                                 0x200003a0   Data           2  os_var.o(.data)
    OSStatResetFlag                          0x200003a2   Data           1  os_var.o(.data)
    OSStatTaskCPUUsage                       0x200003a4   Data           2  os_var.o(.data)
    OSStatTaskCPUUsageMax                    0x200003a6   Data           2  os_var.o(.data)
    OSStatTaskCtr                            0x200003a8   Data           4  os_var.o(.data)
    OSStatTaskCtrMax                         0x200003ac   Data           4  os_var.o(.data)
    OSStatTaskCtrRun                         0x200003b0   Data           4  os_var.o(.data)
    OSStatTaskRdy                            0x200003b4   Data           1  os_var.o(.data)
    OSStatTaskTimeMax                        0x200003b8   Data           4  os_var.o(.data)
    OSTaskCtxSwCtr                           0x200003bc   Data           4  os_var.o(.data)
    OSTaskDbgListPtr                         0x200003c0   Data           4  os_var.o(.data)
    OSTaskQty                                0x200003c4   Data           2  os_var.o(.data)
    OSTaskRegNextAvailID                     0x200003c6   Data           1  os_var.o(.data)
    OSTickCtr                                0x200003c8   Data           4  os_var.o(.data)
    OSTickTaskTimeMax                        0x200003cc   Data           4  os_var.o(.data)
    OSTmrDbgListPtr                          0x200003d0   Data           4  os_var.o(.data)
    OSTmrQty                                 0x200003d4   Data           2  os_var.o(.data)
    OSTmrTaskTimeMax                         0x200003d8   Data           4  os_var.o(.data)
    OSTmrTickCtr                             0x200003dc   Data           4  os_var.o(.data)
    OSTmrUpdateCnt                           0x200003e0   Data           4  os_var.o(.data)
    OSTmrUpdateCtr                           0x200003e4   Data           4  os_var.o(.data)
    OSTCBCurPtr                              0x200003e8   Data           4  os_var.o(.data)
    OSTCBHighRdyPtr                          0x200003ec   Data           4  os_var.o(.data)
    OS_CPU_ExceptStkBase                     0x200003f0   Data           4  os_cpu_c.o(.data)
    sensor_data_list                         0x200003f8   Data          40  main.o(.bss)
    StartTaskTCB                             0x20000420   Data         196  main.o(.bss)
    START_TASK_STK                           0x200004e4   Data         512  main.o(.bss)
    mqtt_task_tcb                            0x200006e4   Data         196  main.o(.bss)
    MQTT_TASK_STK                            0x200007a8   Data        1024  main.o(.bss)
    oled_task_tcb                            0x20000ba8   Data         196  main.o(.bss)
    OLED_TASK_STK                            0x20000c6c   Data         512  main.o(.bss)
    sensor_task_tcb                          0x20000e6c   Data         196  main.o(.bss)
    SENSOR_TASK_STK                          0x20000f30   Data         512  main.o(.bss)
    heigh_trans_task_tcb                     0x20001130   Data         196  main.o(.bss)
    HEIGH_TRANS_TASK_STK                     0x200011f4   Data        1024  main.o(.bss)
    low_trans_task_tcb                       0x200015f4   Data         196  main.o(.bss)
    LOW_TRANS_TASK_STK                       0x200016b8   Data         512  main.o(.bss)
    low_trans_sem                            0x200018b8   Data          40  main.o(.bss)
    heigh_trans_sem                          0x200018e0   Data          40  main.o(.bss)
    triggers                                 0x20001908   Data        2000  main.o(.bss)
    relay_name_list                          0x200020d8   Data         128  main.o(.bss)
    hc14_receive_message                     0x20002158   Data         200  usart1.o(.bss)
    usart1_buf                               0x20002220   Data         200  usart1.o(.bss)
    usart3_buf                               0x200022e8   Data         200  usart3.o(.bss)
    mqtt_receive_message                     0x200023b0   Data         200  usart3.o(.bss)
    esp8266_buf                              0x20002478   Data         200  usart3.o(.bss)
    CPU_Name                                 0x20002540   Data          16  cpu_core.o(.bss)
    Mem_PoolHeap                             0x20002550   Data          72  lib_mem.o(.bss)
    Mem_Heap                                 0x20002598   Data        1024  lib_mem.o(.bss)
    OSCfg_IdleTaskStk                        0x20002998   Data         512  os_cfg_app.o(.bss)
    OSCfg_IntQ                               0x20002b98   Data         320  os_cfg_app.o(.bss)
    OSCfg_IntQTaskStk                        0x20002cd8   Data         512  os_cfg_app.o(.bss)
    OSCfg_ISRStk                             0x20002ed8   Data         512  os_cfg_app.o(.bss)
    OSCfg_MsgPool                            0x200030d8   Data        1600  os_cfg_app.o(.bss)
    OSCfg_StatTaskStk                        0x20003718   Data         512  os_cfg_app.o(.bss)
    OSCfg_TickTaskStk                        0x20003918   Data         512  os_cfg_app.o(.bss)
    OSCfg_TickWheel                          0x20003b18   Data         136  os_cfg_app.o(.bss)
    OSCfg_TmrTaskStk                         0x20003ba0   Data         512  os_cfg_app.o(.bss)
    OSCfg_TmrWheel                           0x20003da0   Data         136  os_cfg_app.o(.bss)
    OSIdleTaskTCB                            0x20003e28   Data         196  os_var.o(.bss)
    OSIntQTaskTCB                            0x20003eec   Data         196  os_var.o(.bss)
    OSMsgPool                                0x20003fb0   Data          12  os_var.o(.bss)
    OSRdyList                                0x20003fbc   Data         768  os_var.o(.bss)
    OSStatTaskTCB                            0x200042bc   Data         196  os_var.o(.bss)
    OSTickTaskTCB                            0x20004380   Data         196  os_var.o(.bss)
    OSTmrTaskTCB                             0x20004444   Data         196  os_var.o(.bss)
    __libspace_start                         0x20004508   Data          96  libspace.o(.bss)
    __temporary_stack_top$libspace           0x20004568   Data           0  libspace.o(.bss)



==============================================================================

Memory Map of the image

  Image Entry point : 0x080000ed

  Load Region LR_IROM1 (Base: 0x08000000, Size: 0x0000d070, Max: 0x00010000, ABSOLUTE, COMPRESSED[0x0000cdd4])

    Execution Region ER_IROM1 (Exec base: 0x08000000, Load base: 0x08000000, Size: 0x0000cc78, Max: 0x00010000, ABSOLUTE)

    Exec Addr    Load Addr    Size         Type   Attr      Idx    E Section Name        Object

    0x08000000   0x08000000   0x000000ec   Data   RO          460    RESET               startup_stm32f10x_md.o
    0x080000ec   0x080000ec   0x00000008   Code   RO         1126  * !!!main             c_w.l(__main.o)
    0x080000f4   0x080000f4   0x00000034   Code   RO         1485    !!!scatter          c_w.l(__scatter.o)
    0x08000128   0x08000128   0x0000005a   Code   RO         1483    !!dczerorl2         c_w.l(__dczerorl2.o)
    0x08000182   0x08000182   0x00000002   PAD
    0x08000184   0x08000184   0x0000001c   Code   RO         1487    !!handler_zi        c_w.l(__scatter_zi.o)
    0x080001a0   0x080001a0   0x00000000   Code   RO         1095    .ARM.Collect$$_printf_percent$$00000000  c_w.l(_printf_percent.o)
    0x080001a0   0x080001a0   0x00000006   Code   RO         1212    .ARM.Collect$$_printf_percent$$00000001  c_w.l(_printf_n.o)
    0x080001a6   0x080001a6   0x00000006   Code   RO         1214    .ARM.Collect$$_printf_percent$$00000002  c_w.l(_printf_p.o)
    0x080001ac   0x080001ac   0x00000006   Code   RO         1218    .ARM.Collect$$_printf_percent$$00000003  c_w.l(_printf_f.o)
    0x080001b2   0x080001b2   0x00000006   Code   RO         1219    .ARM.Collect$$_printf_percent$$00000004  c_w.l(_printf_e.o)
    0x080001b8   0x080001b8   0x00000006   Code   RO         1220    .ARM.Collect$$_printf_percent$$00000005  c_w.l(_printf_g.o)
    0x080001be   0x080001be   0x00000006   Code   RO         1221    .ARM.Collect$$_printf_percent$$00000006  c_w.l(_printf_a.o)
    0x080001c4   0x080001c4   0x0000000a   Code   RO         1225    .ARM.Collect$$_printf_percent$$00000007  c_w.l(_printf_ll.o)
    0x080001ce   0x080001ce   0x00000006   Code   RO         1216    .ARM.Collect$$_printf_percent$$00000008  c_w.l(_printf_i.o)
    0x080001d4   0x080001d4   0x00000006   Code   RO         1094    .ARM.Collect$$_printf_percent$$00000009  c_w.l(_printf_d.o)
    0x080001da   0x080001da   0x00000006   Code   RO         1217    .ARM.Collect$$_printf_percent$$0000000A  c_w.l(_printf_u.o)
    0x080001e0   0x080001e0   0x00000006   Code   RO         1215    .ARM.Collect$$_printf_percent$$0000000B  c_w.l(_printf_o.o)
    0x080001e6   0x080001e6   0x00000006   Code   RO         1213    .ARM.Collect$$_printf_percent$$0000000C  c_w.l(_printf_x.o)
    0x080001ec   0x080001ec   0x00000006   Code   RO         1223    .ARM.Collect$$_printf_percent$$0000000D  c_w.l(_printf_lli.o)
    0x080001f2   0x080001f2   0x00000006   Code   RO         1096    .ARM.Collect$$_printf_percent$$0000000E  c_w.l(_printf_lld.o)
    0x080001f8   0x080001f8   0x00000006   Code   RO         1224    .ARM.Collect$$_printf_percent$$0000000F  c_w.l(_printf_llu.o)
    0x080001fe   0x080001fe   0x00000006   Code   RO         1229    .ARM.Collect$$_printf_percent$$00000010  c_w.l(_printf_llo.o)
    0x08000204   0x08000204   0x00000006   Code   RO         1230    .ARM.Collect$$_printf_percent$$00000011  c_w.l(_printf_llx.o)
    0x0800020a   0x0800020a   0x0000000a   Code   RO         1226    .ARM.Collect$$_printf_percent$$00000012  c_w.l(_printf_l.o)
    0x08000214   0x08000214   0x00000006   Code   RO         1211    .ARM.Collect$$_printf_percent$$00000013  c_w.l(_printf_c.o)
    0x0800021a   0x0800021a   0x00000006   Code   RO         1093    .ARM.Collect$$_printf_percent$$00000014  c_w.l(_printf_s.o)
    0x08000220   0x08000220   0x00000006   Code   RO         1227    .ARM.Collect$$_printf_percent$$00000015  c_w.l(_printf_lc.o)
    0x08000226   0x08000226   0x00000006   Code   RO         1228    .ARM.Collect$$_printf_percent$$00000016  c_w.l(_printf_ls.o)
    0x0800022c   0x0800022c   0x00000004   Code   RO         1222    .ARM.Collect$$_printf_percent$$00000017  c_w.l(_printf_percent_end.o)
    0x08000230   0x08000230   0x00000002   Code   RO         1348    .ARM.Collect$$libinit$$00000000  c_w.l(libinit.o)
    0x08000232   0x08000232   0x00000000   Code   RO         1370    .ARM.Collect$$libinit$$00000002  c_w.l(libinit2.o)
    0x08000232   0x08000232   0x00000000   Code   RO         1372    .ARM.Collect$$libinit$$00000004  c_w.l(libinit2.o)
    0x08000232   0x08000232   0x00000000   Code   RO         1375    .ARM.Collect$$libinit$$0000000A  c_w.l(libinit2.o)
    0x08000232   0x08000232   0x00000000   Code   RO         1377    .ARM.Collect$$libinit$$0000000C  c_w.l(libinit2.o)
    0x08000232   0x08000232   0x00000000   Code   RO         1379    .ARM.Collect$$libinit$$0000000E  c_w.l(libinit2.o)
    0x08000232   0x08000232   0x00000006   Code   RO         1380    .ARM.Collect$$libinit$$0000000F  c_w.l(libinit2.o)
    0x08000238   0x08000238   0x00000000   Code   RO         1382    .ARM.Collect$$libinit$$00000011  c_w.l(libinit2.o)
    0x08000238   0x08000238   0x0000000c   Code   RO         1383    .ARM.Collect$$libinit$$00000012  c_w.l(libinit2.o)
    0x08000244   0x08000244   0x00000000   Code   RO         1384    .ARM.Collect$$libinit$$00000013  c_w.l(libinit2.o)
    0x08000244   0x08000244   0x00000000   Code   RO         1386    .ARM.Collect$$libinit$$00000015  c_w.l(libinit2.o)
    0x08000244   0x08000244   0x0000000a   Code   RO         1387    .ARM.Collect$$libinit$$00000016  c_w.l(libinit2.o)
    0x0800024e   0x0800024e   0x00000000   Code   RO         1388    .ARM.Collect$$libinit$$00000017  c_w.l(libinit2.o)
    0x0800024e   0x0800024e   0x00000000   Code   RO         1390    .ARM.Collect$$libinit$$00000019  c_w.l(libinit2.o)
    0x0800024e   0x0800024e   0x00000000   Code   RO         1392    .ARM.Collect$$libinit$$0000001B  c_w.l(libinit2.o)
    0x0800024e   0x0800024e   0x00000000   Code   RO         1394    .ARM.Collect$$libinit$$0000001D  c_w.l(libinit2.o)
    0x0800024e   0x0800024e   0x00000000   Code   RO         1396    .ARM.Collect$$libinit$$0000001F  c_w.l(libinit2.o)
    0x0800024e   0x0800024e   0x00000000   Code   RO         1398    .ARM.Collect$$libinit$$00000021  c_w.l(libinit2.o)
    0x0800024e   0x0800024e   0x00000000   Code   RO         1400    .ARM.Collect$$libinit$$00000023  c_w.l(libinit2.o)
    0x0800024e   0x0800024e   0x00000000   Code   RO         1402    .ARM.Collect$$libinit$$00000025  c_w.l(libinit2.o)
    0x0800024e   0x0800024e   0x00000000   Code   RO         1406    .ARM.Collect$$libinit$$0000002C  c_w.l(libinit2.o)
    0x0800024e   0x0800024e   0x00000000   Code   RO         1408    .ARM.Collect$$libinit$$0000002E  c_w.l(libinit2.o)
    0x0800024e   0x0800024e   0x00000000   Code   RO         1410    .ARM.Collect$$libinit$$00000030  c_w.l(libinit2.o)
    0x0800024e   0x0800024e   0x00000000   Code   RO         1412    .ARM.Collect$$libinit$$00000032  c_w.l(libinit2.o)
    0x0800024e   0x0800024e   0x00000002   Code   RO         1413    .ARM.Collect$$libinit$$00000033  c_w.l(libinit2.o)
    0x08000250   0x08000250   0x00000002   Code   RO         1439    .ARM.Collect$$libshutdown$$00000000  c_w.l(libshutdown.o)
    0x08000252   0x08000252   0x00000000   Code   RO         1466    .ARM.Collect$$libshutdown$$00000002  c_w.l(libshutdown2.o)
    0x08000252   0x08000252   0x00000000   Code   RO         1468    .ARM.Collect$$libshutdown$$00000004  c_w.l(libshutdown2.o)
    0x08000252   0x08000252   0x00000000   Code   RO         1471    .ARM.Collect$$libshutdown$$00000007  c_w.l(libshutdown2.o)
    0x08000252   0x08000252   0x00000000   Code   RO         1474    .ARM.Collect$$libshutdown$$0000000A  c_w.l(libshutdown2.o)
    0x08000252   0x08000252   0x00000000   Code   RO         1476    .ARM.Collect$$libshutdown$$0000000C  c_w.l(libshutdown2.o)
    0x08000252   0x08000252   0x00000000   Code   RO         1479    .ARM.Collect$$libshutdown$$0000000F  c_w.l(libshutdown2.o)
    0x08000252   0x08000252   0x00000002   Code   RO         1480    .ARM.Collect$$libshutdown$$00000010  c_w.l(libshutdown2.o)
    0x08000254   0x08000254   0x00000000   Code   RO         1158    .ARM.Collect$$rtentry$$00000000  c_w.l(__rtentry.o)
    0x08000254   0x08000254   0x00000000   Code   RO         1257    .ARM.Collect$$rtentry$$00000002  c_w.l(__rtentry2.o)
    0x08000254   0x08000254   0x00000006   Code   RO         1269    .ARM.Collect$$rtentry$$00000004  c_w.l(__rtentry4.o)
    0x0800025a   0x0800025a   0x00000000   Code   RO         1259    .ARM.Collect$$rtentry$$00000009  c_w.l(__rtentry2.o)
    0x0800025a   0x0800025a   0x00000004   Code   RO         1260    .ARM.Collect$$rtentry$$0000000A  c_w.l(__rtentry2.o)
    0x0800025e   0x0800025e   0x00000000   Code   RO         1262    .ARM.Collect$$rtentry$$0000000C  c_w.l(__rtentry2.o)
    0x0800025e   0x0800025e   0x00000008   Code   RO         1263    .ARM.Collect$$rtentry$$0000000D  c_w.l(__rtentry2.o)
    0x08000266   0x08000266   0x00000002   Code   RO         1358    .ARM.Collect$$rtexit$$00000000  c_w.l(rtexit.o)
    0x08000268   0x08000268   0x00000000   Code   RO         1415    .ARM.Collect$$rtexit$$00000002  c_w.l(rtexit2.o)
    0x08000268   0x08000268   0x00000004   Code   RO         1416    .ARM.Collect$$rtexit$$00000003  c_w.l(rtexit2.o)
    0x0800026c   0x0800026c   0x00000006   Code   RO         1417    .ARM.Collect$$rtexit$$00000004  c_w.l(rtexit2.o)
    0x08000272   0x08000272   0x00000002   PAD
    0x08000274   0x08000274   0x00000c30   Code   RO            1    .text               main.o
    0x08000ea4   0x08000ea4   0x0000000e   Code   RO          169    .text               stm32f10x_it.o
    0x08000eb2   0x08000eb2   0x00000002   PAD
    0x08000eb4   0x08000eb4   0x00000158   Code   RO          201    .text               system_stm32f10x.o
    0x0800100c   0x0800100c   0x00000064   Code   RO          219    .text               led.o
    0x08001070   0x08001070   0x0000035c   Code   RO          231    .text               oled.o
    0x080013cc   0x080013cc   0x000003ac   Code   RO          257    .text               iic.o
    0x08001778   0x08001778   0x000003ac   Code   RO          280    .text               esp8266.o
    0x08001b24   0x08001b24   0x0000013c   Code   RO          296    .text               aht21.o
    0x08001c60   0x08001c60   0x000000e8   Code   RO          315    .text               bh1750.o
    0x08001d48   0x08001d48   0x000000b4   Code   RO          327    .text               ens160.o
    0x08001dfc   0x08001dfc   0x00000118   Code   RO          340    .text               delay.o
    0x08001f14   0x08001f14   0x0000021c   Code   RO          372    .text               usart1.o
    0x08002130   0x08002130   0x00000288   Code   RO          397    .text               usart3.o
    0x080023b8   0x080023b8   0x000000dc   Code   RO          418    .text               adc1.o
    0x08002494   0x08002494   0x00000040   Code   RO          433    .text               iwdg.o
    0x080024d4   0x080024d4   0x00000040   Code   RO          461    .text               startup_stm32f10x_md.o
    0x08002514   0x08002514   0x000000b0   Code   RO          465    .text               misc.o
    0x080025c4   0x080025c4   0x00000264   Code   RO          477    .text               stm32f10x_gpio.o
    0x08002828   0x08002828   0x00000328   Code   RO          489    .text               stm32f10x_usart.o
    0x08002b50   0x08002b50   0x000002b8   Code   RO          501    .text               stm32f10x_rcc.o
    0x08002e08   0x08002e08   0x00000330   Code   RO          544    .text               stm32f10x_adc.o
    0x08003138   0x08003138   0x0000003c   Code   RO          556    .text               stm32f10x_iwdg.o
    0x08003174   0x08003174   0x00000068   Code   RO          568    .text               bsp.o
    0x080031dc   0x080031dc   0x000001bc   Code   RO          584    .text               cpu_core.o
    0x08003398   0x08003398   0x00000034   Code   RO          624    .text               cpu_a.o
    0x080033cc   0x080033cc   0x0000015a   Code   RO          627    .text               lib_ascii.o
    0x08003526   0x08003526   0x00000002   PAD
    0x08003528   0x08003528   0x00000668   Code   RO          662    .text               lib_mem.o
    0x08003b90   0x08003b90   0x000005a8   Code   RO          681    .text               lib_str.o
    0x08004138   0x08004138   0x00000220   Code   RO          699    .text               lib_mem_a.o
    0x08004358   0x08004358   0x00000002   Code   RO          702    .text               os_cfg_app.o
    0x0800435a   0x0800435a   0x00000002   PAD
    0x0800435c   0x0800435c   0x00000adc   Code   RO          734    .text               os_core.o
    0x08004e38   0x08004e38   0x00000002   Code   RO          747    .text               os_dbg.o
    0x08004e3a   0x08004e3a   0x00000002   PAD
    0x08004e3c   0x08004e3c   0x00000768   Code   RO          763    .text               os_flag.o
    0x080055a4   0x080055a4   0x00000328   Code   RO          776    .text               os_int.o
    0x080058cc   0x080058cc   0x00000174   Code   RO          788    .text               os_mem.o
    0x08005a40   0x08005a40   0x00000188   Code   RO          800    .text               os_msg.o
    0x08005bc8   0x08005bc8   0x000006e8   Code   RO          812    .text               os_mutex.o
    0x080062b0   0x080062b0   0x00000070   Code   RO          831    .text               os_prio.o
    0x08006320   0x08006320   0x00000610   Code   RO          850    .text               os_q.o
    0x08006930   0x08006930   0x00000554   Code   RO          863    .text               os_sem.o
    0x08006e84   0x08006e84   0x00000400   Code   RO          876    .text               os_stat.o
    0x08007284   0x08007284   0x00000f2c   Code   RO          888    .text               os_task.o
    0x080081b0   0x080081b0   0x00000350   Code   RO          900    .text               os_tick.o
    0x08008500   0x08008500   0x00000310   Code   RO          913    .text               os_time.o
    0x08008810   0x08008810   0x0000065c   Code   RO          925    .text               os_tmr.o
    0x08008e6c   0x08008e6c   0x00000188   Code   RO         1016    .text               os_cpu_c.o
    0x08008ff4   0x08008ff4   0x00000002   Code   RO         1051    .text               c_w.l(use_no_semi_2.o)
    0x08008ff6   0x08008ff6   0x000000ee   Code   RO         1053    .text               c_w.l(lludivv7m.o)
    0x080090e4   0x080090e4   0x00000024   Code   RO         1055    .text               c_w.l(vsprintf.o)
    0x08009108   0x08009108   0x00000018   Code   RO         1057    .text               c_w.l(__2printf.o)
    0x08009120   0x08009120   0x0000002c   Code   RO         1059    .text               c_w.l(__2sprintf.o)
    0x0800914c   0x0800914c   0x00000052   Code   RO         1067    .text               c_w.l(_printf_str.o)
    0x0800919e   0x0800919e   0x00000002   PAD
    0x080091a0   0x080091a0   0x00000078   Code   RO         1069    .text               c_w.l(_printf_dec.o)
    0x08009218   0x08009218   0x0000007c   Code   RO         1071    .text               c_w.l(_printf_longlong_dec.o)
    0x08009294   0x08009294   0x00000188   Code   RO         1090    .text               c_w.l(__printf_flags_ss_wp.o)
    0x0800941c   0x0800941c   0x0000003c   Code   RO         1097    .text               c_w.l(__0sscanf.o)
    0x08009458   0x08009458   0x00000156   Code   RO         1099    .text               c_w.l(_scanf_longlong.o)
    0x080095ae   0x080095ae   0x0000014c   Code   RO         1101    .text               c_w.l(_scanf_int.o)
    0x080096fa   0x080096fa   0x000000e0   Code   RO         1103    .text               c_w.l(_scanf_str.o)
    0x080097da   0x080097da   0x00000002   PAD
    0x080097dc   0x080097dc   0x0000000c   Code   RO         1105    .text               c_w.l(strtok.o)
    0x080097e8   0x080097e8   0x00000024   Code   RO         1108    .text               c_w.l(strstr.o)
    0x0800980c   0x0800980c   0x00000048   Code   RO         1110    .text               c_w.l(strcpy.o)
    0x08009854   0x08009854   0x0000003e   Code   RO         1112    .text               c_w.l(strlen.o)
    0x08009892   0x08009892   0x00000018   Code   RO         1114    .text               c_w.l(strcat.o)
    0x080098aa   0x080098aa   0x0000008a   Code   RO         1116    .text               c_w.l(rt_memcpy_v6.o)
    0x08009934   0x08009934   0x00000044   Code   RO         1118    .text               c_w.l(rt_memclr.o)
    0x08009978   0x08009978   0x0000004e   Code   RO         1120    .text               c_w.l(rt_memclr_w.o)
    0x080099c6   0x080099c6   0x00000002   PAD
    0x080099c8   0x080099c8   0x00000080   Code   RO         1122    .text               c_w.l(strcmpv7m.o)
    0x08009a48   0x08009a48   0x00000006   Code   RO         1124    .text               c_w.l(heapauxi.o)
    0x08009a4e   0x08009a4e   0x00000002   Code   RO         1156    .text               c_w.l(use_no_semi.o)
    0x08009a50   0x08009a50   0x0000008a   Code   RO         1163    .text               c_w.l(lludiv10.o)
    0x08009ada   0x08009ada   0x0000004e   Code   RO         1165    .text               c_w.l(_printf_pad.o)
    0x08009b28   0x08009b28   0x00000024   Code   RO         1167    .text               c_w.l(_printf_truncate.o)
    0x08009b4c   0x08009b4c   0x000000b2   Code   RO         1169    .text               c_w.l(_printf_intcommon.o)
    0x08009bfe   0x08009bfe   0x00000028   Code   RO         1171    .text               c_w.l(_printf_charcount.o)
    0x08009c26   0x08009c26   0x00000002   PAD
    0x08009c28   0x08009c28   0x00000030   Code   RO         1173    .text               c_w.l(_printf_char_common.o)
    0x08009c58   0x08009c58   0x0000000a   Code   RO         1175    .text               c_w.l(_sputc.o)
    0x08009c62   0x08009c62   0x0000002c   Code   RO         1177    .text               c_w.l(_printf_char.o)
    0x08009c8e   0x08009c8e   0x00000002   PAD
    0x08009c90   0x08009c90   0x00000024   Code   RO         1179    .text               c_w.l(_printf_char_file.o)
    0x08009cb4   0x08009cb4   0x000000bc   Code   RO         1181    .text               c_w.l(_printf_wctomb.o)
    0x08009d70   0x08009d70   0x00000070   Code   RO         1188    .text               c_w.l(_printf_oct_int_ll.o)
    0x08009de0   0x08009de0   0x00000094   Code   RO         1208    .text               c_w.l(_printf_hex_int_ll_ptr.o)
    0x08009e74   0x08009e74   0x0000001c   Code   RO         1231    .text               c_w.l(_chval.o)
    0x08009e90   0x08009e90   0x0000002c   Code   RO         1233    .text               c_w.l(scanf_char.o)
    0x08009ebc   0x08009ebc   0x00000040   Code   RO         1235    .text               c_w.l(_sgetc.o)
    0x08009efc   0x08009efc   0x00000044   Code   RO         1237    .text               c_w.l(strtok_int.o)
    0x08009f40   0x08009f40   0x00000064   Code   RO         1239    .text               c_w.l(rt_memcpy_w.o)
    0x08009fa4   0x08009fa4   0x00000012   Code   RO         1273    .text               c_w.l(isspace.o)
    0x08009fb6   0x08009fb6   0x0000041e   Code   RO         1275    .text               c_w.l(_printf_fp_dec.o)
    0x0800a3d4   0x0800a3d4   0x000002fc   Code   RO         1277    .text               c_w.l(_printf_fp_hex.o)
    0x0800a6d0   0x0800a6d0   0x0000002c   Code   RO         1282    .text               c_w.l(_printf_wchar.o)
    0x0800a6fc   0x0800a6fc   0x00000374   Code   RO         1284    .text               c_w.l(_scanf.o)
    0x0800aa70   0x0800aa70   0x00000008   Code   RO         1286    .text               c_w.l(ferror.o)
    0x0800aa78   0x0800aa78   0x00000040   Code   RO         1290    .text               c_w.l(_wcrtomb.o)
    0x0800aab8   0x0800aab8   0x00000020   Code   RO         1292    .text               c_w.l(strcspn.o)
    0x0800aad8   0x0800aad8   0x0000001c   Code   RO         1294    .text               c_w.l(strspn.o)
    0x0800aaf4   0x0800aaf4   0x0000004a   Code   RO         1298    .text               c_w.l(sys_stackheap_outer.o)
    0x0800ab3e   0x0800ab3e   0x00000002   PAD
    0x0800ab40   0x0800ab40   0x00000010   Code   RO         1300    .text               c_w.l(rt_ctype_table.o)
    0x0800ab50   0x0800ab50   0x00000008   Code   RO         1305    .text               c_w.l(rt_locale_intlibspace.o)
    0x0800ab58   0x0800ab58   0x00000080   Code   RO         1307    .text               c_w.l(_printf_fp_infnan.o)
    0x0800abd8   0x0800abd8   0x000000e4   Code   RO         1309    .text               c_w.l(bigflt0.o)
    0x0800acbc   0x0800acbc   0x00000012   Code   RO         1337    .text               c_w.l(exit.o)
    0x0800acce   0x0800acce   0x00000002   PAD
    0x0800acd0   0x0800acd0   0x00000008   Code   RO         1355    .text               c_w.l(libspace.o)
    0x0800acd8   0x0800acd8   0x0000003e   Code   RO         1312    CL$$btod_d2e        c_w.l(btod.o)
    0x0800ad16   0x0800ad16   0x00000046   Code   RO         1314    CL$$btod_d2e_denorm_low  c_w.l(btod.o)
    0x0800ad5c   0x0800ad5c   0x00000060   Code   RO         1313    CL$$btod_d2e_norm_op1  c_w.l(btod.o)
    0x0800adbc   0x0800adbc   0x00000338   Code   RO         1322    CL$$btod_div_common  c_w.l(btod.o)
    0x0800b0f4   0x0800b0f4   0x000000dc   Code   RO         1319    CL$$btod_e2e        c_w.l(btod.o)
    0x0800b1d0   0x0800b1d0   0x0000002a   Code   RO         1316    CL$$btod_ediv       c_w.l(btod.o)
    0x0800b1fa   0x0800b1fa   0x0000002a   Code   RO         1315    CL$$btod_emul       c_w.l(btod.o)
    0x0800b224   0x0800b224   0x00000244   Code   RO         1321    CL$$btod_mult_common  c_w.l(btod.o)
    0x0800b468   0x0800b468   0x00000098   Code   RO         1013    CODE                os_cpu_a.o
    0x0800b500   0x0800b500   0x00000028   Code   RO         1353    i.__ARM_fpclassify  m_ws.l(fpclassify.o)
    0x0800b528   0x0800b528   0x0000000e   Code   RO         1083    i._is_digit         c_w.l(__printf_wp.o)
    0x0800b536   0x0800b536   0x00000002   PAD
    0x0800b538   0x0800b538   0x0000002c   Code   RO         1335    locale$$code        c_w.l(lc_numeric_c.o)
    0x0800b564   0x0800b564   0x0000002c   Code   RO         1363    locale$$code        c_w.l(lc_ctype_c.o)
    0x0800b590   0x0800b590   0x00000150   Code   RO         1128    x$fpl$dadd          fz_ws.l(daddsub_clz.o)
    0x0800b6e0   0x0800b6e0   0x00000010   Code   RO         1241    x$fpl$dcheck1       fz_ws.l(dcheck1.o)
    0x0800b6f0   0x0800b6f0   0x000002b0   Code   RO         1135    x$fpl$ddiv          fz_ws.l(ddiv.o)
    0x0800b9a0   0x0800b9a0   0x0000005a   Code   RO         1142    x$fpl$dfixu         fz_ws.l(dfixu.o)
    0x0800b9fa   0x0800b9fa   0x0000002e   Code   RO         1147    x$fpl$dflt          fz_ws.l(dflt_clz.o)
    0x0800ba28   0x0800ba28   0x00000026   Code   RO         1146    x$fpl$dfltu         fz_ws.l(dflt_clz.o)
    0x0800ba4e   0x0800ba4e   0x00000002   PAD
    0x0800ba50   0x0800ba50   0x00000154   Code   RO         1152    x$fpl$dmul          fz_ws.l(dmul.o)
    0x0800bba4   0x0800bba4   0x0000009c   Code   RO         1243    x$fpl$dnaninf       fz_ws.l(dnaninf.o)
    0x0800bc40   0x0800bc40   0x0000000c   Code   RO         1245    x$fpl$dretinf       fz_ws.l(dretinf.o)
    0x0800bc4c   0x0800bc4c   0x000001d4   Code   RO         1130    x$fpl$dsub          fz_ws.l(daddsub_clz.o)
    0x0800be20   0x0800be20   0x000000c2   Code   RO         1138    x$fpl$llsfromd      fz_ws.l(dfixll.o)
    0x0800bee2   0x0800bee2   0x00000004   Code   RO         1247    x$fpl$printf1       fz_ws.l(printf1.o)
    0x0800bee6   0x0800bee6   0x00000004   Code   RO         1249    x$fpl$printf2       fz_ws.l(printf2.o)
    0x0800beea   0x0800beea   0x00000064   Code   RO         1296    x$fpl$retnan        fz_ws.l(retnan.o)
    0x0800bf4e   0x0800bf4e   0x0000005c   Code   RO         1154    x$fpl$scalbn        fz_ws.l(scalbn.o)
    0x0800bfaa   0x0800bfaa   0x00000030   Code   RO         1351    x$fpl$trapveneer    fz_ws.l(trapv.o)
    0x0800bfda   0x0800bfda   0x00000000   Code   RO         1255    x$fpl$usenofp       fz_ws.l(usenofp.o)
    0x0800bfda   0x0800bfda   0x00000010   Data   RO            3    .constdata          main.o
    0x0800bfea   0x0800bfea   0x00000818   Data   RO          232    .constdata          oled.o
    0x0800c802   0x0800c802   0x00000100   Data   RO          586    .constdata          cpu_core.o
    0x0800c902   0x0800c902   0x00000002   PAD
    0x0800c904   0x0800c904   0x00000094   Data   RO          682    .constdata          lib_str.o
    0x0800c998   0x0800c998   0x00000094   Data   RO          713    .constdata          os_cfg_app.o
    0x0800ca2c   0x0800ca2c   0x00000011   Data   RO         1091    .constdata          c_w.l(__printf_flags_ss_wp.o)
    0x0800ca3d   0x0800ca3d   0x00000003   PAD
    0x0800ca40   0x0800ca40   0x00000008   Data   RO         1182    .constdata          c_w.l(_printf_wctomb.o)
    0x0800ca48   0x0800ca48   0x00000028   Data   RO         1209    .constdata          c_w.l(_printf_hex_int_ll_ptr.o)
    0x0800ca70   0x0800ca70   0x00000026   Data   RO         1278    .constdata          c_w.l(_printf_fp_hex.o)
    0x0800ca96   0x0800ca96   0x00000002   PAD
    0x0800ca98   0x0800ca98   0x00000094   Data   RO         1310    .constdata          c_w.l(bigflt0.o)
    0x0800cb2c   0x0800cb2c   0x00000020   Data   RO         1481    Region$$Table       anon$$obj.o
    0x0800cb4c   0x0800cb4c   0x0000001c   Data   RO         1334    locale$$data        c_w.l(lc_numeric_c.o)
    0x0800cb68   0x0800cb68   0x00000110   Data   RO         1362    locale$$data        c_w.l(lc_ctype_c.o)


    Execution Region RW_IRAM1 (Exec base: 0x20000000, Load base: 0x0800cc78, Size: 0x00004f68, Max: 0x00005000, ABSOLUTE, COMPRESSED[0x0000015c])

    Exec Addr    Load Addr    Size         Type   Attr      Idx    E Section Name        Object

    0x20000000   COMPRESSED   0x00000020   Data   RW            4    .data               main.o
    0x20000020   COMPRESSED   0x00000014   Data   RW          202    .data               system_stm32f10x.o
    0x20000034   COMPRESSED   0x000002c0   Data   RW          233    .data               oled.o
    0x200002f4   COMPRESSED   0x00000001   Data   RW          281    .data               esp8266.o
    0x200002f5   COMPRESSED   0x00000001   PAD
    0x200002f6   COMPRESSED   0x00000004   Data   RW          341    .data               delay.o
    0x200002fa   COMPRESSED   0x00000001   Data   RW          374    .data               usart1.o
    0x200002fb   COMPRESSED   0x00000001   PAD
    0x200002fc   COMPRESSED   0x00000004   Data   RW          375    .data               usart1.o
    0x20000300   COMPRESSED   0x00000004   Data   RW          399    .data               usart3.o
    0x20000304   COMPRESSED   0x00000014   Data   RW          502    .data               stm32f10x_rcc.o
    0x20000318   COMPRESSED   0x00000004   Data   RW          588    .data               cpu_core.o
    0x2000031c   COMPRESSED   0x00000004   Data   RW          664    .data               lib_mem.o
    0x20000320   COMPRESSED   0x00000008   Data   RW          832    .data               os_prio.o
    0x20000328   COMPRESSED   0x00000004   Data   RW          944    .data               os_var.o
    0x2000032c   COMPRESSED   0x00000004   Data   RW          945    .data               os_var.o
    0x20000330   COMPRESSED   0x00000004   Data   RW          946    .data               os_var.o
    0x20000334   COMPRESSED   0x00000004   Data   RW          947    .data               os_var.o
    0x20000338   COMPRESSED   0x00000004   Data   RW          948    .data               os_var.o
    0x2000033c   COMPRESSED   0x00000004   Data   RW          949    .data               os_var.o
    0x20000340   COMPRESSED   0x00000004   Data   RW          950    .data               os_var.o
    0x20000344   COMPRESSED   0x00000004   Data   RW          951    .data               os_var.o
    0x20000348   COMPRESSED   0x00000001   Data   RW          952    .data               os_var.o
    0x20000349   COMPRESSED   0x00000001   Data   RW          953    .data               os_var.o
    0x2000034a   COMPRESSED   0x00000002   PAD
    0x2000034c   COMPRESSED   0x00000004   Data   RW          954    .data               os_var.o
    0x20000350   COMPRESSED   0x00000004   Data   RW          955    .data               os_var.o
    0x20000354   COMPRESSED   0x00000002   Data   RW          956    .data               os_var.o
    0x20000356   COMPRESSED   0x00000002   Data   RW          957    .data               os_var.o
    0x20000358   COMPRESSED   0x00000002   Data   RW          958    .data               os_var.o
    0x2000035a   COMPRESSED   0x00000002   PAD
    0x2000035c   COMPRESSED   0x00000004   Data   RW          959    .data               os_var.o
    0x20000360   COMPRESSED   0x00000004   Data   RW          960    .data               os_var.o
    0x20000364   COMPRESSED   0x00000002   Data   RW          961    .data               os_var.o
    0x20000366   COMPRESSED   0x00000002   PAD
    0x20000368   COMPRESSED   0x00000004   Data   RW          962    .data               os_var.o
    0x2000036c   COMPRESSED   0x00000002   Data   RW          963    .data               os_var.o
    0x2000036e   COMPRESSED   0x00000002   PAD
    0x20000370   COMPRESSED   0x00000004   Data   RW          964    .data               os_var.o
    0x20000374   COMPRESSED   0x00000002   Data   RW          965    .data               os_var.o
    0x20000376   COMPRESSED   0x00000001   Data   RW          966    .data               os_var.o
    0x20000377   COMPRESSED   0x00000001   Data   RW          967    .data               os_var.o
    0x20000378   COMPRESSED   0x00000001   Data   RW          968    .data               os_var.o
    0x20000379   COMPRESSED   0x00000003   PAD
    0x2000037c   COMPRESSED   0x00000004   Data   RW          969    .data               os_var.o
    0x20000380   COMPRESSED   0x00000002   Data   RW          970    .data               os_var.o
    0x20000382   COMPRESSED   0x00000002   PAD
    0x20000384   COMPRESSED   0x00000004   Data   RW          971    .data               os_var.o
    0x20000388   COMPRESSED   0x00000004   Data   RW          972    .data               os_var.o
    0x2000038c   COMPRESSED   0x00000004   Data   RW          973    .data               os_var.o
    0x20000390   COMPRESSED   0x00000001   Data   RW          974    .data               os_var.o
    0x20000391   COMPRESSED   0x00000003   PAD
    0x20000394   COMPRESSED   0x00000004   Data   RW          975    .data               os_var.o
    0x20000398   COMPRESSED   0x00000001   Data   RW          976    .data               os_var.o
    0x20000399   COMPRESSED   0x00000003   PAD
    0x2000039c   COMPRESSED   0x00000004   Data   RW          977    .data               os_var.o
    0x200003a0   COMPRESSED   0x00000002   Data   RW          978    .data               os_var.o
    0x200003a2   COMPRESSED   0x00000001   Data   RW          979    .data               os_var.o
    0x200003a3   COMPRESSED   0x00000001   PAD
    0x200003a4   COMPRESSED   0x00000002   Data   RW          980    .data               os_var.o
    0x200003a6   COMPRESSED   0x00000002   Data   RW          981    .data               os_var.o
    0x200003a8   COMPRESSED   0x00000004   Data   RW          982    .data               os_var.o
    0x200003ac   COMPRESSED   0x00000004   Data   RW          983    .data               os_var.o
    0x200003b0   COMPRESSED   0x00000004   Data   RW          984    .data               os_var.o
    0x200003b4   COMPRESSED   0x00000001   Data   RW          985    .data               os_var.o
    0x200003b5   COMPRESSED   0x00000003   PAD
    0x200003b8   COMPRESSED   0x00000004   Data   RW          986    .data               os_var.o
    0x200003bc   COMPRESSED   0x00000004   Data   RW          987    .data               os_var.o
    0x200003c0   COMPRESSED   0x00000004   Data   RW          988    .data               os_var.o
    0x200003c4   COMPRESSED   0x00000002   Data   RW          989    .data               os_var.o
    0x200003c6   COMPRESSED   0x00000001   Data   RW          990    .data               os_var.o
    0x200003c7   COMPRESSED   0x00000001   PAD
    0x200003c8   COMPRESSED   0x00000004   Data   RW          991    .data               os_var.o
    0x200003cc   COMPRESSED   0x00000004   Data   RW          992    .data               os_var.o
    0x200003d0   COMPRESSED   0x00000004   Data   RW          993    .data               os_var.o
    0x200003d4   COMPRESSED   0x00000002   Data   RW          994    .data               os_var.o
    0x200003d6   COMPRESSED   0x00000002   PAD
    0x200003d8   COMPRESSED   0x00000004   Data   RW          995    .data               os_var.o
    0x200003dc   COMPRESSED   0x00000004   Data   RW          996    .data               os_var.o
    0x200003e0   COMPRESSED   0x00000004   Data   RW          997    .data               os_var.o
    0x200003e4   COMPRESSED   0x00000004   Data   RW          998    .data               os_var.o
    0x200003e8   COMPRESSED   0x00000004   Data   RW          999    .data               os_var.o
    0x200003ec   COMPRESSED   0x00000004   Data   RW         1000    .data               os_var.o
    0x200003f0   COMPRESSED   0x00000004   Data   RW         1017    .data               os_cpu_c.o
    0x200003f4   COMPRESSED   0x00000004   Data   RW         1106    .data               c_w.l(strtok.o)
    0x200003f8        -       0x00001d60   Zero   RW            2    .bss                main.o
    0x20002158        -       0x00000190   Zero   RW          373    .bss                usart1.o
    0x200022e8        -       0x00000258   Zero   RW          398    .bss                usart3.o
    0x20002540        -       0x00000010   Zero   RW          585    .bss                cpu_core.o
    0x20002550        -       0x00000448   Zero   RW          663    .bss                lib_mem.o
    0x20002998        -       0x00000200   Zero   RW          703    .bss                os_cfg_app.o
    0x20002b98        -       0x00000140   Zero   RW          704    .bss                os_cfg_app.o
    0x20002cd8        -       0x00000200   Zero   RW          705    .bss                os_cfg_app.o
    0x20002ed8        -       0x00000200   Zero   RW          706    .bss                os_cfg_app.o
    0x200030d8        -       0x00000640   Zero   RW          707    .bss                os_cfg_app.o
    0x20003718        -       0x00000200   Zero   RW          708    .bss                os_cfg_app.o
    0x20003918        -       0x00000200   Zero   RW          709    .bss                os_cfg_app.o
    0x20003b18        -       0x00000088   Zero   RW          710    .bss                os_cfg_app.o
    0x20003ba0        -       0x00000200   Zero   RW          711    .bss                os_cfg_app.o
    0x20003da0        -       0x00000088   Zero   RW          712    .bss                os_cfg_app.o
    0x20003e28        -       0x000000c4   Zero   RW          937    .bss                os_var.o
    0x20003eec        -       0x000000c4   Zero   RW          938    .bss                os_var.o
    0x20003fb0        -       0x0000000c   Zero   RW          939    .bss                os_var.o
    0x20003fbc        -       0x00000300   Zero   RW          940    .bss                os_var.o
    0x200042bc        -       0x000000c4   Zero   RW          941    .bss                os_var.o
    0x20004380        -       0x000000c4   Zero   RW          942    .bss                os_var.o
    0x20004444        -       0x000000c4   Zero   RW          943    .bss                os_var.o
    0x20004508        -       0x00000060   Zero   RW         1356    .bss                c_w.l(libspace.o)
    0x20004568        -       0x00000200   Zero   RW          459    HEAP                startup_stm32f10x_md.o
    0x20004768        -       0x00000800   Zero   RW          458    STACK               startup_stm32f10x_md.o


==============================================================================

Image component sizes


      Code (inc. data)   RO Data    RW Data    ZI Data      Debug   Object Name

       220         16          0          0          0       9827   adc1.o
       316         22          0          0          0       1277   aht21.o
       232         76          0          0          0        863   bh1750.o
       104         12          0          0          0       1745   bsp.o
        52          0          0          0          0        332   cpu_a.o
       444         12        256          4         16      14097   cpu_core.o
       280         28          0          4          0       2455   delay.o
       180          0          0          0          0       1836   ens160.o
       940        384          0          1          0       3896   esp8266.o
       940         86          0          0          0       4824   iic.o
        64          6          0          0          0        586   iwdg.o
       100          4          0          0          0        772   led.o
       346          0          0          0          0       4354   lib_ascii.o
      1640         26          0          4       1096      22296   lib_mem.o
       544          0          0          0          0        476   lib_mem_a.o
      1448          4        148          0          0      12496   lib_str.o
      3120        510         16         32       7520     278159   main.o
       176         14          0          0          0       1917   misc.o
       860         12       2072        704          0       5091   oled.o
         2          0        148          0       5264      20810   os_cfg_app.o
      2780        268          0          0          0      13319   os_core.o
       152         32          0          0          0        388   os_cpu_a.o
       392         64          0          4          0       3617   os_cpu_c.o
         2          0          0          0          0        454   os_dbg.o
      1896         80          0          0          0       8213   os_flag.o
       808        146          0          0          0       2612   os_int.o
       372         20          0          0          0       2592   os_mem.o
       392         14          0          0          0       3039   os_msg.o
      1768         92          0          0          0       6064   os_mutex.o
       112          6          0          8          0       1824   os_prio.o
      1552         66          0          0          0       6546   os_q.o
      1364         58          0          0          0       6526   os_sem.o
      1024        146          0          0          0       2985   os_stat.o
      3884        216          0          0          0      15438   os_task.o
       848         82          0          0          0       3667   os_tick.o
       784         42          0          0          0       3433   os_time.o
      1628        128          0          0          0       6742   os_tmr.o
         0          0          0        174       1760      19333   os_var.o
        64         26        236          0       2560        788   startup_stm32f10x_md.o
       816         24          0          0          0      11361   stm32f10x_adc.o
       612         36          0          0          0       6041   stm32f10x_gpio.o
        14          0          0          0          0        963   stm32f10x_it.o
        60          6          0          0          0       1313   stm32f10x_iwdg.o
       696         32          0         20          0       9016   stm32f10x_rcc.o
       808         22          0          0          0       8904   stm32f10x_usart.o
         0          0          0          0          0         32   sys.o
       344         34          0         20          0       1755   system_stm32f10x.o
       540         18          0          5        400       6009   usart1.o
       648         66          0          4        600       3988   usart3.o

    ----------------------------------------------------------------------
     36376       2936       2910       1012      19216     545071   Object Totals
         0          0         32          0          0          0   (incl. Generated)
         8          0          2         28          0          0   (incl. Padding)

    ----------------------------------------------------------------------

      Code (inc. data)   RO Data    RW Data    ZI Data      Debug   Library Member Name

        60          8          0          0          0         84   __0sscanf.o
        24          4          0          0          0         84   __2printf.o
        44          6          0          0          0         84   __2sprintf.o
        90          0          0          0          0          0   __dczerorl2.o
         8          0          0          0          0         68   __main.o
       392          4         17          0          0         92   __printf_flags_ss_wp.o
        14          0          0          0          0         68   __printf_wp.o
         0          0          0          0          0          0   __rtentry.o
        12          0          0          0          0          0   __rtentry2.o
         6          0          0          0          0          0   __rtentry4.o
        52          8          0          0          0          0   __scatter.o
        28          0          0          0          0          0   __scatter_zi.o
        28          0          0          0          0         68   _chval.o
         6          0          0          0          0          0   _printf_a.o
         6          0          0          0          0          0   _printf_c.o
        44          0          0          0          0        108   _printf_char.o
        48          6          0          0          0         96   _printf_char_common.o
        36          4          0          0          0         80   _printf_char_file.o
        40          0          0          0          0         68   _printf_charcount.o
         6          0          0          0          0          0   _printf_d.o
       120         16          0          0          0         92   _printf_dec.o
         6          0          0          0          0          0   _printf_e.o
         6          0          0          0          0          0   _printf_f.o
      1054          0          0          0          0        216   _printf_fp_dec.o
       764          8         38          0          0        100   _printf_fp_hex.o
       128         16          0          0          0         84   _printf_fp_infnan.o
         6          0          0          0          0          0   _printf_g.o
       148          4         40          0          0        160   _printf_hex_int_ll_ptr.o
         6          0          0          0          0          0   _printf_i.o
       178          0          0          0          0         88   _printf_intcommon.o
        10          0          0          0          0          0   _printf_l.o
         6          0          0          0          0          0   _printf_lc.o
        10          0          0          0          0          0   _printf_ll.o
         6          0          0          0          0          0   _printf_lld.o
         6          0          0          0          0          0   _printf_lli.o
         6          0          0          0          0          0   _printf_llo.o
         6          0          0          0          0          0   _printf_llu.o
         6          0          0          0          0          0   _printf_llx.o
       124         16          0          0          0         92   _printf_longlong_dec.o
         6          0          0          0          0          0   _printf_ls.o
         6          0          0          0          0          0   _printf_n.o
         6          0          0          0          0          0   _printf_o.o
       112         10          0          0          0        124   _printf_oct_int_ll.o
         6          0          0          0          0          0   _printf_p.o
        78          0          0          0          0        108   _printf_pad.o
         0          0          0          0          0          0   _printf_percent.o
         4          0          0          0          0          0   _printf_percent_end.o
         6          0          0          0          0          0   _printf_s.o
        82          0          0          0          0         80   _printf_str.o
        36          0          0          0          0         84   _printf_truncate.o
         6          0          0          0          0          0   _printf_u.o
        44          0          0          0          0        108   _printf_wchar.o
       188          6          8          0          0         92   _printf_wctomb.o
         6          0          0          0          0          0   _printf_x.o
       884          6          0          0          0        100   _scanf.o
       332          0          0          0          0         96   _scanf_int.o
       342          0          0          0          0        100   _scanf_longlong.o
       224          0          0          0          0         96   _scanf_str.o
        64          0          0          0          0         84   _sgetc.o
        10          0          0          0          0         68   _sputc.o
        64          0          0          0          0         92   _wcrtomb.o
       228          4        148          0          0         96   bigflt0.o
      1936        128          0          0          0        672   btod.o
        18          0          0          0          0         80   exit.o
         8          0          0          0          0         68   ferror.o
         6          0          0          0          0        152   heapauxi.o
        18          0          0          0          0         76   isspace.o
        44         10        272          0          0         76   lc_ctype_c.o
        44         10         28          0          0         76   lc_numeric_c.o
         2          0          0          0          0          0   libinit.o
        30          0          0          0          0          0   libinit2.o
         2          0          0          0          0          0   libshutdown.o
         2          0          0          0          0          0   libshutdown2.o
         8          4          0          0         96         68   libspace.o
       138          0          0          0          0         80   lludiv10.o
       238          0          0          0          0        100   lludivv7m.o
        16          4          0          0          0         76   rt_ctype_table.o
         8          4          0          0          0         68   rt_locale_intlibspace.o
        68          0          0          0          0         68   rt_memclr.o
        78          0          0          0          0         80   rt_memclr_w.o
       138          0          0          0          0         68   rt_memcpy_v6.o
       100          0          0          0          0         80   rt_memcpy_w.o
         2          0          0          0          0          0   rtexit.o
        10          0          0          0          0          0   rtexit2.o
        44          8          0          0          0         84   scanf_char.o
        24          0          0          0          0         68   strcat.o
       128          0          0          0          0         68   strcmpv7m.o
        72          0          0          0          0         80   strcpy.o
        32          0          0          0          0         80   strcspn.o
        62          0          0          0          0         76   strlen.o
        28          0          0          0          0         80   strspn.o
        36          0          0          0          0         80   strstr.o
        12          6          0          4          0         68   strtok.o
        68          4          0          0          0         84   strtok_int.o
        74          0          0          0          0         80   sys_stackheap_outer.o
         2          0          0          0          0         68   use_no_semi.o
         2          0          0          0          0         68   use_no_semi_2.o
        36          4          0          0          0         76   vsprintf.o
       804         16          0          0          0        272   daddsub_clz.o
        16          4          0          0          0         68   dcheck1.o
       688        140          0          0          0        208   ddiv.o
       194          4          0          0          0        116   dfixll.o
        90          4          0          0          0         92   dfixu.o
        84          0          0          0          0        136   dflt_clz.o
       340         12          0          0          0        104   dmul.o
       156          4          0          0          0         92   dnaninf.o
        12          0          0          0          0         68   dretinf.o
         4          0          0          0          0         68   printf1.o
         4          0          0          0          0         68   printf2.o
       100          0          0          0          0         68   retnan.o
        92          0          0          0          0         68   scalbn.o
        48          0          0          0          0         68   trapv.o
         0          0          0          0          0          0   usenofp.o
        40          0          0          0          0         68   fpclassify.o

    ----------------------------------------------------------------------
     12502        492        556          4         96       7572   Library Totals
        22          0          5          0          0          0   (incl. Padding)

    ----------------------------------------------------------------------

      Code (inc. data)   RO Data    RW Data    ZI Data      Debug   Library Name

      9808        308        551          4         96       6008   c_w.l
      2632        184          0          0          0       1496   fz_ws.l
        40          0          0          0          0         68   m_ws.l

    ----------------------------------------------------------------------
     12502        492        556          4         96       7572   Library Totals

    ----------------------------------------------------------------------

==============================================================================


      Code (inc. data)   RO Data    RW Data    ZI Data      Debug   

     48878       3428       3466       1016      19312     543123   Grand Totals
     48878       3428       3466        348      19312     543123   ELF Image Totals (compressed)
     48878       3428       3466        348          0          0   ROM Totals

==============================================================================

    Total RO  Size (Code + RO Data)                52344 (  51.12kB)
    Total RW  Size (RW Data + ZI Data)             20328 (  19.85kB)
    Total ROM Size (Code + RO Data + RW Data)      52692 (  51.46kB)

==============================================================================

